Component: ARM Compiler 6.15 Tool: armlink [5dd79300]

==============================================================================

Section Cross References

    startup_stm32h750xx.o(STACK) refers (Special) to heapauxi.o(.text) for __use_two_region_memory
    startup_stm32h750xx.o(HEAP) refers (Special) to heapauxi.o(.text) for __use_two_region_memory
    startup_stm32h750xx.o(RESET) refers (Special) to heapauxi.o(.text) for __use_two_region_memory
    startup_stm32h750xx.o(RESET) refers to startup_stm32h750xx.o(STACK) for __initial_sp
    startup_stm32h750xx.o(RESET) refers to startup_stm32h750xx.o(.text) for Reset_Handler
    startup_stm32h750xx.o(RESET) refers to stm32h7xx_it.o(.text.NMI_Handler) for NMI_Handler
    startup_stm32h750xx.o(RESET) refers to stm32h7xx_it.o(.text.HardFault_Handler) for HardFault_Handler
    startup_stm32h750xx.o(RESET) refers to stm32h7xx_it.o(.text.MemManage_Handler) for MemManage_Handler
    startup_stm32h750xx.o(RESET) refers to stm32h7xx_it.o(.text.BusFault_Handler) for BusFault_Handler
    startup_stm32h750xx.o(RESET) refers to stm32h7xx_it.o(.text.UsageFault_Handler) for UsageFault_Handler
    startup_stm32h750xx.o(RESET) refers to port.o(.text.SVC_Handler) for SVC_Handler
    startup_stm32h750xx.o(RESET) refers to stm32h7xx_it.o(.text.DebugMon_Handler) for DebugMon_Handler
    startup_stm32h750xx.o(RESET) refers to port.o(.text.PendSV_Handler) for PendSV_Handler
    startup_stm32h750xx.o(RESET) refers to port.o(.text.SysTick_Handler) for SysTick_Handler
    startup_stm32h750xx.o(RESET) refers to stm32h7xx_it.o(.text.USART1_IRQHandler) for USART1_IRQHandler
    startup_stm32h750xx.o(RESET) refers to stm32h7xx_it.o(.text.UART4_IRQHandler) for UART4_IRQHandler
    startup_stm32h750xx.o(RESET) refers to stm32h7xx_it.o(.text.TIM7_IRQHandler) for TIM7_IRQHandler
    startup_stm32h750xx.o(RESET) refers to stm32h7xx_it.o(.text.TIM17_IRQHandler) for TIM17_IRQHandler
    startup_stm32h750xx.o(.text) refers (Special) to heapauxi.o(.text) for __use_two_region_memory
    startup_stm32h750xx.o(.text) refers to system_stm32h7xx.o(.text.SystemInit) for SystemInit
    startup_stm32h750xx.o(.text) refers to __main.o(!!!main) for __main
    startup_stm32h750xx.o(.text) refers to startup_stm32h750xx.o(HEAP) for Heap_Mem
    startup_stm32h750xx.o(.text) refers to startup_stm32h750xx.o(STACK) for Stack_Mem
    main.o(.text.main) refers to main.o(.text.MPU_Config) for MPU_Config
    main.o(.text.main) refers to stm32h7xx_hal.o(.text.HAL_Init) for HAL_Init
    main.o(.text.main) refers to main.o(.text.SystemClock_Config) for SystemClock_Config
    main.o(.text.main) refers to gpio.o(.text.MX_GPIO_Init) for MX_GPIO_Init
    main.o(.text.main) refers to usart.o(.text.MX_USART1_UART_Init) for MX_USART1_UART_Init
    main.o(.text.main) refers to tim.o(.text.MX_TIM1_Init) for MX_TIM1_Init
    main.o(.text.main) refers to tim.o(.text.MX_TIM2_Init) for MX_TIM2_Init
    main.o(.text.main) refers to tim.o(.text.MX_TIM3_Init) for MX_TIM3_Init
    main.o(.text.main) refers to tim.o(.text.MX_TIM4_Init) for MX_TIM4_Init
    main.o(.text.main) refers to tim.o(.text.MX_TIM5_Init) for MX_TIM5_Init
    main.o(.text.main) refers to tim.o(.text.MX_TIM8_Init) for MX_TIM8_Init
    main.o(.text.main) refers to i2c.o(.text.MX_I2C1_Init) for MX_I2C1_Init
    main.o(.text.main) refers to tim.o(.text.MX_TIM17_Init) for MX_TIM17_Init
    main.o(.text.main) refers to usart.o(.text.MX_UART4_Init) for MX_UART4_Init
    main.o(.text.main) refers to freertos.o(.text.MX_FREERTOS_Init) for MX_FREERTOS_Init
    main.o(.text.main) refers to cmsis_os.o(.text.osKernelStart) for osKernelStart
    main.o(.ARM.exidx.text.main) refers to main.o(.text.main) for [Anonymous Symbol]
    main.o(.text.MPU_Config) refers to stm32h7xx_hal_cortex.o(.text.HAL_MPU_Disable) for HAL_MPU_Disable
    main.o(.text.MPU_Config) refers to stm32h7xx_hal_cortex.o(.text.HAL_MPU_ConfigRegion) for HAL_MPU_ConfigRegion
    main.o(.text.MPU_Config) refers to stm32h7xx_hal_cortex.o(.text.HAL_MPU_Enable) for HAL_MPU_Enable
    main.o(.ARM.exidx.text.MPU_Config) refers to main.o(.text.MPU_Config) for [Anonymous Symbol]
    main.o(.text.SystemClock_Config) refers to rt_memclr_w.o(.text) for __aeabi_memclr4
    main.o(.text.SystemClock_Config) refers to stm32h7xx_hal_pwr_ex.o(.text.HAL_PWREx_ConfigSupply) for HAL_PWREx_ConfigSupply
    main.o(.text.SystemClock_Config) refers to stm32h7xx_hal_rcc.o(.text.HAL_RCC_OscConfig) for HAL_RCC_OscConfig
    main.o(.text.SystemClock_Config) refers to main.o(.text.Error_Handler) for Error_Handler
    main.o(.text.SystemClock_Config) refers to stm32h7xx_hal_rcc.o(.text.HAL_RCC_ClockConfig) for HAL_RCC_ClockConfig
    main.o(.ARM.exidx.text.SystemClock_Config) refers to main.o(.text.SystemClock_Config) for [Anonymous Symbol]
    main.o(.ARM.exidx.text.Error_Handler) refers to main.o(.text.Error_Handler) for [Anonymous Symbol]
[...]
    __rt_exit_ls                             0x0800032d   Thumb Code     0  rtexit2.o(.ARM.Collect$$rtexit$$00000003)
    __rt_exit_prels_1                        0x0800032d   Thumb Code     0  rtexit2.o(.ARM.Collect$$rtexit$$00000002)
    __rt_exit_exit                           0x08000331   Thumb Code     0  rtexit2.o(.ARM.Collect$$rtexit$$00000004)
    Reset_Handler                            0x08000339   Thumb Code     8  startup_stm32h750xx.o(.text)
    ADC3_IRQHandler                          0x08000353   Thumb Code     0  startup_stm32h750xx.o(.text)
    ADC_IRQHandler                           0x08000353   Thumb Code     0  startup_stm32h750xx.o(.text)
    BDMA_Channel0_IRQHandler                 0x08000353   Thumb Code     0  startup_stm32h750xx.o(.text)
    BDMA_Channel1_IRQHandler                 0x08000353   Thumb Code     0  startup_stm32h750xx.o(.text)
    BDMA_Channel2_IRQHandler                 0x08000353   Thumb Code     0  startup_stm32h750xx.o(.text)
    BDMA_Channel3_IRQHandler                 0x08000353   Thumb Code     0  startup_stm32h750xx.o(.text)
    BDMA_Channel4_IRQHandler                 0x08000353   Thumb Code     0  startup_stm32h750xx.o(.text)
    BDMA_Channel5_IRQHandler                 0x08000353   Thumb Code     0  startup_stm32h750xx.o(.text)
    BDMA_Channel6_IRQHandler                 0x08000353   Thumb Code     0  startup_stm32h750xx.o(.text)
    BDMA_Channel7_IRQHandler                 0x08000353   Thumb Code     0  startup_stm32h750xx.o(.text)
    CEC_IRQHandler                           0x08000353   Thumb Code     0  startup_stm32h750xx.o(.text)
    COMP1_IRQHandler                         0x08000353   Thumb Code     0  startup_stm32h750xx.o(.text)
    CRS_IRQHandler                           0x08000353   Thumb Code     0  startup_stm32h750xx.o(.text)
    CRYP_IRQHandler                          0x08000353   Thumb Code     0  startup_stm32h750xx.o(.text)
    DCMI_IRQHandler                          0x08000353   Thumb Code     0  startup_stm32h750xx.o(.text)
    DFSDM1_FLT0_IRQHandler                   0x08000353   Thumb Code     0  startup_stm32h750xx.o(.text)
    DFSDM1_FLT1_IRQHandler                   0x08000353   Thumb Code     0  startup_stm32h750xx.o(.text)
    DFSDM1_FLT2_IRQHandler                   0x08000353   Thumb Code     0  startup_stm32h750xx.o(.text)
    DFSDM1_FLT3_IRQHandler                   0x08000353   Thumb Code     0  startup_stm32h750xx.o(.text)
    DMA1_Stream0_IRQHandler                  0x08000353   Thumb Code     0  startup_stm32h750xx.o(.text)
    DMA1_Stream1_IRQHandler                  0x08000353   Thumb Code     0  startup_stm32h750xx.o(.text)
    DMA1_Stream2_IRQHandler                  0x08000353   Thumb Code     0  startup_stm32h750xx.o(.text)
    DMA1_Stream3_IRQHandler                  0x08000353   Thumb Code     0  startup_stm32h750xx.o(.text)
    DMA1_Stream4_IRQHandler                  0x08000353   Thumb Code     0  startup_stm32h750xx.o(.text)
    DMA1_Stream5_IRQHandler                  0x08000353   Thumb Code     0  startup_stm32h750xx.o(.text)
    DMA1_Stream6_IRQHandler                  0x08000353   Thumb Code     0  startup_stm32h750xx.o(.text)
    DMA1_Stream7_IRQHandler                  0x08000353   Thumb Code     0  startup_stm32h750xx.o(.text)
    DMA2D_IRQHandler                         0x08000353   Thumb Code     0  startup_stm32h750xx.o(.text)
    DMA2_Stream0_IRQHandler                  0x08000353   Thumb Code     0  startup_stm32h750xx.o(.text)
    DMA2_Stream1_IRQHandler                  0x08000353   Thumb Code     0  startup_stm32h750xx.o(.text)
    DMA2_Stream2_IRQHandler                  0x08000353   Thumb Code     0  startup_stm32h750xx.o(.text)
    DMA2_Stream3_IRQHandler                  0x08000353   Thumb Code     0  startup_stm32h750xx.o(.text)
    DMA2_Stream4_IRQHandler                  0x08000353   Thumb Code     0  startup_stm32h750xx.o(.text)
    DMA2_Stream5_IRQHandler                  0x08000353   Thumb Code     0  startup_stm32h750xx.o(.text)
    DMA2_Stream6_IRQHandler                  0x08000353   Thumb Code     0  startup_stm32h750xx.o(.text)
    DMA2_Stream7_IRQHandler                  0x08000353   Thumb Code     0  startup_stm32h750xx.o(.text)
    DMAMUX1_OVR_IRQHandler                   0x08000353   Thumb Code     0  startup_stm32h750xx.o(.text)
    DMAMUX2_OVR_IRQHandler                   0x08000353   Thumb Code     0  startup_stm32h750xx.o(.text)
    ECC_IRQHandler                           0x08000353   Thumb Code     0  startup_stm32h750xx.o(.text)
    ETH_IRQHandler                           0x08000353   Thumb Code     0  startup_stm32h750xx.o(.text)
    ETH_WKUP_IRQHandler                      0x08000353   Thumb Code     0  startup_stm32h750xx.o(.text)
    EXTI0_IRQHandler                         0x08000353   Thumb Code     0  startup_stm32h750xx.o(.text)
    EXTI15_10_IRQHandler                     0x08000353   Thumb Code     0  startup_stm32h750xx.o(.text)
    EXTI1_IRQHandler                         0x08000353   Thumb Code     0  startup_stm32h750xx.o(.text)
    EXTI2_IRQHandler                         0x08000353   Thumb Code     0  startup_stm32h750xx.o(.text)
    EXTI3_IRQHandler                         0x08000353   Thumb Code     0  startup_stm32h750xx.o(.text)
    EXTI4_IRQHandler                         0x08000353   Thumb Code     0  startup_stm32h750xx.o(.text)
    EXTI9_5_IRQHandler                       0x08000353   Thumb Code     0  startup_stm32h750xx.o(.text)
    FDCAN1_IT0_IRQHandler                    0x08000353   Thumb Code     0  startup_stm32h750xx.o(.text)
    FDCAN1_IT1_IRQHandler                    0x08000353   Thumb Code     0  startup_stm32h750xx.o(.text)
    FDCAN2_IT0_IRQHandler                    0x08000353   Thumb Code     0  startup_stm32h750xx.o(.text)
    FDCAN2_IT1_IRQHandler                    0x08000353   Thumb Code     0  startup_stm32h750xx.o(.text)
    FDCAN_CAL_IRQHandler                     0x08000353   Thumb Code     0  startup_stm32h750xx.o(.text)
    FLASH_IRQHandler                         0x08000353   Thumb Code     0  startup_stm32h750xx.o(.text)
    FMC_IRQHandler                           0x08000353   Thumb Code     0  startup_stm32h750xx.o(.text)
    FPU_IRQHandler                           0x08000353   Thumb Code     0  startup_stm32h750xx.o(.text)
    HASH_RNG_IRQHandler                      0x08000353   Thumb Code     0  startup_stm32h750xx.o(.text)
    HRTIM1_FLT_IRQHandler                    0x08000353   Thumb Code     0  startup_stm32h750xx.o(.text)
    HRTIM1_Master_IRQHandler                 0x08000353   Thumb Code     0  startup_stm32h750xx.o(.text)
    HRTIM1_TIMA_IRQHandler                   0x08000353   Thumb Code     0  startup_stm32h750xx.o(.text)
    HRTIM1_TIMB_IRQHandler                   0x08000353   Thumb Code     0  startup_stm32h750xx.o(.text)
    HRTIM1_TIMC_IRQHandler                   0x08000353   Thumb Code     0  startup_stm32h750xx.o(.text)
    HRTIM1_TIMD_IRQHandler                   0x08000353   Thumb Code     0  startup_stm32h750xx.o(.text)
    HRTIM1_TIME_IRQHandler                   0x08000353   Thumb Code     0  startup_stm32h750xx.o(.text)
    HSEM1_IRQHandler                         0x08000353   Thumb Code     0  startup_stm32h750xx.o(.text)
    I2C1_ER_IRQHandler                       0x08000353   Thumb Code     0  startup_stm32h750xx.o(.text)
    I2C1_EV_IRQHandler                       0x08000353   Thumb Code     0  startup_stm32h750xx.o(.text)
    I2C2_ER_IRQHandler                       0x08000353   Thumb Code     0  startup_stm32h750xx.o(.text)
    I2C2_EV_IRQHandler                       0x08000353   Thumb Code     0  startup_stm32h750xx.o(.text)
    I2C3_ER_IRQHandler                       0x08000353   Thumb Code     0  startup_stm32h750xx.o(.text)
    I2C3_EV_IRQHandler                       0x08000353   Thumb Code     0  startup_stm32h750xx.o(.text)
    I2C4_ER_IRQHandler                       0x08000353   Thumb Code     0  startup_stm32h750xx.o(.text)
    I2C4_EV_IRQHandler                       0x08000353   Thumb Code     0  startup_stm32h750xx.o(.text)
    JPEG_IRQHandler                          0x08000353   Thumb Code     0  startup_stm32h750xx.o(.text)
    LPTIM1_IRQHandler                        0x08000353   Thumb Code     0  startup_stm32h750xx.o(.text)
    LPTIM2_IRQHandler                        0x08000353   Thumb Code     0  startup_stm32h750xx.o(.text)
    LPTIM3_IRQHandler                        0x08000353   Thumb Code     0  startup_stm32h750xx.o(.text)
    LPTIM4_IRQHandler                        0x08000353   Thumb Code     0  startup_stm32h750xx.o(.text)
    LPTIM5_IRQHandler                        0x08000353   Thumb Code     0  startup_stm32h750xx.o(.text)
    LPUART1_IRQHandler                       0x08000353   Thumb Code     0  startup_stm32h750xx.o(.text)
    LTDC_ER_IRQHandler                       0x08000353   Thumb Code     0  startup_stm32h750xx.o(.text)
    LTDC_IRQHandler                          0x08000353   Thumb Code     0  startup_stm32h750xx.o(.text)
    MDIOS_IRQHandler                         0x08000353   Thumb Code     0  startup_stm32h750xx.o(.text)
    MDIOS_WKUP_IRQHandler                    0x08000353   Thumb Code     0  startup_stm32h750xx.o(.text)
    MDMA_IRQHandler                          0x08000353   Thumb Code     0  startup_stm32h750xx.o(.text)
    OTG_FS_EP1_IN_IRQHandler                 0x08000353   Thumb Code     0  startup_stm32h750xx.o(.text)
    OTG_FS_EP1_OUT_IRQHandler                0x08000353   Thumb Code     0  startup_stm32h750xx.o(.text)
    OTG_FS_IRQHandler                        0x08000353   Thumb Code     0  startup_stm32h750xx.o(.text)
    OTG_FS_WKUP_IRQHandler                   0x08000353   Thumb Code     0  startup_stm32h750xx.o(.text)
    OTG_HS_EP1_IN_IRQHandler                 0x08000353   Thumb Code     0  startup_stm32h750xx.o(.text)
    OTG_HS_EP1_OUT_IRQHandler                0x08000353   Thumb Code     0  startup_stm32h750xx.o(.text)
    OTG_HS_IRQHandler                        0x08000353   Thumb Code     0  startup_stm32h750xx.o(.text)
    OTG_HS_WKUP_IRQHandler                   0x08000353   Thumb Code     0  startup_stm32h750xx.o(.text)
    PVD_AVD_IRQHandler                       0x08000353   Thumb Code     0  startup_stm32h750xx.o(.text)
    QUADSPI_IRQHandler                       0x08000353   Thumb Code     0  startup_stm32h750xx.o(.text)
    RCC_IRQHandler                           0x08000353   Thumb Code     0  startup_stm32h750xx.o(.text)
    RTC_Alarm_IRQHandler                     0x08000353   Thumb Code     0  startup_stm32h750xx.o(.text)
    RTC_WKUP_IRQHandler                      0x08000353   Thumb Code     0  startup_stm32h750xx.o(.text)
    SAI1_IRQHandler                          0x08000353   Thumb Code     0  startup_stm32h750xx.o(.text)
    SAI2_IRQHandler                          0x08000353   Thumb Code     0  startup_stm32h750xx.o(.text)
    SAI3_IRQHandler                          0x08000353   Thumb Code     0  startup_stm32h750xx.o(.text)
    SAI4_IRQHandler                          0x08000353   Thumb Code     0  startup_stm32h750xx.o(.text)
    SDMMC1_IRQHandler                        0x08000353   Thumb Code     0  startup_stm32h750xx.o(.text)
    SDMMC2_IRQHandler                        0x08000353   Thumb Code     0  startup_stm32h750xx.o(.text)
    SPDIF_RX_IRQHandler                      0x08000353   Thumb Code     0  startup_stm32h750xx.o(.text)
    SPI1_IRQHandler                          0x08000353   Thumb Code     0  startup_stm32h750xx.o(.text)
    SPI2_IRQHandler                          0x08000353   Thumb Code     0  startup_stm32h750xx.o(.text)
    SPI3_IRQHandler                          0x08000353   Thumb Code     0  startup_stm32h750xx.o(.text)
    SPI4_IRQHandler                          0x08000353   Thumb Code     0  startup_stm32h750xx.o(.text)
    SPI5_IRQHandler                          0x08000353   Thumb Code     0  startup_stm32h750xx.o(.text)
    SPI6_IRQHandler                          0x08000353   Thumb Code     0  startup_stm32h750xx.o(.text)
    SWPMI1_IRQHandler                        0x08000353   Thumb Code     0  startup_stm32h750xx.o(.text)
    TAMP_STAMP_IRQHandler                    0x08000353   Thumb Code     0  startup_stm32h750xx.o(.text)
    TIM15_IRQHandler                         0x08000353   Thumb Code     0  startup_stm32h750xx.o(.text)
    TIM16_IRQHandler                         0x08000353   Thumb Code     0  startup_stm32h750xx.o(.text)
    TIM1_BRK_IRQHandler                      0x08000353   Thumb Code     0  startup_stm32h750xx.o(.text)
    TIM1_CC_IRQHandler                       0x08000353   Thumb Code     0  startup_stm32h750xx.o(.text)
    TIM1_TRG_COM_IRQHandler                  0x08000353   Thumb Code     0  startup_stm32h750xx.o(.text)
    TIM1_UP_IRQHandler                       0x08000353   Thumb Code     0  startup_stm32h750xx.o(.text)
    TIM2_IRQHandler                          0x08000353   Thumb Code     0  startup_stm32h750xx.o(.text)
    TIM3_IRQHandler                          0x08000353   Thumb Code     0  startup_stm32h750xx.o(.text)
    TIM4_IRQHandler                          0x08000353   Thumb Code     0  startup_stm32h750xx.o(.text)
    TIM5_IRQHandler                          0x08000353   Thumb Code     0  startup_stm32h750xx.o(.text)
    TIM6_DAC_IRQHandler                      0x08000353   Thumb Code     0  startup_stm32h750xx.o(.text)
    TIM8_BRK_TIM12_IRQHandler                0x08000353   Thumb Code     0  startup_stm32h750xx.o(.text)
    TIM8_CC_IRQHandler                       0x08000353   Thumb Code     0  startup_stm32h750xx.o(.text)
    TIM8_TRG_COM_TIM14_IRQHandler            0x08000353   Thumb Code     0  startup_stm32h750xx.o(.text)
    TIM8_UP_TIM13_IRQHandler                 0x08000353   Thumb Code     0  startup_stm32h750xx.o(.text)
    UART5_IRQHandler                         0x08000353   Thumb Code     0  startup_stm32h750xx.o(.text)
    UART7_IRQHandler                         0x08000353   Thumb Code     0  startup_stm32h750xx.o(.text)
    UART8_IRQHandler                         0x08000353   Thumb Code     0  startup_stm32h750xx.o(.text)
    USART2_IRQHandler                        0x08000353   Thumb Code     0  startup_stm32h750xx.o(.text)
    USART3_IRQHandler                        0x08000353   Thumb Code     0  startup_stm32h750xx.o(.text)
    USART6_IRQHandler                        0x08000353   Thumb Code     0  startup_stm32h750xx.o(.text)
    WAKEUP_PIN_IRQHandler                    0x08000353   Thumb Code     0  startup_stm32h750xx.o(.text)
    WWDG_IRQHandler                          0x08000353   Thumb Code     0  startup_stm32h750xx.o(.text)
    __user_initial_stackheap                 0x08000355   Thumb Code     0  startup_stm32h750xx.o(.text)
    __aeabi_uldivmod                         0x08000379   Thumb Code     0  lludivv7m.o(.text)
    _ll_udiv                                 0x08000379   Thumb Code   240  lludivv7m.o(.text)
    abs                                      0x08000469   Thumb Code     8  abs.o(.text)
    __aeabi_memcpy4                          0x08000471   Thumb Code     0  rt_memcpy_w.o(.text)
    __aeabi_memcpy8                          0x08000471   Thumb Code     0  rt_memcpy_w.o(.text)
    __rt_memcpy_w                            0x08000471   Thumb Code   100  rt_memcpy_w.o(.text)
    _memcpy_lastbytes_aligned                0x080004b9   Thumb Code     0  rt_memcpy_w.o(.text)
    __aeabi_memclr4                          0x080004d5   Thumb Code     0  rt_memclr_w.o(.text)
    __aeabi_memclr8                          0x080004d5   Thumb Code     0  rt_memclr_w.o(.text)
    __rt_memclr_w                            0x080004d5   Thumb Code    78  rt_memclr_w.o(.text)
    _memset_w                                0x080004d9   Thumb Code     0  rt_memclr_w.o(.text)
    __use_two_region_memory                  0x08000523   Thumb Code     2  heapauxi.o(.text)
    __rt_heap_escrow$2region                 0x08000525   Thumb Code     2  heapauxi.o(.text)
    __rt_heap_expand$2region                 0x08000527   Thumb Code     2  heapauxi.o(.text)
    __user_setup_stackheap                   0x08000529   Thumb Code    74  sys_stackheap_outer.o(.text)
    exit                                     0x08000573   Thumb Code    18  exit.o(.text)
    __user_libspace                          0x08000585   Thumb Code     8  libspace.o(.text)
    __user_perproc_libspace                  0x08000585   Thumb Code     0  libspace.o(.text)
    __user_perthread_libspace                0x08000585   Thumb Code     0  libspace.o(.text)
    _sys_exit                                0x0800058d   Thumb Code     8  sys_exit.o(.text)
    __I$use$semihosting                      0x08000599   Thumb Code     0  use_no_semi.o(.text)
    __use_no_semihosting_swi                 0x08000599   Thumb Code     2  use_no_semi.o(.text)
    __semihosting_library_function           0x0800059b   Thumb Code     0  indicate_semi.o(.text)
    BusFault_Handler                         0x080005a1   Thumb Code     4  stm32h7xx_it.o(.text.BusFault_Handler)
    Calculate                                0x080005a9   Thumb Code   604  macnuam.o(.text.Calculate)
    DebugMon_Handler                         0x08000809   Thumb Code     2  stm32h7xx_it.o(.text.DebugMon_Handler)
    Error_Handler                            0x08000811   Thumb Code    14  main.o(.text.Error_Handler)
    HAL_DMA_Abort                            0x08000821   Thumb Code  2446  stm32h7xx_hal_dma.o(.text.HAL_DMA_Abort)
    HAL_DMA_Abort_IT                         0x080011b1   Thumb Code  1724  stm32h7xx_hal_dma.o(.text.HAL_DMA_Abort_IT)
    HAL_Delay                                0x08001871   Thumb Code    68  stm32h7xx_hal.o(.text.HAL_Delay)
    HAL_GPIO_Init                            0x080018b9   Thumb Code   976  stm32h7xx_hal_gpio.o(.text.HAL_GPIO_Init)
    HAL_GPIO_ReadPin                         0x08001c89   Thumb Code    48  stm32h7xx_hal_gpio.o(.text.HAL_GPIO_ReadPin)
    HAL_GPIO_WritePin                        0x08001cb9   Thumb Code    52  stm32h7xx_hal_gpio.o(.text.HAL_GPIO_WritePin)
    HAL_GetREVID                             0x08001cf1   Thumb Code    14  stm32h7xx_hal.o(.text.HAL_GetREVID)
    HAL_GetTick                              0x08001d01   Thumb Code    12  stm32h7xx_hal.o(.text.HAL_GetTick)
    HAL_I2CEx_ConfigAnalogFilter             0x08001d11   Thumb Code   152  stm32h7xx_hal_i2c_ex.o(.text.HAL_I2CEx_ConfigAnalogFilter)
    HAL_I2CEx_ConfigDigitalFilter            0x08001da9   Thumb Code   162  stm32h7xx_hal_i2c_ex.o(.text.HAL_I2CEx_ConfigDigitalFilter)
    HAL_I2C_Init                             0x08001e51   Thumb Code   280  stm32h7xx_hal_i2c.o(.text.HAL_I2C_Init)
    HAL_I2C_Mem_Write                        0x08001f69   Thumb Code   660  stm32h7xx_hal_i2c.o(.text.HAL_I2C_Mem_Write)
    HAL_I2C_MspInit                          0x08002201   Thumb Code   170  i2c.o(.text.HAL_I2C_MspInit)
    HAL_IncTick                              0x080022b1   Thumb Code    26  stm32h7xx_hal.o(.text.HAL_IncTick)
    HAL_Init                                 0x080022d1   Thumb Code   124  stm32h7xx_hal.o(.text.HAL_Init)
    HAL_InitTick                             0x08002351   Thumb Code   228  stm32h7xx_hal_timebase_tim.o(.text.HAL_InitTick)
    HAL_MPU_ConfigRegion                     0x08002439   Thumb Code   112  stm32h7xx_hal_cortex.o(.text.HAL_MPU_ConfigRegion)
    HAL_MPU_Disable                          0x080024a9   Thumb Code    34  stm32h7xx_hal_cortex.o(.text.HAL_MPU_Disable)
    HAL_MPU_Enable                           0x080024d1   Thumb Code    48  stm32h7xx_hal_cortex.o(.text.HAL_MPU_Enable)
    HAL_MspInit                              0x08002501   Thumb Code    50  stm32h7xx_hal_msp.o(.text.HAL_MspInit)
    HAL_NVIC_EnableIRQ                       0x08002539   Thumb Code    24  stm32h7xx_hal_cortex.o(.text.HAL_NVIC_EnableIRQ)
    HAL_NVIC_SetPriority                     0x08002551   Thumb Code    60  stm32h7xx_hal_cortex.o(.text.HAL_NVIC_SetPriority)
    HAL_NVIC_SetPriorityGrouping             0x08002591   Thumb Code    16  stm32h7xx_hal_cortex.o(.text.HAL_NVIC_SetPriorityGrouping)
    HAL_PWREx_ConfigSupply                   0x080025a1   Thumb Code   162  stm32h7xx_hal_pwr_ex.o(.text.HAL_PWREx_ConfigSupply)
    HAL_RCCEx_GetD3PCLK1Freq                 0x08002649   Thumb Code    38  stm32h7xx_hal_rcc_ex.o(.text.HAL_RCCEx_GetD3PCLK1Freq)
    HAL_RCCEx_GetPLL2ClockFreq               0x08002671   Thumb Code   688  stm32h7xx_hal_rcc_ex.o(.text.HAL_RCCEx_GetPLL2ClockFreq)
    HAL_RCCEx_GetPLL3ClockFreq               0x08002921   Thumb Code   688  stm32h7xx_hal_rcc_ex.o(.text.HAL_RCCEx_GetPLL3ClockFreq)
    HAL_RCCEx_PeriphCLKConfig                0x08002bd1   Thumb Code  4358  stm32h7xx_hal_rcc_ex.o(.text.HAL_RCCEx_PeriphCLKConfig)
    HAL_RCC_ClockConfig                      0x08003cd9   Thumb Code  1178  stm32h7xx_hal_rcc.o(.text.HAL_RCC_ClockConfig)
    HAL_RCC_GetClockConfig                   0x08004179   Thumb Code   136  stm32h7xx_hal_rcc.o(.text.HAL_RCC_GetClockConfig)
    HAL_RCC_GetHCLKFreq                      0x08004201   Thumb Code    84  stm32h7xx_hal_rcc.o(.text.HAL_RCC_GetHCLKFreq)
    HAL_RCC_GetPCLK1Freq                     0x08004259   Thumb Code    38  stm32h7xx_hal_rcc.o(.text.HAL_RCC_GetPCLK1Freq)
    HAL_RCC_GetPCLK2Freq                     0x08004281   Thumb Code    38  stm32h7xx_hal_rcc.o(.text.HAL_RCC_GetPCLK2Freq)
    HAL_RCC_GetSysClockFreq                  0x080042a9   Thumb Code   788  stm32h7xx_hal_rcc.o(.text.HAL_RCC_GetSysClockFreq)
    HAL_RCC_OscConfig                        0x080045c1   Thumb Code  2922  stm32h7xx_hal_rcc.o(.text.HAL_RCC_OscConfig)
    HAL_TIMEx_Break2Callback                 0x08005131   Thumb Code     8  stm32h7xx_hal_tim_ex.o(.text.HAL_TIMEx_Break2Callback)
    HAL_TIMEx_BreakCallback                  0x08005139   Thumb Code     8  stm32h7xx_hal_tim_ex.o(.text.HAL_TIMEx_BreakCallback)
    HAL_TIMEx_CommutCallback                 0x08005141   Thumb Code     8  stm32h7xx_hal_tim_ex.o(.text.HAL_TIMEx_CommutCallback)
    HAL_TIMEx_ConfigBreakDeadTime            0x08005149   Thumb Code   274  stm32h7xx_hal_tim_ex.o(.text.HAL_TIMEx_ConfigBreakDeadTime)
    HAL_TIMEx_MasterConfigSynchronization    0x08005261   Thumb Code   344  stm32h7xx_hal_tim_ex.o(.text.HAL_TIMEx_MasterConfigSynchronization)
    HAL_TIM_Base_Init                        0x080053b9   Thumb Code   178  stm32h7xx_hal_tim.o(.text.HAL_TIM_Base_Init)
    HAL_TIM_Base_MspInit                     0x08005471   Thumb Code   160  tim.o(.text.HAL_TIM_Base_MspInit)
    HAL_TIM_Base_Start_IT                    0x08005511   Thumb Code   260  stm32h7xx_hal_tim.o(.text.HAL_TIM_Base_Start_IT)
    HAL_TIM_Encoder_Init                     0x08005619   Thumb Code   318  stm32h7xx_hal_tim.o(.text.HAL_TIM_Encoder_Init)
    HAL_TIM_Encoder_MspInit                  0x08005759   Thumb Code   538  tim.o(.text.HAL_TIM_Encoder_MspInit)
    HAL_TIM_Encoder_Start                    0x08005979   Thumb Code   338  stm32h7xx_hal_tim.o(.text.HAL_TIM_Encoder_Start)
    HAL_TIM_IC_CaptureCallback               0x08005ad1   Thumb Code   106  freertos.o(.text.HAL_TIM_IC_CaptureCallback)
    HAL_TIM_IC_ConfigChannel                 0x08005b41   Thumb Code   338  stm32h7xx_hal_tim.o(.text.HAL_TIM_IC_ConfigChannel)
    HAL_TIM_IC_Init                          0x08005c99   Thumb Code   178  stm32h7xx_hal_tim.o(.text.HAL_TIM_IC_Init)
    HAL_TIM_IC_MspInit                       0x08005d51   Thumb Code     8  stm32h7xx_hal_tim.o(.text.HAL_TIM_IC_MspInit)
    HAL_TIM_IC_Start_IT                      0x08005d59   Thumb Code   800  stm32h7xx_hal_tim.o(.text.HAL_TIM_IC_Start_IT)
    HAL_TIM_IRQHandler                       0x08006079   Thumb Code   602  stm32h7xx_hal_tim.o(.text.HAL_TIM_IRQHandler)
    HAL_TIM_MspPostInit                      0x080062d9   Thumb Code   188  tim.o(.text.HAL_TIM_MspPostInit)
    HAL_TIM_OC_DelayElapsedCallback          0x08006399   Thumb Code     8  stm32h7xx_hal_tim.o(.text.HAL_TIM_OC_DelayElapsedCallback)
    HAL_TIM_PWM_ConfigChannel                0x080063a1   Thumb Code   432  stm32h7xx_hal_tim.o(.text.HAL_TIM_PWM_ConfigChannel)
    HAL_TIM_PWM_Init                         0x08006551   Thumb Code   178  stm32h7xx_hal_tim.o(.text.HAL_TIM_PWM_Init)
    HAL_TIM_PWM_MspInit                      0x08006609   Thumb Code   108  tim.o(.text.HAL_TIM_PWM_MspInit)
    HAL_TIM_PWM_PulseFinishedCallback        0x08006679   Thumb Code     8  stm32h7xx_hal_tim.o(.text.HAL_TIM_PWM_PulseFinishedCallback)
    HAL_TIM_PWM_Start                        0x08006681   Thumb Code   644  stm32h7xx_hal_tim.o(.text.HAL_TIM_PWM_Start)
    HAL_TIM_PeriodElapsedCallback            0x08006909   Thumb Code    34  main.o(.text.HAL_TIM_PeriodElapsedCallback)
    HAL_TIM_ReadCapturedValue                0x08006931   Thumb Code    86  stm32h7xx_hal_tim.o(.text.HAL_TIM_ReadCapturedValue)
    HAL_TIM_TriggerCallback                  0x08006989   Thumb Code     8  stm32h7xx_hal_tim.o(.text.HAL_TIM_TriggerCallback)
    HAL_UARTEx_DisableFifoMode               0x08006991   Thumb Code   124  stm32h7xx_hal_uart_ex.o(.text.HAL_UARTEx_DisableFifoMode)
    HAL_UARTEx_RxEventCallback               0x08006a11   Thumb Code    14  stm32h7xx_hal_uart.o(.text.HAL_UARTEx_RxEventCallback)
    HAL_UARTEx_RxFifoFullCallback            0x08006a21   Thumb Code     8  stm32h7xx_hal_uart_ex.o(.text.HAL_UARTEx_RxFifoFullCallback)
    HAL_UARTEx_SetRxFifoThreshold            0x08006a29   Thumb Code   140  stm32h7xx_hal_uart_ex.o(.text.HAL_UARTEx_SetRxFifoThreshold)
    HAL_UARTEx_SetTxFifoThreshold            0x08006ab9   Thumb Code   140  stm32h7xx_hal_uart_ex.o(.text.HAL_UARTEx_SetTxFifoThreshold)
    HAL_UARTEx_TxFifoEmptyCallback           0x08006b49   Thumb Code     8  stm32h7xx_hal_uart_ex.o(.text.HAL_UARTEx_TxFifoEmptyCallback)
    HAL_UARTEx_WakeupCallback                0x08006b51   Thumb Code     8  stm32h7xx_hal_uart_ex.o(.text.HAL_UARTEx_WakeupCallback)
    HAL_UART_ErrorCallback                   0x08006b59   Thumb Code     8  stm32h7xx_hal_uart.o(.text.HAL_UART_ErrorCallback)
    HAL_UART_IRQHandler                      0x08006b61   Thumb Code  1758  stm32h7xx_hal_uart.o(.text.HAL_UART_IRQHandler)
    HAL_UART_Init                            0x08007241   Thumb Code   178  stm32h7xx_hal_uart.o(.text.HAL_UART_Init)
    HAL_UART_MspInit                         0x080072f9   Thumb Code   362  usart.o(.text.HAL_UART_MspInit)
    HAL_UART_Receive_IT                      0x08007469   Thumb Code   166  stm32h7xx_hal_uart.o(.text.HAL_UART_Receive_IT)
    HAL_UART_RxCpltCallback                  0x08007511   Thumb Code    32  freertos.o(.text.HAL_UART_RxCpltCallback)
    HAL_UART_TxCpltCallback                  0x08007531   Thumb Code     8  stm32h7xx_hal_uart.o(.text.HAL_UART_TxCpltCallback)
    HardFault_Handler                        0x08007539   Thumb Code     4  stm32h7xx_it.o(.text.HardFault_Handler)
    MX_FREERTOS_Init                         0x08007b51   Thumb Code   196  freertos.o(.text.MX_FREERTOS_Init)
    MX_GPIO_Init                             0x08007c19   Thumb Code   296  gpio.o(.text.MX_GPIO_Init)
    MX_I2C1_Init                             0x08007d41   Thumb Code   118  i2c.o(.text.MX_I2C1_Init)
    MX_TIM17_Init                            0x08007db9   Thumb Code   144  tim.o(.text.MX_TIM17_Init)
    MX_TIM1_Init                             0x08007e49   Thumb Code   336  tim.o(.text.MX_TIM1_Init)
    MX_TIM2_Init                             0x08007f99   Thumb Code   128  tim.o(.text.MX_TIM2_Init)
    MX_TIM3_Init                             0x08008019   Thumb Code   132  tim.o(.text.MX_TIM3_Init)
    MX_TIM4_Init                             0x080080a1   Thumb Code   132  tim.o(.text.MX_TIM4_Init)
    MX_TIM5_Init                             0x08008129   Thumb Code   132  tim.o(.text.MX_TIM5_Init)
    MX_TIM8_Init                             0x080081b1   Thumb Code   282  tim.o(.text.MX_TIM8_Init)
    MX_UART4_Init                            0x080082d1   Thumb Code   142  usart.o(.text.MX_UART4_Init)
    MX_USART1_UART_Init                      0x08008361   Thumb Code   142  usart.o(.text.MX_USART1_UART_Init)
    Macnuam                                  0x080083f1   Thumb Code    70  macnuam.o(.text.Macnuam)
    MainFunc                                 0x08008439   Thumb Code   532  freertos.o(.text.MainFunc)
    MemManage_Handler                        0x08008651   Thumb Code     4  stm32h7xx_it.o(.text.MemManage_Handler)
    MotorFunc                                0x08008659   Thumb Code  1960  freertos.o(.text.MotorFunc)
    NMI_Handler                              0x08008e01   Thumb Code     4  stm32h7xx_it.o(.text.NMI_Handler)
    OLED_Clear                               0x08008e79   Thumb Code   104  oled.o(.text.OLED_Clear)
    OLED_Init                                0x08008ee1   Thumb Code    14  oled.o(.text.OLED_Init)
    OLED_Set_Pos                             0x08008ef1   Thumb Code    60  oled.o(.text.OLED_Set_Pos)
    OLED_ShowCHinese                         0x08008f31   Thumb Code   216  oled.o(.text.OLED_ShowCHinese)
    OLED_ShowChar                            0x08009009   Thumb Code   314  oled.o(.text.OLED_ShowChar)
    OLED_ShowNum                             0x08009149   Thumb Code   264  oled.o(.text.OLED_ShowNum)
    OLED_WR_CMD                              0x08009251   Thumb Code    60  oled.o(.text.OLED_WR_CMD)
    OLED_WR_DATA                             0x08009291   Thumb Code    60  oled.o(.text.OLED_WR_DATA)
    PendSV_Handler                           0x080092d1   Thumb Code   100  port.o(.text.PendSV_Handler)
    SVC_Handler                              0x080096d1   Thumb Code    36  port.o(.text.SVC_Handler)
    StartDefaultTask                         0x080096f9   Thumb Code   360  freertos.o(.text.StartDefaultTask)
    SysTick_Handler                          0x08009861   Thumb Code    62  port.o(.text.SysTick_Handler)
    SystemClock_Config                       0x080098a1   Thumb Code   346  main.o(.text.SystemClock_Config)
    SystemInit                               0x08009a01   Thumb Code   346  system_stm32h7xx.o(.text.SystemInit)
    TIM17_IRQHandler                         0x08009b61   Thumb Code    16  stm32h7xx_it.o(.text.TIM17_IRQHandler)
    TIM7_IRQHandler                          0x08009b71   Thumb Code    16  stm32h7xx_it.o(.text.TIM7_IRQHandler)
    TIM_Base_SetConfig                       0x08009b81   Thumb Code   434  stm32h7xx_hal_tim.o(.text.TIM_Base_SetConfig)
    TIM_CCxChannelCmd                        0x08009d39   Thumb Code    56  stm32h7xx_hal_tim.o(.text.TIM_CCxChannelCmd)
    TIM_OC2_SetConfig                        0x08009ec1   Thumb Code   370  stm32h7xx_hal_tim.o(.text.TIM_OC2_SetConfig)
    TIM_TI1_SetConfig                        0x0800a431   Thumb Code   280  stm32h7xx_hal_tim.o(.text.TIM_TI1_SetConfig)
    UART4_IRQHandler                         0x0800a699   Thumb Code    16  stm32h7xx_it.o(.text.UART4_IRQHandler)
    UART_AdvFeatureConfig                    0x0800a731   Thumb Code   330  stm32h7xx_hal_uart.o(.text.UART_AdvFeatureConfig)
    UART_CheckIdleState                      0x0800a881   Thumb Code   330  stm32h7xx_hal_uart.o(.text.UART_CheckIdleState)
    UART_SetConfig                           0x0800b419   Thumb Code  2360  stm32h7xx_hal_uart.o(.text.UART_SetConfig)
    UART_Start_Receive_IT                    0x0800bd51   Thumb Code   564  stm32h7xx_hal_uart.o(.text.UART_Start_Receive_IT)
    UART_WaitOnFlagUntilTimeout              0x0800bf89   Thumb Code   272  stm32h7xx_hal_uart.o(.text.UART_WaitOnFlagUntilTimeout)
    USART1_IRQHandler                        0x0800c099   Thumb Code    16  stm32h7xx_it.o(.text.USART1_IRQHandler)
    UsageFault_Handler                       0x0800c0a9   Thumb Code     4  stm32h7xx_it.o(.text.UsageFault_Handler)
    WriteCmd                                 0x0800c0b1   Thumb Code    90  oled.o(.text.WriteCmd)
    main                                     0x0800c1f9   Thumb Code    78  main.o(.text.main)
    oled_pow                                 0x0800c279   Thumb Code    54  oled.o(.text.oled_pow)
    osDelay                                  0x0800c2b1   Thumb Code    42  cmsis_os.o(.text.osDelay)
    osKernelStart                            0x0800c2e1   Thumb Code    10  cmsis_os.o(.text.osKernelStart)
    osSignalSet                              0x0800c2f1   Thumb Code   130  cmsis_os.o(.text.osSignalSet)
    osSignalWait                             0x0800c379   Thumb Code   164  cmsis_os.o(.text.osSignalWait)
    osThreadCreate                           0x0800c421   Thumb Code   164  cmsis_os.o(.text.osThreadCreate)
    pvPortMalloc                             0x0800cbd1   Thumb Code   506  heap_4.o(.text.pvPortMalloc)
    pxPortInitialiseStack                    0x0800cdd1   Thumb Code    94  port.o(.text.pxPortInitialiseStack)
    uxListRemove                             0x0800ce31   Thumb Code    72  list.o(.text.uxListRemove)
    vApplicationGetIdleTaskMemory            0x0800ce79   Thumb Code    42  freertos.o(.text.vApplicationGetIdleTaskMemory)
    vListInitialise                          0x0800cea9   Thumb Code    46  list.o(.text.vListInitialise)
    vListInitialiseItem                      0x0800ced9   Thumb Code    14  list.o(.text.vListInitialiseItem)
    vListInsert                              0x0800cee9   Thumb Code   108  list.o(.text.vListInsert)
    vListInsertEnd                           0x0800cf59   Thumb Code    58  list.o(.text.vListInsertEnd)
    vPortEnterCritical                       0x0800cfb1   Thumb Code    88  port.o(.text.vPortEnterCritical)
    vPortExitCritical                        0x0800d009   Thumb Code    78  port.o(.text.vPortExitCritical)
    vPortFree                                0x0800d059   Thumb Code   212  heap_4.o(.text.vPortFree)
    vPortSetupTimerInterrupt                 0x0800d131   Thumb Code    68  port.o(.text.vPortSetupTimerInterrupt)
    vPortValidateInterruptPriority           0x0800d179   Thumb Code   132  port.o(.text.vPortValidateInterruptPriority)
    vTaskDelay                               0x0800d201   Thumb Code   116  tasks.o(.text.vTaskDelay)
    vTaskStartScheduler                      0x0800d279   Thumb Code   214  tasks.o(.text.vTaskStartScheduler)
    vTaskSuspendAll                          0x0800d351   Thumb Code    16  tasks.o(.text.vTaskSuspendAll)
    vTaskSwitchContext                       0x0800d361   Thumb Code   194  tasks.o(.text.vTaskSwitchContext)
    xPortStartScheduler                      0x0800d429   Thumb Code   342  port.o(.text.xPortStartScheduler)
    xTaskCreate                              0x0800d581   Thumb Code   178  tasks.o(.text.xTaskCreate)
    xTaskCreateStatic                        0x0800d639   Thumb Code   214  tasks.o(.text.xTaskCreateStatic)
    xTaskGenericNotify                       0x0800d711   Thumb Code   378  tasks.o(.text.xTaskGenericNotify)
    xTaskGenericNotifyFromISR                0x0800d891   Thumb Code   458  tasks.o(.text.xTaskGenericNotifyFromISR)
    xTaskIncrementTick                       0x0800da61   Thumb Code   456  tasks.o(.text.xTaskIncrementTick)
    xTaskNotifyWait                          0x0800dc29   Thumb Code   222  tasks.o(.text.xTaskNotifyWait)
    xTaskResumeAll                           0x0800dd09   Thumb Code   396  tasks.o(.text.xTaskResumeAll)
    _fp_init                                 0x0800de95   Thumb Code    26  fpinit.o(x$fpl$fpinit)
    __fplib_config_fpu_vfp                   0x0800dead   Thumb Code     0  fpinit.o(x$fpl$fpinit)
    __fplib_config_pureend_doubles           0x0800dead   Thumb Code     0  fpinit.o(x$fpl$fpinit)
    D1CorePrescTable                         0x0800df04   Data          16  system_stm32h7xx.o(.rodata.D1CorePrescTable)
    F6x8                                     0x0800df14   Data         552  oled.o(.rodata.F6x8)
    F8X16                                    0x0800e13c   Data        1504  oled.o(.rodata.F8X16)
    Hzk                                      0x0800e71c   Data         896  oled.o(.rodata.Hzk)
    UARTPrescTable                           0x0800eaac   Data          24  stm32h7xx_hal_uart.o(.rodata.UARTPrescTable)
    Region$$Table$$Base                      0x0800eae4   Number         0  anon$$obj.o(Region$$Table)
    Region$$Table$$Limit                     0x0800eb04   Number         0  anon$$obj.o(Region$$Table)
    CMD_Data                                 0x24000000   Data          27  oled.o(.data.CMD_Data)
    SystemCoreClock                          0x2400001c   Data           4  system_stm32h7xx.o(.data.SystemCoreClock)
    SystemD2Clock                            0x24000020   Data           4  system_stm32h7xx.o(.data.SystemD2Clock)
    phase                                    0x24000024   Data           4  freertos.o(.data.phase)
    speedset                                 0x24000028   Data           1  freertos.o(.data.speedset)
    speedsets                                0x24000029   Data          27  freertos.o(.data.speedsets)
    state                                    0x24000044   Data           1  freertos.o(.data.state)
    states                                   0x24000045   Data          27  freertos.o(.data.states)
    times                                    0x24000060   Data         108  freertos.o(.data.times)
    uwTickFreq                               0x240000cc   Data           1  stm32h7xx_hal.o(.data.uwTickFreq)
    uwTickPrio                               0x240000d0   Data           4  stm32h7xx_hal.o(.data.uwTickPrio)
    __libspace_start                         0x240000d8   Data          96  libspace.o(.bss)
    LB                                       0x24000138   Data         200  freertos.o(.bss.LB)
    __temporary_stack_top$libspace           0x24000138   Data           0  libspace.o(.bss)
    LF                                       0x24000200   Data         200  freertos.o(.bss.LF)
    MainTaskHandle                           0x240002c8   Data           4  freertos.o(.bss.MainTaskHandle)
    MotorHandle                              0x240002cc   Data           4  freertos.o(.bss.MotorHandle)
    RB                                       0x240002d0   Data         200  freertos.o(.bss.RB)
    RF                                       0x24000398   Data         200  freertos.o(.bss.RF)
    capture_falling                          0x24000460   Data           4  freertos.o(.bss.capture_falling)
    capture_rising                           0x24000464   Data           4  freertos.o(.bss.capture_rising)
    defaultTaskHandle                        0x24000468   Data           4  freertos.o(.bss.defaultTaskHandle)
    distance                                 0x2400046c   Data           4  freertos.o(.bss.distance)
    hi2c1                                    0x24000470   Data          84  i2c.o(.bss.hi2c1)
    htim1                                    0x240004c4   Data          76  tim.o(.bss.htim1)
    htim17                                   0x24000510   Data          76  tim.o(.bss.htim17)
    htim2                                    0x2400055c   Data          76  tim.o(.bss.htim2)
    htim3                                    0x240005a8   Data          76  tim.o(.bss.htim3)
    htim4                                    0x240005f4   Data          76  tim.o(.bss.htim4)
    htim5                                    0x24000640   Data          76  tim.o(.bss.htim5)
    htim7                                    0x2400068c   Data          76  stm32h7xx_hal_timebase_tim.o(.bss.htim7)
    htim8                                    0x240006d8   Data          76  tim.o(.bss.htim8)
    huart1                                   0x24000724   Data         148  usart.o(.bss.huart1)
    huart4                                   0x240007b8   Data         148  usart.o(.bss.huart4)
    myspeed                                  0x2400084c   Data          16  freertos.o(.bss.myspeed)
    pxCurrentTCB                             0x2400085c   Data           4  tasks.o(.bss.pxCurrentTCB)
    receivedata                              0x240008f8   Data           8  freertos.o(.bss.receivedata)
    starttime                                0x24000900   Data           4  freertos.o(.bss.starttime)
    timecount                                0x24000904   Data           4  freertos.o(.bss.timecount)
    uwTick                                   0x24004510   Data           4  stm32h7xx_hal.o(.bss.uwTick)



==============================================================================

Memory Map of the image

  Image Entry point : 0x08000299

  Load Region LR_IROM1 (Base: 0x08000000, Size: 0x0000ebe0, Max: 0x00020000, ABSOLUTE)

    Execution Region ER_IROM1 (Exec base: 0x08000000, Load base: 0x08000000, Size: 0x0000eb04, Max: 0x00020000, ABSOLUTE)

    Exec Addr    Load Addr    Size         Type   Attr      Idx    E Section Name        Object

    0x08000000   0x08000000   0x00000298   Data   RO            3    RESET               startup_stm32h750xx.o
    0x08000298   0x08000298   0x00000008   Code   RO         2204  * !!!main             c_w.l(__main.o)
    0x080002a0   0x080002a0   0x00000034   Code   RO         2379    !!!scatter          c_w.l(__scatter.o)
    0x080002d4   0x080002d4   0x0000001a   Code   RO         2381    !!handler_copy      c_w.l(__scatter_copy.o)
    0x080002ee   0x080002ee   0x00000002   PAD
    0x080002f0   0x080002f0   0x0000001c   Code   RO         2383    !!handler_zi        c_w.l(__scatter_zi.o)
    0x0800030c   0x0800030c   0x00000002   Code   RO         2243    .ARM.Collect$$libinit$$00000000  c_w.l(libinit.o)
    0x0800030e   0x0800030e   0x00000004   Code   RO         2255    .ARM.Collect$$libinit$$00000001  c_w.l(libinit2.o)
    0x08000312   0x08000312   0x00000000   Code   RO         2258    .ARM.Collect$$libinit$$00000004  c_w.l(libinit2.o)
    0x08000312   0x08000312   0x00000000   Code   RO         2261    .ARM.Collect$$libinit$$0000000A  c_w.l(libinit2.o)
    0x08000312   0x08000312   0x00000000   Code   RO         2263    .ARM.Collect$$libinit$$0000000C  c_w.l(libinit2.o)
    0x08000312   0x08000312   0x00000000   Code   RO         2265    .ARM.Collect$$libinit$$0000000E  c_w.l(libinit2.o)
    0x08000312   0x08000312   0x00000000   Code   RO         2268    .ARM.Collect$$libinit$$00000011  c_w.l(libinit2.o)
    0x08000312   0x08000312   0x00000000   Code   RO         2270    .ARM.Collect$$libinit$$00000013  c_w.l(libinit2.o)
    0x08000312   0x08000312   0x00000000   Code   RO         2272    .ARM.Collect$$libinit$$00000015  c_w.l(libinit2.o)
    0x08000312   0x08000312   0x00000000   Code   RO         2274    .ARM.Collect$$libinit$$00000017  c_w.l(libinit2.o)
    0x08000312   0x08000312   0x00000000   Code   RO         2276    .ARM.Collect$$libinit$$00000019  c_w.l(libinit2.o)
    0x08000312   0x08000312   0x00000000   Code   RO         2278    .ARM.Collect$$libinit$$0000001B  c_w.l(libinit2.o)
    0x08000312   0x08000312   0x00000000   Code   RO         2280    .ARM.Collect$$libinit$$0000001D  c_w.l(libinit2.o)
    0x08000312   0x08000312   0x00000000   Code   RO         2282    .ARM.Collect$$libinit$$0000001F  c_w.l(libinit2.o)
    0x08000312   0x08000312   0x00000000   Code   RO         2284    .ARM.Collect$$libinit$$00000021  c_w.l(libinit2.o)
    0x08000312   0x08000312   0x00000000   Code   RO         2286    .ARM.Collect$$libinit$$00000023  c_w.l(libinit2.o)
    0x08000312   0x08000312   0x00000000   Code   RO         2288    .ARM.Collect$$libinit$$00000025  c_w.l(libinit2.o)
    0x08000312   0x08000312   0x00000000   Code   RO         2292    .ARM.Collect$$libinit$$0000002C  c_w.l(libinit2.o)
    0x08000312   0x08000312   0x00000000   Code   RO         2294    .ARM.Collect$$libinit$$0000002E  c_w.l(libinit2.o)
    0x08000312   0x08000312   0x00000000   Code   RO         2296    .ARM.Collect$$libinit$$00000030  c_w.l(libinit2.o)
    0x08000312   0x08000312   0x00000000   Code   RO         2298    .ARM.Collect$$libinit$$00000032  c_w.l(libinit2.o)
    0x08000312   0x08000312   0x00000002   Code   RO         2299    .ARM.Collect$$libinit$$00000033  c_w.l(libinit2.o)
    0x08000314   0x08000314   0x00000002   Code   RO         2334    .ARM.Collect$$libshutdown$$00000000  c_w.l(libshutdown.o)
    0x08000316   0x08000316   0x00000000   Code   RO         2362    .ARM.Collect$$libshutdown$$00000002  c_w.l(libshutdown2.o)
    0x08000316   0x08000316   0x00000000   Code   RO         2364    .ARM.Collect$$libshutdown$$00000004  c_w.l(libshutdown2.o)
    0x08000316   0x08000316   0x00000000   Code   RO         2367    .ARM.Collect$$libshutdown$$00000007  c_w.l(libshutdown2.o)
    0x08000316   0x08000316   0x00000000   Code   RO         2370    .ARM.Collect$$libshutdown$$0000000A  c_w.l(libshutdown2.o)
    0x08000316   0x08000316   0x00000000   Code   RO         2372    .ARM.Collect$$libshutdown$$0000000C  c_w.l(libshutdown2.o)
    0x08000316   0x08000316   0x00000000   Code   RO         2375    .ARM.Collect$$libshutdown$$0000000F  c_w.l(libshutdown2.o)
    0x08000316   0x08000316   0x00000002   Code   RO         2376    .ARM.Collect$$libshutdown$$00000010  c_w.l(libshutdown2.o)
    0x08000318   0x08000318   0x00000000   Code   RO         2206    .ARM.Collect$$rtentry$$00000000  c_w.l(__rtentry.o)
    0x08000318   0x08000318   0x00000000   Code   RO         2214    .ARM.Collect$$rtentry$$00000002  c_w.l(__rtentry2.o)
    0x08000318   0x08000318   0x00000006   Code   RO         2226    .ARM.Collect$$rtentry$$00000004  c_w.l(__rtentry4.o)
    0x0800031e   0x0800031e   0x00000000   Code   RO         2216    .ARM.Collect$$rtentry$$00000009  c_w.l(__rtentry2.o)
    0x0800031e   0x0800031e   0x00000004   Code   RO         2217    .ARM.Collect$$rtentry$$0000000A  c_w.l(__rtentry2.o)
    0x08000322   0x08000322   0x00000000   Code   RO         2219    .ARM.Collect$$rtentry$$0000000C  c_w.l(__rtentry2.o)
    0x08000322   0x08000322   0x00000008   Code   RO         2220    .ARM.Collect$$rtentry$$0000000D  c_w.l(__rtentry2.o)
    0x0800032a   0x0800032a   0x00000002   Code   RO         2247    .ARM.Collect$$rtexit$$00000000  c_w.l(rtexit.o)
    0x0800032c   0x0800032c   0x00000000   Code   RO         2305    .ARM.Collect$$rtexit$$00000002  c_w.l(rtexit2.o)
    0x0800032c   0x0800032c   0x00000004   Code   RO         2306    .ARM.Collect$$rtexit$$00000003  c_w.l(rtexit2.o)
    0x08000330   0x08000330   0x00000006   Code   RO         2307    .ARM.Collect$$rtexit$$00000004  c_w.l(rtexit2.o)
    0x08000336   0x08000336   0x00000002   PAD
    0x08000338   0x08000338   0x00000040   Code   RO            4    .text               startup_stm32h750xx.o
    0x08000378   0x08000378   0x000000f0   Code   RO         2190    .text               c_w.l(lludivv7m.o)
    0x08000468   0x08000468   0x00000008   Code   RO         2192    .text               c_w.l(abs.o)
    0x08000470   0x08000470   0x00000064   Code   RO         2196    .text               c_w.l(rt_memcpy_w.o)
    0x080004d4   0x080004d4   0x0000004e   Code   RO         2200    .text               c_w.l(rt_memclr_w.o)
    0x08000522   0x08000522   0x00000006   Code   RO         2202    .text               c_w.l(heapauxi.o)
    0x08000528   0x08000528   0x0000004a   Code   RO         2230    .text               c_w.l(sys_stackheap_outer.o)
    0x08000572   0x08000572   0x00000012   Code   RO         2232    .text               c_w.l(exit.o)
    0x08000584   0x08000584   0x00000008   Code   RO         2244    .text               c_w.l(libspace.o)
    0x0800058c   0x0800058c   0x0000000c   Code   RO         2300    .text               c_w.l(sys_exit.o)
    0x08000598   0x08000598   0x00000002   Code   RO         2323    .text               c_w.l(use_no_semi.o)
    0x0800059a   0x0800059a   0x00000000   Code   RO         2325    .text               c_w.l(indicate_semi.o)
    0x0800059a   0x0800059a   0x00000006   PAD
    0x080005a0   0x080005a0   0x00000004   Code   RO          167    .text.BusFault_Handler  stm32h7xx_it.o
    0x080005a4   0x080005a4   0x00000004   PAD
    0x080005a8   0x080005a8   0x0000025c   Code   RO         2139    .text.Calculate     macnuam.o
    0x08000804   0x08000804   0x00000004   PAD
    0x08000808   0x08000808   0x00000002   Code   RO          171    .text.DebugMon_Handler  stm32h7xx_it.o
    0x0800080a   0x0800080a   0x00000006   PAD
    0x08000810   0x08000810   0x0000000e   Code   RO           17    .text.Error_Handler  main.o
    0x0800081e   0x0800081e   0x00000002   PAD
    0x08000820   0x08000820   0x0000098e   Code   RO          550    .text.HAL_DMA_Abort  stm32h7xx_hal_dma.o
    0x080011ae   0x080011ae   0x00000002   PAD
    0x080011b0   0x080011b0   0x000006bc   Code   RO          552    .text.HAL_DMA_Abort_IT  stm32h7xx_hal_dma.o
    0x0800186c   0x0800186c   0x00000004   PAD
    0x08001870   0x08001870   0x00000044   Code   RO          796    .text.HAL_Delay     stm32h7xx_hal.o
    0x080018b4   0x080018b4   0x00000004   PAD
    0x080018b8   0x080018b8   0x000003d0   Code   RO          480    .text.HAL_GPIO_Init  stm32h7xx_hal_gpio.o
    0x08001c88   0x08001c88   0x00000030   Code   RO          484    .text.HAL_GPIO_ReadPin  stm32h7xx_hal_gpio.o
    0x08001cb8   0x08001cb8   0x00000034   Code   RO          486    .text.HAL_GPIO_WritePin  stm32h7xx_hal_gpio.o
    0x08001cec   0x08001cec   0x00000004   PAD
    0x08001cf0   0x08001cf0   0x0000000e   Code   RO          804    .text.HAL_GetREVID  stm32h7xx_hal.o
    0x08001cfe   0x08001cfe   0x00000002   PAD
    0x08001d00   0x08001d00   0x0000000c   Code   RO          788    .text.HAL_GetTick   stm32h7xx_hal.o
    0x08001d0c   0x08001d0c   0x00000004   PAD
    0x08001d10   0x08001d10   0x00000098   Code   RO         1051    .text.HAL_I2CEx_ConfigAnalogFilter  stm32h7xx_hal_i2c_ex.o
    0x08001da8   0x08001da8   0x000000a2   Code   RO         1053    .text.HAL_I2CEx_ConfigDigitalFilter  stm32h7xx_hal_i2c_ex.o
    0x08001e4a   0x08001e4a   0x00000006   PAD
    0x08001e50   0x08001e50   0x00000118   Code   RO          882    .text.HAL_I2C_Init  stm32h7xx_hal_i2c.o
    0x08001f68   0x08001f68   0x00000294   Code   RO          946    .text.HAL_I2C_Mem_Write  stm32h7xx_hal_i2c.o
    0x080021fc   0x080021fc   0x00000004   PAD
    0x08002200   0x08002200   0x000000aa   Code   RO           89    .text.HAL_I2C_MspInit  i2c.o
    0x080022aa   0x080022aa   0x00000006   PAD
    0x080022b0   0x080022b0   0x0000001a   Code   RO          786    .text.HAL_IncTick   stm32h7xx_hal.o
    0x080022ca   0x080022ca   0x00000006   PAD
    0x080022d0   0x080022d0   0x0000007c   Code   RO          776    .text.HAL_Init      stm32h7xx_hal.o
    0x0800234c   0x0800234c   0x00000004   PAD
    0x08002350   0x08002350   0x000000e4   Code   RO          196    .text.HAL_InitTick  stm32h7xx_hal_timebase_tim.o
    0x08002434   0x08002434   0x00000004   PAD
    0x08002438   0x08002438   0x00000070   Code   RO          246    .text.HAL_MPU_ConfigRegion  stm32h7xx_hal_cortex.o
    0x080024a8   0x080024a8   0x00000022   Code   RO          238    .text.HAL_MPU_Disable  stm32h7xx_hal_cortex.o
    0x080024ca   0x080024ca   0x00000006   PAD
    0x080024d0   0x080024d0   0x00000030   Code   RO          240    .text.HAL_MPU_Enable  stm32h7xx_hal_cortex.o
    0x08002500   0x08002500   0x00000032   Code   RO          188    .text.HAL_MspInit   stm32h7xx_hal_msp.o
    0x08002532   0x08002532   0x00000006   PAD
    0x08002538   0x08002538   0x00000018   Code   RO          222    .text.HAL_NVIC_EnableIRQ  stm32h7xx_hal_cortex.o
    0x08002550   0x08002550   0x0000003c   Code   RO          214    .text.HAL_NVIC_SetPriority  stm32h7xx_hal_cortex.o
    0x0800258c   0x0800258c   0x00000004   PAD
    0x08002590   0x08002590   0x00000010   Code   RO          210    .text.HAL_NVIC_SetPriorityGrouping  stm32h7xx_hal_cortex.o
    0x080025a0   0x080025a0   0x000000a2   Code   RO          689    .text.HAL_PWREx_ConfigSupply  stm32h7xx_hal_pwr_ex.o
    0x08002642   0x08002642   0x00000006   PAD
    0x08002648   0x08002648   0x00000026   Code   RO          338    .text.HAL_RCCEx_GetD3PCLK1Freq  stm32h7xx_hal_rcc_ex.o
    0x0800266e   0x0800266e   0x00000002   PAD
    0x08002670   0x08002670   0x000002b0   Code   RO          334    .text.HAL_RCCEx_GetPLL2ClockFreq  stm32h7xx_hal_rcc_ex.o
    0x08002920   0x08002920   0x000002b0   Code   RO          336    .text.HAL_RCCEx_GetPLL3ClockFreq  stm32h7xx_hal_rcc_ex.o
    0x08002bd0   0x08002bd0   0x00001106   Code   RO          322    .text.HAL_RCCEx_PeriphCLKConfig  stm32h7xx_hal_rcc_ex.o
    0x08003cd6   0x08003cd6   0x00000002   PAD
    0x08003cd8   0x08003cd8   0x0000049a   Code   RO          291    .text.HAL_RCC_ClockConfig  stm32h7xx_hal_rcc.o
    0x08004172   0x08004172   0x00000006   PAD
    0x08004178   0x08004178   0x00000088   Code   RO          309    .text.HAL_RCC_GetClockConfig  stm32h7xx_hal_rcc.o
    0x08004200   0x08004200   0x00000054   Code   RO          301    .text.HAL_RCC_GetHCLKFreq  stm32h7xx_hal_rcc.o
    0x08004254   0x08004254   0x00000004   PAD
    0x08004258   0x08004258   0x00000026   Code   RO          303    .text.HAL_RCC_GetPCLK1Freq  stm32h7xx_hal_rcc.o
    0x0800427e   0x0800427e   0x00000002   PAD
    0x08004280   0x08004280   0x00000026   Code   RO          305    .text.HAL_RCC_GetPCLK2Freq  stm32h7xx_hal_rcc.o
    0x080042a6   0x080042a6   0x00000002   PAD
    0x080042a8   0x080042a8   0x00000314   Code   RO          293    .text.HAL_RCC_GetSysClockFreq  stm32h7xx_hal_rcc.o
    0x080045bc   0x080045bc   0x00000004   PAD
    0x080045c0   0x080045c0   0x00000b6a   Code   RO          289    .text.HAL_RCC_OscConfig  stm32h7xx_hal_rcc.o
    0x0800512a   0x0800512a   0x00000006   PAD
    0x08005130   0x08005130   0x00000008   Code   RO         1430    .text.HAL_TIMEx_Break2Callback  stm32h7xx_hal_tim_ex.o
    0x08005138   0x08005138   0x00000008   Code   RO         1428    .text.HAL_TIMEx_BreakCallback  stm32h7xx_hal_tim_ex.o
    0x08005140   0x08005140   0x00000008   Code   RO         1424    .text.HAL_TIMEx_CommutCallback  stm32h7xx_hal_tim_ex.o
    0x08005148   0x08005148   0x00000112   Code   RO         1414    .text.HAL_TIMEx_ConfigBreakDeadTime  stm32h7xx_hal_tim_ex.o
    0x0800525a   0x0800525a   0x00000006   PAD
    0x08005260   0x08005260   0x00000158   Code   RO         1412    .text.HAL_TIMEx_MasterConfigSynchronization  stm32h7xx_hal_tim_ex.o
    0x080053b8   0x080053b8   0x000000b2   Code   RO         1095    .text.HAL_TIM_Base_Init  stm32h7xx_hal_tim.o
    0x0800546a   0x0800546a   0x00000006   PAD
    0x08005470   0x08005470   0x000000a0   Code   RO          122    .text.HAL_TIM_Base_MspInit  tim.o
    0x08005510   0x08005510   0x00000104   Code   RO         1109    .text.HAL_TIM_Base_Start_IT  stm32h7xx_hal_tim.o
    0x08005614   0x08005614   0x00000004   PAD
    0x08005618   0x08005618   0x0000013e   Code   RO         1209    .text.HAL_TIM_Encoder_Init  stm32h7xx_hal_tim.o
    0x08005756   0x08005756   0x00000002   PAD
    0x08005758   0x08005758   0x0000021a   Code   RO          120    .text.HAL_TIM_Encoder_MspInit  tim.o
    0x08005972   0x08005972   0x00000006   PAD
    0x08005978   0x08005978   0x00000152   Code   RO         1217    .text.HAL_TIM_Encoder_Start  stm32h7xx_hal_tim.o
    0x08005aca   0x08005aca   0x00000006   PAD
    0x08005ad0   0x08005ad0   0x0000006a   Code   RO           49    .text.HAL_TIM_IC_CaptureCallback  freertos.o
    0x08005b3a   0x08005b3a   0x00000006   PAD
    0x08005b40   0x08005b40   0x00000152   Code   RO         1255    .text.HAL_TIM_IC_ConfigChannel  stm32h7xx_hal_tim.o
    0x08005c92   0x08005c92   0x00000006   PAD
    0x08005c98   0x08005c98   0x000000b2   Code   RO         1169    .text.HAL_TIM_IC_Init  stm32h7xx_hal_tim.o
    0x08005d4a   0x08005d4a   0x00000006   PAD
    0x08005d50   0x08005d50   0x00000008   Code   RO         1171    .text.HAL_TIM_IC_MspInit  stm32h7xx_hal_tim.o
    0x08005d58   0x08005d58   0x00000320   Code   RO         1181    .text.HAL_TIM_IC_Start_IT  stm32h7xx_hal_tim.o
    0x08006078   0x08006078   0x0000025a   Code   RO         1229    .text.HAL_TIM_IRQHandler  stm32h7xx_hal_tim.o
    0x080062d2   0x080062d2   0x00000006   PAD
    0x080062d8   0x080062d8   0x000000bc   Code   RO          104    .text.HAL_TIM_MspPostInit  tim.o
    0x08006394   0x08006394   0x00000004   PAD
    0x08006398   0x08006398   0x00000008   Code   RO         1233    .text.HAL_TIM_OC_DelayElapsedCallback  stm32h7xx_hal_tim.o
    0x080063a0   0x080063a0   0x000001b0   Code   RO         1265    .text.HAL_TIM_PWM_ConfigChannel  stm32h7xx_hal_tim.o
    0x08006550   0x08006550   0x000000b2   Code   RO         1149    .text.HAL_TIM_PWM_Init  stm32h7xx_hal_tim.o
    0x08006602   0x08006602   0x00000006   PAD
    0x08006608   0x08006608   0x0000006c   Code   RO          118    .text.HAL_TIM_PWM_MspInit  tim.o
    0x08006674   0x08006674   0x00000004   PAD
    0x08006678   0x08006678   0x00000008   Code   RO         1235    .text.HAL_TIM_PWM_PulseFinishedCallback  stm32h7xx_hal_tim.o
    0x08006680   0x08006680   0x00000284   Code   RO         1157    .text.HAL_TIM_PWM_Start  stm32h7xx_hal_tim.o
    0x08006904   0x08006904   0x00000004   PAD
    0x08006908   0x08006908   0x00000022   Code   RO           19    .text.HAL_TIM_PeriodElapsedCallback  main.o
    0x0800692a   0x0800692a   0x00000006   PAD
    0x08006930   0x08006930   0x00000056   Code   RO         1307    .text.HAL_TIM_ReadCapturedValue  stm32h7xx_hal_tim.o
    0x08006986   0x08006986   0x00000002   PAD
    0x08006988   0x08006988   0x00000008   Code   RO         1239    .text.HAL_TIM_TriggerCallback  stm32h7xx_hal_tim.o
    0x08006990   0x08006990   0x0000007c   Code   RO         1613    .text.HAL_UARTEx_DisableFifoMode  stm32h7xx_hal_uart_ex.o
    0x08006a0c   0x08006a0c   0x00000004   PAD
    0x08006a10   0x08006a10   0x0000000e   Code   RO         1537    .text.HAL_UARTEx_RxEventCallback  stm32h7xx_hal_uart.o
    0x08006a1e   0x08006a1e   0x00000002   PAD
    0x08006a20   0x08006a20   0x00000008   Code   RO         1595    .text.HAL_UARTEx_RxFifoFullCallback  stm32h7xx_hal_uart_ex.o
    0x08006a28   0x08006a28   0x0000008c   Code   RO         1617    .text.HAL_UARTEx_SetRxFifoThreshold  stm32h7xx_hal_uart_ex.o
    0x08006ab4   0x08006ab4   0x00000004   PAD
    0x08006ab8   0x08006ab8   0x0000008c   Code   RO         1615    .text.HAL_UARTEx_SetTxFifoThreshold  stm32h7xx_hal_uart_ex.o
    0x08006b44   0x08006b44   0x00000004   PAD
    0x08006b48   0x08006b48   0x00000008   Code   RO         1597    .text.HAL_UARTEx_TxFifoEmptyCallback  stm32h7xx_hal_uart_ex.o
    0x08006b50   0x08006b50   0x00000008   Code   RO         1593    .text.HAL_UARTEx_WakeupCallback  stm32h7xx_hal_uart_ex.o
    0x08006b58   0x08006b58   0x00000008   Code   RO         1535    .text.HAL_UART_ErrorCallback  stm32h7xx_hal_uart.o
    0x08006b60   0x08006b60   0x000006de   Code   RO         1531    .text.HAL_UART_IRQHandler  stm32h7xx_hal_uart.o
    0x0800723e   0x0800723e   0x00000002   PAD
    0x08007240   0x08007240   0x000000b2   Code   RO         1443    .text.HAL_UART_Init  stm32h7xx_hal_uart.o
    0x080072f2   0x080072f2   0x00000006   PAD
    0x080072f8   0x080072f8   0x0000016a   Code   RO          148    .text.HAL_UART_MspInit  usart.o
    0x08007462   0x08007462   0x00000006   PAD
    0x08007468   0x08007468   0x000000a6   Code   RO         1479    .text.HAL_UART_Receive_IT  stm32h7xx_hal_uart.o
    0x0800750e   0x0800750e   0x00000002   PAD
    0x08007510   0x08007510   0x00000020   Code   RO           47    .text.HAL_UART_RxCpltCallback  freertos.o
    0x08007530   0x08007530   0x00000008   Code   RO         1541    .text.HAL_UART_TxCpltCallback  stm32h7xx_hal_uart.o
    0x08007538   0x08007538   0x00000004   Code   RO          163    .text.HardFault_Handler  stm32h7xx_it.o
    0x0800753c   0x0800753c   0x00000004   PAD
    0x08007540   0x08007540   0x00000042   Code   RO          906    .text.I2C_Flush_TXDR  stm32h7xx_hal_i2c.o
    0x08007582   0x08007582   0x00000006   PAD
    0x08007588   0x08007588   0x00000204   Code   RO         1042    .text.I2C_IsErrorOccurred  stm32h7xx_hal_i2c.o
    0x0800778c   0x0800778c   0x00000004   PAD
    0x08007790   0x08007790   0x000000d8   Code   RO          948    .text.I2C_RequestMemoryWrite  stm32h7xx_hal_i2c.o
    0x08007868   0x08007868   0x0000005a   Code   RO          894    .text.I2C_TransferConfig  stm32h7xx_hal_i2c.o
    0x080078c2   0x080078c2   0x00000006   PAD
    0x080078c8   0x080078c8   0x000000cc   Code   RO          892    .text.I2C_WaitOnFlagUntilTimeout  stm32h7xx_hal_i2c.o
    0x08007994   0x08007994   0x00000004   PAD
    0x08007998   0x08007998   0x000000a6   Code   RO          898    .text.I2C_WaitOnSTOPFlagUntilTimeout  stm32h7xx_hal_i2c.o
    0x08007a3e   0x08007a3e   0x00000002   PAD
    0x08007a40   0x08007a40   0x000000b2   Code   RO          896    .text.I2C_WaitOnTXISFlagUntilTimeout  stm32h7xx_hal_i2c.o
    0x08007af2   0x08007af2   0x00000006   PAD
    0x08007af8   0x08007af8   0x00000056   Code   RO           13    .text.MPU_Config    main.o
    0x08007b4e   0x08007b4e   0x00000002   PAD
    0x08007b50   0x08007b50   0x000000c4   Code   RO           39    .text.MX_FREERTOS_Init  freertos.o
    0x08007c14   0x08007c14   0x00000004   PAD
    0x08007c18   0x08007c18   0x00000128   Code   RO           29    .text.MX_GPIO_Init  gpio.o
    0x08007d40   0x08007d40   0x00000076   Code   RO           87    .text.MX_I2C1_Init  i2c.o
    0x08007db6   0x08007db6   0x00000002   PAD
    0x08007db8   0x08007db8   0x00000090   Code   RO          116    .text.MX_TIM17_Init  tim.o
    0x08007e48   0x08007e48   0x00000150   Code   RO          102    .text.MX_TIM1_Init  tim.o
    0x08007f98   0x08007f98   0x00000080   Code   RO          106    .text.MX_TIM2_Init  tim.o
    0x08008018   0x08008018   0x00000084   Code   RO          108    .text.MX_TIM3_Init  tim.o
    0x0800809c   0x0800809c   0x00000004   PAD
    0x080080a0   0x080080a0   0x00000084   Code   RO          110    .text.MX_TIM4_Init  tim.o
    0x08008124   0x08008124   0x00000004   PAD
    0x08008128   0x08008128   0x00000084   Code   RO          112    .text.MX_TIM5_Init  tim.o
    0x080081ac   0x080081ac   0x00000004   PAD
    0x080081b0   0x080081b0   0x0000011a   Code   RO          114    .text.MX_TIM8_Init  tim.o
    0x080082ca   0x080082ca   0x00000006   PAD
    0x080082d0   0x080082d0   0x0000008e   Code   RO          144    .text.MX_UART4_Init  usart.o
    0x0800835e   0x0800835e   0x00000002   PAD
    0x08008360   0x08008360   0x0000008e   Code   RO          146    .text.MX_USART1_UART_Init  usart.o
    0x080083ee   0x080083ee   0x00000002   PAD
    0x080083f0   0x080083f0   0x00000046   Code   RO         2137    .text.Macnuam       macnuam.o
    0x08008436   0x08008436   0x00000002   PAD
    0x08008438   0x08008438   0x00000214   Code   RO           45    .text.MainFunc      freertos.o
    0x0800864c   0x0800864c   0x00000004   PAD
    0x08008650   0x08008650   0x00000004   Code   RO          165    .text.MemManage_Handler  stm32h7xx_it.o
    0x08008654   0x08008654   0x00000004   PAD
    0x08008658   0x08008658   0x000007a8   Code   RO           43    .text.MotorFunc     freertos.o
    0x08008e00   0x08008e00   0x00000004   Code   RO          161    .text.NMI_Handler   stm32h7xx_it.o
    0x08008e04   0x08008e04   0x00000004   PAD
    0x08008e08   0x08008e08   0x0000006e   Code   RO          220    .text.NVIC_EncodePriority  stm32h7xx_hal_cortex.o
    0x08008e76   0x08008e76   0x00000002   PAD
    0x08008e78   0x08008e78   0x00000068   Code   RO         2158    .text.OLED_Clear    oled.o
    0x08008ee0   0x08008ee0   0x0000000e   Code   RO         2156    .text.OLED_Init     oled.o
    0x08008eee   0x08008eee   0x00000002   PAD
    0x08008ef0   0x08008ef0   0x0000003c   Code   RO         2164    .text.OLED_Set_Pos  oled.o
    0x08008f2c   0x08008f2c   0x00000004   PAD
    0x08008f30   0x08008f30   0x000000d8   Code   RO         2176    .text.OLED_ShowCHinese  oled.o
    0x08009008   0x08009008   0x0000013a   Code   RO         2172    .text.OLED_ShowChar  oled.o
    0x08009142   0x08009142   0x00000006   PAD
    0x08009148   0x08009148   0x00000108   Code   RO         2170    .text.OLED_ShowNum  oled.o
    0x08009250   0x08009250   0x0000003c   Code   RO         2152    .text.OLED_WR_CMD   oled.o
    0x0800928c   0x0800928c   0x00000004   PAD
    0x08009290   0x08009290   0x0000003c   Code   RO         2154    .text.OLED_WR_DATA  oled.o
    0x080092cc   0x080092cc   0x00000004   PAD
    0x080092d0   0x080092d0   0x00000064   Code   RO         2121    .text.PendSV_Handler  port.o
    0x08009334   0x08009334   0x00000004   PAD
    0x08009338   0x08009338   0x000001c8   Code   RO          324    .text.RCCEx_PLL2_Config  stm32h7xx_hal_rcc_ex.o
    0x08009500   0x08009500   0x000001c8   Code   RO          326    .text.RCCEx_PLL3_Config  stm32h7xx_hal_rcc_ex.o
    0x080096c8   0x080096c8   0x00000008   PAD
    0x080096d0   0x080096d0   0x00000024   Code   RO         2105    .text.SVC_Handler   port.o
    0x080096f4   0x080096f4   0x00000004   PAD
    0x080096f8   0x080096f8   0x00000168   Code   RO           41    .text.StartDefaultTask  freertos.o
    0x08009860   0x08009860   0x0000003e   Code   RO         2123    .text.SysTick_Handler  port.o
    0x0800989e   0x0800989e   0x00000002   PAD
    0x080098a0   0x080098a0   0x0000015a   Code   RO           15    .text.SystemClock_Config  main.o
    0x080099fa   0x080099fa   0x00000006   PAD
    0x08009a00   0x08009a00   0x0000015a   Code   RO         1636    .text.SystemInit    system_stm32h7xx.o
    0x08009b5a   0x08009b5a   0x00000006   PAD
    0x08009b60   0x08009b60   0x00000010   Code   RO          179    .text.TIM17_IRQHandler  stm32h7xx_it.o
    0x08009b70   0x08009b70   0x00000010   Code   RO          177    .text.TIM7_IRQHandler  stm32h7xx_it.o
    0x08009b80   0x08009b80   0x000001b2   Code   RO         1099    .text.TIM_Base_SetConfig  stm32h7xx_hal_tim.o
    0x08009d32   0x08009d32   0x00000006   PAD
    0x08009d38   0x08009d38   0x00000038   Code   RO         1133    .text.TIM_CCxChannelCmd  stm32h7xx_hal_tim.o
    0x08009d70   0x08009d70   0x00000150   Code   RO         1243    .text.TIM_OC1_SetConfig  stm32h7xx_hal_tim.o
    0x08009ec0   0x08009ec0   0x00000172   Code   RO         1245    .text.TIM_OC2_SetConfig  stm32h7xx_hal_tim.o
    0x0800a032   0x0800a032   0x00000006   PAD
    0x0800a038   0x0800a038   0x00000170   Code   RO         1247    .text.TIM_OC3_SetConfig  stm32h7xx_hal_tim.o
    0x0800a1a8   0x0800a1a8   0x000000da   Code   RO         1249    .text.TIM_OC4_SetConfig  stm32h7xx_hal_tim.o
    0x0800a282   0x0800a282   0x00000006   PAD
    0x0800a288   0x0800a288   0x000000d0   Code   RO         1251    .text.TIM_OC5_SetConfig  stm32h7xx_hal_tim.o
    0x0800a358   0x0800a358   0x000000d2   Code   RO         1253    .text.TIM_OC6_SetConfig  stm32h7xx_hal_tim.o
    0x0800a42a   0x0800a42a   0x00000006   PAD
    0x0800a430   0x0800a430   0x00000118   Code   RO         1257    .text.TIM_TI1_SetConfig  stm32h7xx_hal_tim.o
    0x0800a548   0x0800a548   0x0000006c   Code   RO         1259    .text.TIM_TI2_SetConfig  stm32h7xx_hal_tim.o
    0x0800a5b4   0x0800a5b4   0x00000004   PAD
    0x0800a5b8   0x0800a5b8   0x0000006a   Code   RO         1261    .text.TIM_TI3_SetConfig  stm32h7xx_hal_tim.o
    0x0800a622   0x0800a622   0x00000006   PAD
    0x0800a628   0x0800a628   0x0000006c   Code   RO         1263    .text.TIM_TI4_SetConfig  stm32h7xx_hal_tim.o
    0x0800a694   0x0800a694   0x00000004   PAD
    0x0800a698   0x0800a698   0x00000010   Code   RO          175    .text.UART4_IRQHandler  stm32h7xx_it.o
    0x0800a6a8   0x0800a6a8   0x00000088   Code   RO         1611    .text.UARTEx_SetNbDataToProcess  stm32h7xx_hal_uart_ex.o
    0x0800a730   0x0800a730   0x0000014a   Code   RO         1447    .text.UART_AdvFeatureConfig  stm32h7xx_hal_uart.o
    0x0800a87a   0x0800a87a   0x00000006   PAD
    0x0800a880   0x0800a880   0x0000014a   Code   RO         1451    .text.UART_CheckIdleState  stm32h7xx_hal_uart.o
    0x0800a9ca   0x0800a9ca   0x00000006   PAD
    0x0800a9d0   0x0800a9d0   0x00000024   Code   RO         1533    .text.UART_DMAAbortOnError  stm32h7xx_hal_uart.o
    0x0800a9f4   0x0800a9f4   0x00000004   PAD
    0x0800a9f8   0x0800a9f8   0x0000009e   Code   RO         1503    .text.UART_EndRxTransfer  stm32h7xx_hal_uart.o
    0x0800aa96   0x0800aa96   0x00000002   PAD
    0x0800aa98   0x0800aa98   0x00000044   Code   RO         1539    .text.UART_EndTransmit_IT  stm32h7xx_hal_uart.o
    0x0800aadc   0x0800aadc   0x00000004   PAD
    0x0800aae0   0x0800aae0   0x00000184   Code   RO         1575    .text.UART_RxISR_16BIT  stm32h7xx_hal_uart.o
    0x0800ac64   0x0800ac64   0x00000004   PAD
    0x0800ac68   0x0800ac68   0x00000316   Code   RO         1571    .text.UART_RxISR_16BIT_FIFOEN  stm32h7xx_hal_uart.o
    0x0800af7e   0x0800af7e   0x00000002   PAD
    0x0800af80   0x0800af80   0x00000180   Code   RO         1577    .text.UART_RxISR_8BIT  stm32h7xx_hal_uart.o
    0x0800b100   0x0800b100   0x00000312   Code   RO         1573    .text.UART_RxISR_8BIT_FIFOEN  stm32h7xx_hal_uart.o
    0x0800b412   0x0800b412   0x00000006   PAD
    0x0800b418   0x0800b418   0x00000938   Code   RO         1449    .text.UART_SetConfig  stm32h7xx_hal_uart.o
    0x0800bd50   0x0800bd50   0x00000234   Code   RO         1481    .text.UART_Start_Receive_IT  stm32h7xx_hal_uart.o
    0x0800bf84   0x0800bf84   0x00000004   PAD
    0x0800bf88   0x0800bf88   0x00000110   Code   RO         1465    .text.UART_WaitOnFlagUntilTimeout  stm32h7xx_hal_uart.o
    0x0800c098   0x0800c098   0x00000010   Code   RO          173    .text.USART1_IRQHandler  stm32h7xx_it.o
    0x0800c0a8   0x0800c0a8   0x00000004   Code   RO          169    .text.UsageFault_Handler  stm32h7xx_it.o
    0x0800c0ac   0x0800c0ac   0x00000004   PAD
    0x0800c0b0   0x0800c0b0   0x0000005a   Code   RO         2150    .text.WriteCmd      oled.o
    0x0800c10a   0x0800c10a   0x00000006   PAD
    0x0800c110   0x0800c110   0x00000034   Code   RO          224    .text.__NVIC_EnableIRQ  stm32h7xx_hal_cortex.o
    0x0800c144   0x0800c144   0x00000004   PAD
    0x0800c148   0x0800c148   0x00000010   Code   RO          216    .text.__NVIC_GetPriorityGrouping  stm32h7xx_hal_cortex.o
    0x0800c158   0x0800c158   0x00000044   Code   RO          218    .text.__NVIC_SetPriority  stm32h7xx_hal_cortex.o
    0x0800c19c   0x0800c19c   0x00000004   PAD
    0x0800c1a0   0x0800c1a0   0x0000003c   Code   RO          212    .text.__NVIC_SetPriorityGrouping  stm32h7xx_hal_cortex.o
    0x0800c1dc   0x0800c1dc   0x00000004   PAD
    0x0800c1e0   0x0800c1e0   0x00000014   Code   RO         1956    .text.inHandlerMode  cmsis_os.o
    0x0800c1f4   0x0800c1f4   0x00000004   PAD
    0x0800c1f8   0x0800c1f8   0x0000004e   Code   RO           11    .text.main          main.o
    0x0800c246   0x0800c246   0x00000002   PAD
    0x0800c248   0x0800c248   0x0000002a   Code   RO         1960    .text.makeFreeRtosPriority  cmsis_os.o
    0x0800c272   0x0800c272   0x00000006   PAD
    0x0800c278   0x0800c278   0x00000036   Code   RO         2168    .text.oled_pow      oled.o
    0x0800c2ae   0x0800c2ae   0x00000002   PAD
    0x0800c2b0   0x0800c2b0   0x0000002a   Code   RO         1974    .text.osDelay       cmsis_os.o
    0x0800c2da   0x0800c2da   0x00000006   PAD
    0x0800c2e0   0x0800c2e0   0x0000000a   Code   RO         1950    .text.osKernelStart  cmsis_os.o
    0x0800c2ea   0x0800c2ea   0x00000006   PAD
    0x0800c2f0   0x0800c2f0   0x00000082   Code   RO         1984    .text.osSignalSet   cmsis_os.o
    0x0800c372   0x0800c372   0x00000006   PAD
    0x0800c378   0x0800c378   0x000000a4   Code   RO         1986    .text.osSignalWait  cmsis_os.o
    0x0800c41c   0x0800c41c   0x00000004   PAD
    0x0800c420   0x0800c420   0x000000a4   Code   RO         1958    .text.osThreadCreate  cmsis_os.o
    0x0800c4c4   0x0800c4c4   0x00000004   PAD
    0x0800c4c8   0x0800c4c8   0x000000fc   Code   RO         1834    .text.prvAddCurrentTaskToDelayedList  tasks.o
    0x0800c5c4   0x0800c5c4   0x00000004   PAD
    0x0800c5c8   0x0800c5c8   0x0000011c   Code   RO         1820    .text.prvAddNewTaskToReadyList  tasks.o
    0x0800c6e4   0x0800c6e4   0x00000004   PAD
    0x0800c6e8   0x0800c6e8   0x0000005e   Code   RO         1918    .text.prvCheckTasksWaitingTermination  tasks.o
    0x0800c746   0x0800c746   0x00000002   PAD
    0x0800c748   0x0800c748   0x00000060   Code   RO         1826    .text.prvDeleteTCB  tasks.o
    0x0800c7a8   0x0800c7a8   0x000000be   Code   RO         2072    .text.prvHeapInit   heap_4.o
    0x0800c866   0x0800c866   0x00000002   PAD
    0x0800c868   0x0800c868   0x00000038   Code   RO         1856    .text.prvIdleTask   tasks.o
    0x0800c8a0   0x0800c8a0   0x00000118   Code   RO         1818    .text.prvInitialiseNewTask  tasks.o
    0x0800c9b8   0x0800c9b8   0x0000008e   Code   RO         1916    .text.prvInitialiseTaskLists  tasks.o
    0x0800ca46   0x0800ca46   0x00000002   PAD
    0x0800ca48   0x0800ca48   0x000000c6   Code   RO         2074    .text.prvInsertBlockIntoFreeList  heap_4.o
    0x0800cb0e   0x0800cb0e   0x00000002   PAD
    0x0800cb10   0x0800cb10   0x00000028   Code   RO         2113    .text.prvPortStartFirstTask  port.o
    0x0800cb38   0x0800cb38   0x00000048   Code   RO         1828    .text.prvResetNextTaskUnblockTime  tasks.o
    0x0800cb80   0x0800cb80   0x00000050   Code   RO         2103    .text.prvTaskExitError  port.o
    0x0800cbd0   0x0800cbd0   0x000001fa   Code   RO         2070    .text.pvPortMalloc  heap_4.o
    0x0800cdca   0x0800cdca   0x00000006   PAD
    0x0800cdd0   0x0800cdd0   0x0000005e   Code   RO         2101    .text.pxPortInitialiseStack  port.o
    0x0800ce2e   0x0800ce2e   0x00000002   PAD
    0x0800ce30   0x0800ce30   0x00000048   Code   RO         1688    .text.uxListRemove  list.o
    0x0800ce78   0x0800ce78   0x0000002a   Code   RO           37    .text.vApplicationGetIdleTaskMemory  freertos.o
    0x0800cea2   0x0800cea2   0x00000006   PAD
    0x0800cea8   0x0800cea8   0x0000002e   Code   RO         1680    .text.vListInitialise  list.o
    0x0800ced6   0x0800ced6   0x00000002   PAD
    0x0800ced8   0x0800ced8   0x0000000e   Code   RO         1682    .text.vListInitialiseItem  list.o
    0x0800cee6   0x0800cee6   0x00000002   PAD
    0x0800cee8   0x0800cee8   0x0000006c   Code   RO         1686    .text.vListInsert   list.o
    0x0800cf54   0x0800cf54   0x00000004   PAD
    0x0800cf58   0x0800cf58   0x0000003a   Code   RO         1684    .text.vListInsertEnd  list.o
    0x0800cf92   0x0800cf92   0x00000006   PAD
    0x0800cf98   0x0800cf98   0x00000014   Code   RO         2111    .text.vPortEnableVFP  port.o
    0x0800cfac   0x0800cfac   0x00000004   PAD
    0x0800cfb0   0x0800cfb0   0x00000058   Code   RO         2117    .text.vPortEnterCritical  port.o
    0x0800d008   0x0800d008   0x0000004e   Code   RO         2119    .text.vPortExitCritical  port.o
    0x0800d056   0x0800d056   0x00000002   PAD
    0x0800d058   0x0800d058   0x000000d4   Code   RO         2076    .text.vPortFree     heap_4.o
    0x0800d12c   0x0800d12c   0x00000004   PAD
    0x0800d130   0x0800d130   0x00000044   Code   RO         2109    .text.vPortSetupTimerInterrupt  port.o
    0x0800d174   0x0800d174   0x00000004   PAD
    0x0800d178   0x0800d178   0x00000084   Code   RO         2125    .text.vPortValidateInterruptPriority  port.o
    0x0800d1fc   0x0800d1fc   0x00000004   PAD
    0x0800d200   0x0800d200   0x00000074   Code   RO         1830    .text.vTaskDelay    tasks.o
    0x0800d274   0x0800d274   0x00000004   PAD
    0x0800d278   0x0800d278   0x000000d6   Code   RO         1854    .text.vTaskStartScheduler  tasks.o
    0x0800d34e   0x0800d34e   0x00000002   PAD
    0x0800d350   0x0800d350   0x00000010   Code   RO         1832    .text.vTaskSuspendAll  tasks.o
    0x0800d360   0x0800d360   0x000000c2   Code   RO         1846    .text.vTaskSwitchContext  tasks.o
    0x0800d422   0x0800d422   0x00000006   PAD
    0x0800d428   0x0800d428   0x00000156   Code   RO         2107    .text.xPortStartScheduler  port.o
    0x0800d57e   0x0800d57e   0x00000002   PAD
    0x0800d580   0x0800d580   0x000000b2   Code   RO         1822    .text.xTaskCreate   tasks.o
    0x0800d632   0x0800d632   0x00000006   PAD
    0x0800d638   0x0800d638   0x000000d6   Code   RO         1816    .text.xTaskCreateStatic  tasks.o
    0x0800d70e   0x0800d70e   0x00000002   PAD
    0x0800d710   0x0800d710   0x0000017a   Code   RO         1906    .text.xTaskGenericNotify  tasks.o
    0x0800d88a   0x0800d88a   0x00000006   PAD
    0x0800d890   0x0800d890   0x000001ca   Code   RO         1908    .text.xTaskGenericNotifyFromISR  tasks.o
    0x0800da5a   0x0800da5a   0x00000006   PAD
    0x0800da60   0x0800da60   0x000001c8   Code   RO         1860    .text.xTaskIncrementTick  tasks.o
    0x0800dc28   0x0800dc28   0x000000de   Code   RO         1904    .text.xTaskNotifyWait  tasks.o
    0x0800dd06   0x0800dd06   0x00000002   PAD
    0x0800dd08   0x0800dd08   0x0000018c   Code   RO         1836    .text.xTaskResumeAll  tasks.o
    0x0800de94   0x0800de94   0x0000001a   Code   RO         2317    x$fpl$fpinit        fz_wv.l(fpinit.o)
    0x0800deae   0x0800deae   0x00000002   PAD
    0x0800deb0   0x0800deb0   0x0000001c   Data   RO           64    .rodata..L__const.MX_FREERTOS_Init.os_thread_def_MainTask  freertos.o
    0x0800decc   0x0800decc   0x0000001c   Data   RO           62    .rodata..L__const.MX_FREERTOS_Init.os_thread_def_Motor  freertos.o
    0x0800dee8   0x0800dee8   0x0000001c   Data   RO           60    .rodata..L__const.MX_FREERTOS_Init.os_thread_def_defaultTask  freertos.o
    0x0800df04   0x0800df04   0x00000010   Data   RO         1642    .rodata.D1CorePrescTable  system_stm32h7xx.o
    0x0800df14   0x0800df14   0x00000228   Data   RO         2178    .rodata.F6x8        oled.o
    0x0800e13c   0x0800e13c   0x000005e0   Data   RO         2179    .rodata.F8X16       oled.o
    0x0800e71c   0x0800e71c   0x00000380   Data   RO         2180    .rodata.Hzk         oled.o
    0x0800ea9c   0x0800ea9c   0x00000008   Data   RO         1628    .rodata.UARTEx_SetNbDataToProcess.denominator  stm32h7xx_hal_uart_ex.o
    0x0800eaa4   0x0800eaa4   0x00000008   Data   RO         1627    .rodata.UARTEx_SetNbDataToProcess.numerator  stm32h7xx_hal_uart_ex.o
    0x0800eaac   0x0800eaac   0x00000018   Data   RO         1583    .rodata.UARTPrescTable  stm32h7xx_hal_uart.o
    0x0800eac4   0x0800eac4   0x0000001b   Data   RO           59    .rodata.str1.1      freertos.o
    0x0800eadf   0x0800eadf   0x00000005   Data   RO         1931    .rodata.str1.1      tasks.o
    0x0800eae4   0x0800eae4   0x00000020   Data   RO         2378    Region$$Table       anon$$obj.o


    Execution Region RW_IRAM1 (Exec base: 0x20000000, Load base: 0x0800eb04, Size: 0x00000000, Max: 0x00020000, ABSOLUTE)

    **** No section assigned to this execution region ****


    Execution Region RW_IRAM2 (Exec base: 0x24000000, Load base: 0x0800eb08, Size: 0x00004e18, Max: 0x00080000, ABSOLUTE)

    Exec Addr    Load Addr    Size         Type   Attr      Idx    E Section Name        Object

    0x24000000   0x0800eb08   0x0000001b   Data   RW         2181    .data.CMD_Data      oled.o
    0x2400001b   0x0800eb23   0x00000001   PAD
    0x2400001c   0x0800eb24   0x00000004   Data   RW         1640    .data.SystemCoreClock  system_stm32h7xx.o
    0x24000020   0x0800eb28   0x00000004   Data   RW         1641    .data.SystemD2Clock  system_stm32h7xx.o
    0x24000024   0x0800eb2c   0x00000004   Data   RW           54    .data.phase         freertos.o
    0x24000028   0x0800eb30   0x00000001   Data   RW           56    .data.speedset      freertos.o
    0x24000029   0x0800eb31   0x0000001b   Data   RW           53    .data.speedsets     freertos.o
    0x24000044   0x0800eb4c   0x00000001   Data   RW           55    .data.state         freertos.o
    0x24000045   0x0800eb4d   0x0000001b   Data   RW           52    .data.states        freertos.o
    0x24000060   0x0800eb68   0x0000006c   Data   RW           51    .data.times         freertos.o
    0x240000cc   0x0800ebd4   0x00000001   Data   RW          873    .data.uwTickFreq    stm32h7xx_hal.o
    0x240000cd   0x0800ebd5   0x00000003   PAD
    0x240000d0   0x0800ebd8   0x00000004   Data   RW          872    .data.uwTickPrio    stm32h7xx_hal.o
    0x240000d4   0x0800ebdc   0x00000004   Data   RW         2129    .data.uxCriticalNesting  port.o
    0x240000d8        -       0x00000060   Zero   RW         2245    .bss                c_w.l(libspace.o)
    0x24000138        -       0x000000c8   Zero   RW           73    .bss.LB             freertos.o
    0x24000200        -       0x000000c8   Zero   RW           74    .bss.LF             freertos.o
    0x240002c8        -       0x00000004   Zero   RW           65    .bss.MainTaskHandle  freertos.o
    0x240002cc        -       0x00000004   Zero   RW           63    .bss.MotorHandle    freertos.o
    0x240002d0        -       0x000000c8   Zero   RW           71    .bss.RB             freertos.o
    0x24000398        -       0x000000c8   Zero   RW           72    .bss.RF             freertos.o
    0x24000460        -       0x00000004   Zero   RW           66    .bss.capture_falling  freertos.o
    0x24000464        -       0x00000004   Zero   RW           67    .bss.capture_rising  freertos.o
    0x24000468        -       0x00000004   Zero   RW           61    .bss.defaultTaskHandle  freertos.o
    0x2400046c        -       0x00000004   Zero   RW           68    .bss.distance       freertos.o
    0x24000470        -       0x00000054   Zero   RW           93    .bss.hi2c1          i2c.o
    0x240004c4        -       0x0000004c   Zero   RW          130    .bss.htim1          tim.o
    0x24000510        -       0x0000004c   Zero   RW          136    .bss.htim17         tim.o
    0x2400055c        -       0x0000004c   Zero   RW          131    .bss.htim2          tim.o
    0x240005a8        -       0x0000004c   Zero   RW          132    .bss.htim3          tim.o
    0x240005f4        -       0x0000004c   Zero   RW          133    .bss.htim4          tim.o
    0x24000640        -       0x0000004c   Zero   RW          134    .bss.htim5          tim.o
    0x2400068c        -       0x0000004c   Zero   RW          202    .bss.htim7          stm32h7xx_hal_timebase_tim.o
    0x240006d8        -       0x0000004c   Zero   RW          135    .bss.htim8          tim.o
    0x24000724        -       0x00000094   Zero   RW          153    .bss.huart1         usart.o
    0x240007b8        -       0x00000094   Zero   RW          152    .bss.huart4         usart.o
    0x2400084c        -       0x00000010   Zero   RW           69    .bss.myspeed        freertos.o
    0x2400085c        -       0x00000004   Zero   RW         1920    .bss.pxCurrentTCB   tasks.o
    0x24000860        -       0x00000004   Zero   RW         1937    .bss.pxDelayedTaskList  tasks.o
    0x24000864        -       0x00000004   Zero   RW         2086    .bss.pxEnd          heap_4.o
    0x24000868        -       0x00000004   Zero   RW         1938    .bss.pxOverflowDelayedTaskList  tasks.o
    0x2400086c        -       0x0000008c   Zero   RW         1921    .bss.pxReadyTasksLists  tasks.o
    0x240008f8        -       0x00000008   Zero   RW           70    .bss.receivedata    freertos.o
    0x24000900        -       0x00000004   Zero   RW           76    .bss.starttime      freertos.o
    0x24000904        -       0x00000004   Zero   RW           75    .bss.timecount      freertos.o
    0x24000908        -       0x00003c00   Zero   RW         2093    .bss.ucHeap         heap_4.o
    0x24004508        -       0x00000001   Zero   RW         2127    .bss.ucMaxSysCallPriority  port.o
    0x24004509   0x0800ebe0   0x00000003   PAD
    0x2400450c        -       0x00000004   Zero   RW         2128    .bss.ulMaxPRIGROUPValue  port.o
    0x24004510        -       0x00000004   Zero   RW          874    .bss.uwTick         stm32h7xx_hal.o
    0x24004514        -       0x00000004   Zero   RW         1926    .bss.uxCurrentNumberOfTasks  tasks.o
    0x24004518        -       0x00000004   Zero   RW         1925    .bss.uxDeletedTasksWaitingCleanUp  tasks.o
    0x2400451c        -       0x00000004   Zero   RW         1928    .bss.uxSchedulerSuspended  tasks.o
    0x24004520        -       0x00000004   Zero   RW         1923    .bss.uxTaskNumber   tasks.o
    0x24004524        -       0x00000004   Zero   RW         1922    .bss.uxTopReadyPriority  tasks.o
    0x24004528        -       0x00000004   Zero   RW         2087    .bss.xBlockAllocatedBit  heap_4.o
    0x2400452c        -       0x00000014   Zero   RW         1940    .bss.xDelayedTaskList1  tasks.o
    0x24004540        -       0x00000014   Zero   RW         1941    .bss.xDelayedTaskList2  tasks.o
    0x24004554        -       0x00000004   Zero   RW         2088    .bss.xFreeBytesRemaining  heap_4.o
    0x24004558        -       0x00000200   Zero   RW           58    .bss.xIdleStack     freertos.o
    0x24004758        -       0x00000004   Zero   RW         1932    .bss.xIdleTaskHandle  tasks.o
    0x2400475c        -       0x00000054   Zero   RW           57    .bss.xIdleTaskTCBBuffer  freertos.o
    0x240047b0        -       0x00000004   Zero   RW         2090    .bss.xMinimumEverFreeBytesRemaining  heap_4.o
    0x240047b4        -       0x00000004   Zero   RW         1933    .bss.xNextTaskUnblockTime  tasks.o
    0x240047b8        -       0x00000004   Zero   RW         1939    .bss.xNumOfOverflows  tasks.o
    0x240047bc        -       0x00000004   Zero   RW         2091    .bss.xNumberOfSuccessfulAllocations  heap_4.o
    0x240047c0        -       0x00000004   Zero   RW         2092    .bss.xNumberOfSuccessfulFrees  heap_4.o
    0x240047c4        -       0x00000004   Zero   RW         1936    .bss.xPendedTicks   tasks.o
    0x240047c8        -       0x00000014   Zero   RW         1930    .bss.xPendingReadyList  tasks.o
    0x240047dc        -       0x00000004   Zero   RW         1927    .bss.xSchedulerRunning  tasks.o
    0x240047e0        -       0x00000008   Zero   RW         2089    .bss.xStart         heap_4.o
    0x240047e8        -       0x00000014   Zero   RW         1929    .bss.xSuspendedTaskList  tasks.o
    0x240047fc        -       0x00000014   Zero   RW         1924    .bss.xTasksWaitingTermination  tasks.o
    0x24004810        -       0x00000004   Zero   RW         1934    .bss.xTickCount     tasks.o
    0x24004814        -       0x00000004   Zero   RW         1935    .bss.xYieldPending  tasks.o
    0x24004818        -       0x00000200   Zero   RW            2    HEAP                startup_stm32h750xx.o
    0x24004a18        -       0x00000400   Zero   RW            1    STACK               startup_stm32h750xx.o


==============================================================================

Image component sizes


      Code (inc. data)   RO Data    RW Data    ZI Data      Debug   Object Name

       572          0          0          0          0      16166   cmsis_os.o
      3228         32        111        168       1452      10700   freertos.o
       296          0          0          0          0       2975   gpio.o
      1106          0          0          0      15392       4385   heap_4.o
       288          0          0          0         84       7857   i2c.o
       298          0          0          0          0       2184   list.o
       674          0          0          0          0       5658   macnuam.o
       558          0          0          0          0       8459   main.o
      1236          0       2952         27          0       3418   oled.o
      1140         16          0          4          5       3812   port.o
        64         26        664          0       1536        812   startup_stm32h750xx.o
       244          0          0          5          4      13830   stm32h7xx_hal.o
       600          0          0          0          0      11574   stm32h7xx_hal_cortex.o
      4170          0          0          0          0      12752   stm32h7xx_hal_dma.o
      1076          0          0          0          0       6969   stm32h7xx_hal_gpio.o
      2376          0          0          0          0      37089   stm32h7xx_hal_i2c.o
       314          0          0          0          0       7252   stm32h7xx_hal_i2c_ex.o
        50          0          0          0          0       5313   stm32h7xx_hal_msp.o
       162          0          0          0          0      10388   stm32h7xx_hal_pwr_ex.o
      5184         66          0          0          0      11869   stm32h7xx_hal_rcc.o
      6684         96          0          0          0      19281   stm32h7xx_hal_rcc_ex.o
      7186         50          0          0          0      37590   stm32h7xx_hal_tim.o
       642          0          0          0          0      17458   stm32h7xx_hal_tim_ex.o
       228          0          0          0         76       9655   stm32h7xx_hal_timebase_tim.o
      8598        258         24          0          0      29188   stm32h7xx_hal_uart.o
       564          0         16          0          0       8845   stm32h7xx_hal_uart_ex.o
        86          0          0          0          0       1120   stm32h7xx_it.o
       346          0         16          8          0       5769   system_stm32h7xx.o
      4118         12          5          0        300      20344   tasks.o
      2280          0          0          0        532      14077   tim.o
       646          0          0          0        296      11480   usart.o

    ----------------------------------------------------------------------
     55604        572       3820        216      19680     358269   Object Totals
         0          0         32          0          0          0   (incl. Generated)
       590         16          0          4          3          0   (incl. Padding)

    ----------------------------------------------------------------------

      Code (inc. data)   RO Data    RW Data    ZI Data      Debug   Library Member Name

         8          0          0          0          0         68   __main.o
         0          0          0          0          0          0   __rtentry.o
        12          0          0          0          0          0   __rtentry2.o
         6          0          0          0          0          0   __rtentry4.o
        52          8          0          0          0          0   __scatter.o
        26          0          0          0          0          0   __scatter_copy.o
        28          0          0          0          0          0   __scatter_zi.o
         8          0          0          0          0         68   abs.o
        18          0          0          0          0         80   exit.o
         6          0          0          0          0        152   heapauxi.o
         0          0          0          0          0          0   indicate_semi.o
         2          0          0          0          0          0   libinit.o
         6          0          0          0          0          0   libinit2.o
         2          0          0          0          0          0   libshutdown.o
         2          0          0          0          0          0   libshutdown2.o
         8          4          0          0         96         68   libspace.o
       240          0          0          0          0        100   lludivv7m.o
        78          0          0          0          0         80   rt_memclr_w.o
       100          0          0          0          0         80   rt_memcpy_w.o
         2          0          0          0          0          0   rtexit.o
        10          0          0          0          0          0   rtexit2.o
        12          4          0          0          0         68   sys_exit.o
        74          0          0          0          0         80   sys_stackheap_outer.o
         2          0          0          0          0         68   use_no_semi.o
        26          0          0          0          0        116   fpinit.o

    ----------------------------------------------------------------------
       740         16          0          0         96       1028   Library Totals
        12          0          0          0          0          0   (incl. Padding)

    ----------------------------------------------------------------------

      Code (inc. data)   RO Data    RW Data    ZI Data      Debug   Library Name

       702         16          0          0         96        912   c_w.l
        26          0          0          0          0        116   fz_wv.l

    ----------------------------------------------------------------------
       740         16          0          0         96       1028   Library Totals

    ----------------------------------------------------------------------

==============================================================================


      Code (inc. data)   RO Data    RW Data    ZI Data      Debug   

     56344        588       3820        216      19776     358469   Grand Totals
     56344        588       3820        216      19776     358469   ELF Image Totals
     56344        588       3820        216          0          0   ROM Totals

==============================================================================

    Total RO  Size (Code + RO Data)                60164 (  58.75kB)
    Total RW  Size (RW Data + ZI Data)             19992 (  19.52kB)
    Total ROM Size (Code + RO Data + RW Data)      60380 (  58.96kB)

==============================================================================

