Component: ARM Compiler 5.05 update 1 (build 106) Tool: armlink [4d0efa]

==============================================================================

Section Cross References

    startup_stm32f405xx.o(STACK) refers (Special) to heapauxi.o(.text) for __use_two_region_memory
    startup_stm32f405xx.o(HEAP) refers (Special) to heapauxi.o(.text) for __use_two_region_memory
    startup_stm32f405xx.o(RESET) refers (Special) to heapauxi.o(.text) for __use_two_region_memory
    startup_stm32f405xx.o(RESET) refers to startup_stm32f405xx.o(STACK) for __initial_sp
    startup_stm32f405xx.o(RESET) refers to startup_stm32f405xx.o(.text) for Reset_Handler
    startup_stm32f405xx.o(RESET) refers to stm32f4xx_it.o(i.NMI_Handler) for NMI_Handler
    startup_stm32f405xx.o(RESET) refers to stm32f4xx_it.o(i.HardFault_Handler) for HardFault_Handler
    startup_stm32f405xx.o(RESET) refers to stm32f4xx_it.o(i.MemManage_Handler) for MemManage_Handler
    startup_stm32f405xx.o(RESET) refers to stm32f4xx_it.o(i.BusFault_Handler) for BusFault_Handler
    startup_stm32f405xx.o(RESET) refers to stm32f4xx_it.o(i.UsageFault_Handler) for UsageFault_Handler
    startup_stm32f405xx.o(RESET) refers to port.o(.emb_text) for SVC_Handler
    startup_stm32f405xx.o(RESET) refers to stm32f4xx_it.o(i.DebugMon_Handler) for DebugMon_Handler
    startup_stm32f405xx.o(RESET) refers to port.o(i.SysTick_Handler) for SysTick_Handler
    startup_stm32f405xx.o(RESET) refers to stm32f4xx_it.o(i.DMA1_Stream0_IRQHandler) for DMA1_Stream0_IRQHandler
    startup_stm32f405xx.o(RESET) refers to stm32f4xx_it.o(i.DMA1_Stream1_IRQHandler) for DMA1_Stream1_IRQHandler
    startup_stm32f405xx.o(RESET) refers to remote_control.o(i.USART3_IRQHandler) for USART3_IRQHandler
    startup_stm32f405xx.o(RESET) refers to stm32f4xx_it.o(i.UART5_IRQHandler) for UART5_IRQHandler
    startup_stm32f405xx.o(RESET) refers to stm32f4xx_it.o(i.TIM6_DAC_IRQHandler) for TIM6_DAC_IRQHandler
    startup_stm32f405xx.o(.text) refers (Special) to heapauxi.o(.text) for __use_two_region_memory
    startup_stm32f405xx.o(.text) refers to system_stm32f4xx.o(i.SystemInit) for SystemInit
    startup_stm32f405xx.o(.text) refers to __main.o(!!!main) for __main
    startup_stm32f405xx.o(.text) refers to startup_stm32f405xx.o(HEAP) for Heap_Mem
    startup_stm32f405xx.o(.text) refers to startup_stm32f405xx.o(STACK) for Stack_Mem
    main.o(i.HAL_TIM_PeriodElapsedCallback) refers to stm32f4xx_hal.o(i.HAL_IncTick) for HAL_IncTick
    main.o(i.SystemClock_Config) refers to rt_memclr_w.o(.text) for __aeabi_memclr4
    main.o(i.SystemClock_Config) refers to stm32f4xx_hal_rcc.o(i.HAL_RCC_OscConfig) for HAL_RCC_OscConfig
    main.o(i.SystemClock_Config) refers to main.o(i.Error_Handler) for Error_Handler
    main.o(i.SystemClock_Config) refers to stm32f4xx_hal_rcc.o(i.HAL_RCC_ClockConfig) for HAL_RCC_ClockConfig
    main.o(i.main) refers to stm32f4xx_hal.o(i.HAL_Init) for HAL_Init
    main.o(i.main) refers to main.o(i.SystemClock_Config) for SystemClock_Config
    main.o(i.main) refers to gpio.o(i.MX_GPIO_Init) for MX_GPIO_Init
    main.o(i.main) refers to dma.o(i.MX_DMA_Init) for MX_DMA_Init
    main.o(i.main) refers to tim.o(i.MX_TIM1_Init) for MX_TIM1_Init
    main.o(i.main) refers to tim.o(i.MX_TIM2_Init) for MX_TIM2_Init
    main.o(i.main) refers to tim.o(i.MX_TIM3_Init) for MX_TIM3_Init
    main.o(i.main) refers to tim.o(i.MX_TIM4_Init) for MX_TIM4_Init
    main.o(i.main) refers to tim.o(i.MX_TIM5_Init) for MX_TIM5_Init
    main.o(i.main) refers to tim.o(i.MX_TIM8_Init) for MX_TIM8_Init
    main.o(i.main) refers to usart.o(i.MX_USART3_UART_Init) for MX_USART3_UART_Init
    main.o(i.main) refers to usart.o(i.MX_UART5_Init) for MX_UART5_Init
    main.o(i.main) refers to tim.o(i.MX_TIM11_Init) for MX_TIM11_Init
    main.o(i.main) refers to stm32f4xx_hal_tim.o(i.HAL_TIM_PWM_Start) for HAL_TIM_PWM_Start
    main.o(i.main) refers to stm32f4xx_hal_uart.o(i.HAL_UART_Receive_DMA) for HAL_UART_Receive_DMA
    main.o(i.main) refers to remote_control.o(i.remote_control_init) for remote_control_init
    main.o(i.main) refers to remote_control.o(i.get_remote_control_point) for get_remote_control_point
    main.o(i.main) refers to freertos.o(i.MX_FREERTOS_Init) for MX_FREERTOS_Init
    main.o(i.main) refers to cmsis_os.o(i.osKernelStart) for osKernelStart
    main.o(i.main) refers to tim.o(.bss) for htim5
    main.o(i.main) refers to usart.o(.bss) for huart5
    main.o(i.main) refers to remote_control.o(.bss) for uart5_rx_buf
    main.o(i.main) refers to main.o(.data) for local_rc_ctrl
    gpio.o(i.MX_GPIO_Init) refers to rt_memclr_w.o(.text) for __aeabi_memclr4
    gpio.o(i.MX_GPIO_Init) refers to stm32f4xx_hal_gpio.o(i.HAL_GPIO_WritePin) for HAL_GPIO_WritePin
    gpio.o(i.MX_GPIO_Init) refers to stm32f4xx_hal_gpio.o(i.HAL_GPIO_Init) for HAL_GPIO_Init
    freertos.o(i.Calculate) refers to stm32f4xx_hal_gpio.o(i.HAL_GPIO_WritePin) for HAL_GPIO_WritePin
[...]
    i.HAL_IncTick                            0x080011b0   Section        0  stm32f4xx_hal.o(i.HAL_IncTick)
    i.HAL_Init                               0x080011c8   Section        0  stm32f4xx_hal.o(i.HAL_Init)
    i.HAL_InitTick                           0x08001204   Section        0  stm32f4xx_hal_timebase_tim.o(i.HAL_InitTick)
    i.HAL_MspInit                            0x080012b8   Section        0  stm32f4xx_hal_msp.o(i.HAL_MspInit)
    i.HAL_NVIC_EnableIRQ                     0x0800130c   Section        0  stm32f4xx_hal_cortex.o(i.HAL_NVIC_EnableIRQ)
    i.HAL_NVIC_SetPriority                   0x08001334   Section        0  stm32f4xx_hal_cortex.o(i.HAL_NVIC_SetPriority)
    i.HAL_NVIC_SetPriorityGrouping           0x080013b0   Section        0  stm32f4xx_hal_cortex.o(i.HAL_NVIC_SetPriorityGrouping)
    i.HAL_RCC_ClockConfig                    0x080013d8   Section        0  stm32f4xx_hal_rcc.o(i.HAL_RCC_ClockConfig)
    i.HAL_RCC_GetClockConfig                 0x0800155c   Section        0  stm32f4xx_hal_rcc.o(i.HAL_RCC_GetClockConfig)
    i.HAL_RCC_GetHCLKFreq                    0x080015a0   Section        0  stm32f4xx_hal_rcc.o(i.HAL_RCC_GetHCLKFreq)
    i.HAL_RCC_GetPCLK1Freq                   0x080015ac   Section        0  stm32f4xx_hal_rcc.o(i.HAL_RCC_GetPCLK1Freq)
    i.HAL_RCC_GetPCLK2Freq                   0x080015cc   Section        0  stm32f4xx_hal_rcc.o(i.HAL_RCC_GetPCLK2Freq)
    i.HAL_RCC_GetSysClockFreq                0x080015ec   Section        0  stm32f4xx_hal_rcc.o(i.HAL_RCC_GetSysClockFreq)
    i.HAL_RCC_OscConfig                      0x0800169c   Section        0  stm32f4xx_hal_rcc.o(i.HAL_RCC_OscConfig)
    i.HAL_TIMEx_BreakCallback                0x08001b38   Section        0  stm32f4xx_hal_tim_ex.o(i.HAL_TIMEx_BreakCallback)
    i.HAL_TIMEx_CommutCallback               0x08001b3a   Section        0  stm32f4xx_hal_tim_ex.o(i.HAL_TIMEx_CommutCallback)
    i.HAL_TIMEx_MasterConfigSynchronization  0x08001b3c   Section        0  stm32f4xx_hal_tim_ex.o(i.HAL_TIMEx_MasterConfigSynchronization)
    i.HAL_TIM_Base_Init                      0x08001bf0   Section        0  stm32f4xx_hal_tim.o(i.HAL_TIM_Base_Init)
    i.HAL_TIM_Base_MspInit                   0x08001c58   Section        0  tim.o(i.HAL_TIM_Base_MspInit)
    i.HAL_TIM_Base_Start_IT                  0x08001cbc   Section        0  stm32f4xx_hal_tim.o(i.HAL_TIM_Base_Start_IT)
    i.HAL_TIM_ConfigClockSource              0x08001d64   Section        0  stm32f4xx_hal_tim.o(i.HAL_TIM_ConfigClockSource)
    i.HAL_TIM_Encoder_Init                   0x08001e70   Section        0  stm32f4xx_hal_tim.o(i.HAL_TIM_Encoder_Init)
    i.HAL_TIM_Encoder_MspInit                0x08001f38   Section        0  tim.o(i.HAL_TIM_Encoder_MspInit)
    i.HAL_TIM_Encoder_Start                  0x080021b8   Section        0  stm32f4xx_hal_tim.o(i.HAL_TIM_Encoder_Start)
    i.HAL_TIM_IC_CaptureCallback             0x08002284   Section        0  stm32f4xx_hal_tim.o(i.HAL_TIM_IC_CaptureCallback)
    i.HAL_TIM_IRQHandler                     0x08002286   Section        0  stm32f4xx_hal_tim.o(i.HAL_TIM_IRQHandler)
    i.HAL_TIM_MspPostInit                    0x080023f4   Section        0  tim.o(i.HAL_TIM_MspPostInit)
    i.HAL_TIM_OC_DelayElapsedCallback        0x080024a0   Section        0  stm32f4xx_hal_tim.o(i.HAL_TIM_OC_DelayElapsedCallback)
    i.HAL_TIM_PWM_ConfigChannel              0x080024a2   Section        0  stm32f4xx_hal_tim.o(i.HAL_TIM_PWM_ConfigChannel)
    i.HAL_TIM_PWM_Init                       0x080025a6   Section        0  stm32f4xx_hal_tim.o(i.HAL_TIM_PWM_Init)
    i.HAL_TIM_PWM_MspInit                    0x0800260c   Section        0  stm32f4xx_hal_tim.o(i.HAL_TIM_PWM_MspInit)
    i.HAL_TIM_PWM_PulseFinishedCallback      0x0800260e   Section        0  stm32f4xx_hal_tim.o(i.HAL_TIM_PWM_PulseFinishedCallback)
    i.HAL_TIM_PWM_Start                      0x08002610   Section        0  stm32f4xx_hal_tim.o(i.HAL_TIM_PWM_Start)
    i.HAL_TIM_PeriodElapsedCallback          0x0800271c   Section        0  main.o(i.HAL_TIM_PeriodElapsedCallback)
    i.HAL_TIM_TriggerCallback                0x08002734   Section        0  stm32f4xx_hal_tim.o(i.HAL_TIM_TriggerCallback)
    i.HAL_UARTEx_RxEventCallback             0x08002736   Section        0  stm32f4xx_hal_uart.o(i.HAL_UARTEx_RxEventCallback)
    i.HAL_UART_DMAStop                       0x08002738   Section        0  stm32f4xx_hal_uart.o(i.HAL_UART_DMAStop)
    i.HAL_UART_ErrorCallback                 0x080027c2   Section        0  stm32f4xx_hal_uart.o(i.HAL_UART_ErrorCallback)
    i.HAL_UART_IRQHandler                    0x080027c4   Section        0  stm32f4xx_hal_uart.o(i.HAL_UART_IRQHandler)
    i.HAL_UART_Init                          0x08002aac   Section        0  stm32f4xx_hal_uart.o(i.HAL_UART_Init)
    i.HAL_UART_MspInit                       0x08002b24   Section        0  usart.o(i.HAL_UART_MspInit)
    i.HAL_UART_Receive_DMA                   0x08002d0c   Section        0  stm32f4xx_hal_uart.o(i.HAL_UART_Receive_DMA)
    i.HAL_UART_RxCpltCallback                0x08002d38   Section        0  stm32f4xx_it.o(i.HAL_UART_RxCpltCallback)
    i.HAL_UART_RxHalfCpltCallback            0x08002d78   Section        0  stm32f4xx_hal_uart.o(i.HAL_UART_RxHalfCpltCallback)
    i.HAL_UART_Transmit                      0x08002d7a   Section        0  stm32f4xx_hal_uart.o(i.HAL_UART_Transmit)
    i.HAL_UART_TxCpltCallback                0x08002e38   Section        0  stm32f4xx_hal_uart.o(i.HAL_UART_TxCpltCallback)
    i.HardFault_Handler                      0x08002e3a   Section        0  stm32f4xx_it.o(i.HardFault_Handler)
    i.MX_DMA_Init                            0x08002e40   Section        0  dma.o(i.MX_DMA_Init)
    i.MX_FREERTOS_Init                       0x08002e88   Section        0  freertos.o(i.MX_FREERTOS_Init)
    i.MX_GPIO_Init                           0x08002ee8   Section        0  gpio.o(i.MX_GPIO_Init)
    i.MX_TIM11_Init                          0x08002ff4   Section        0  tim.o(i.MX_TIM11_Init)
    i.MX_TIM1_Init                           0x08003060   Section        0  tim.o(i.MX_TIM1_Init)
    i.MX_TIM2_Init                           0x080030dc   Section        0  tim.o(i.MX_TIM2_Init)
    i.MX_TIM3_Init                           0x08003154   Section        0  tim.o(i.MX_TIM3_Init)
    i.MX_TIM4_Init                           0x080031d0   Section        0  tim.o(i.MX_TIM4_Init)
    i.MX_TIM5_Init                           0x0800324c   Section        0  tim.o(i.MX_TIM5_Init)
    i.MX_TIM8_Init                           0x08003310   Section        0  tim.o(i.MX_TIM8_Init)
    i.MX_UART5_Init                          0x0800338c   Section        0  usart.o(i.MX_UART5_Init)
    i.MX_USART3_UART_Init                    0x080033c4   Section        0  usart.o(i.MX_USART3_UART_Init)
    i.Macnuam                                0x08003400   Section        0  freertos.o(i.Macnuam)
    i.Macnuam2                               0x08003420   Section        0  freertos.o(i.Macnuam2)
    i.MemManage_Handler                      0x0800342a   Section        0  stm32f4xx_it.o(i.MemManage_Handler)
    i.MotorFunc                              0x08003430   Section        0  freertos.o(i.MotorFunc)
    i.NMI_Handler                            0x0800382c   Section        0  stm32f4xx_it.o(i.NMI_Handler)
    i.RC_init                                0x08003830   Section        0  bsp_rc.o(i.RC_init)
    i.Servo_SetAngle_1                       0x080038cc   Section        0  freertos.o(i.Servo_SetAngle_1)
    i.Servo_SetAngle_2                       0x080038ec   Section        0  freertos.o(i.Servo_SetAngle_2)
    i.StartDefaultTask                       0x0800390c   Section        0  freertos.o(i.StartDefaultTask)
    i.SysTick_Handler                        0x08003918   Section        0  port.o(i.SysTick_Handler)
    i.SystemClock_Config                     0x0800394c   Section        0  main.o(i.SystemClock_Config)
    i.SystemInit                             0x08003a04   Section        0  system_stm32f4xx.o(i.SystemInit)
    i.TIM6_DAC_IRQHandler                    0x08003a18   Section        0  stm32f4xx_it.o(i.TIM6_DAC_IRQHandler)
    i.TIM_Base_SetConfig                     0x08003a28   Section        0  stm32f4xx_hal_tim.o(i.TIM_Base_SetConfig)
    i.TIM_CCxChannelCmd                      0x08003b10   Section        0  stm32f4xx_hal_tim.o(i.TIM_CCxChannelCmd)
    i.TIM_ETR_SetConfig                      0x08003b32   Section        0  stm32f4xx_hal_tim.o(i.TIM_ETR_SetConfig)
    i.TIM_ITRx_SetConfig                     0x08003b48   Section        0  stm32f4xx_hal_tim.o(i.TIM_ITRx_SetConfig)
    TIM_ITRx_SetConfig                       0x08003b49   Thumb Code    18  stm32f4xx_hal_tim.o(i.TIM_ITRx_SetConfig)
    i.TIM_OC1_SetConfig                      0x08003b5c   Section        0  stm32f4xx_hal_tim.o(i.TIM_OC1_SetConfig)
    TIM_OC1_SetConfig                        0x08003b5d   Thumb Code   104  stm32f4xx_hal_tim.o(i.TIM_OC1_SetConfig)
    i.TIM_OC2_SetConfig                      0x08003bcc   Section        0  stm32f4xx_hal_tim.o(i.TIM_OC2_SetConfig)
    i.TIM_OC3_SetConfig                      0x08003c48   Section        0  stm32f4xx_hal_tim.o(i.TIM_OC3_SetConfig)
    TIM_OC3_SetConfig                        0x08003c49   Thumb Code   112  stm32f4xx_hal_tim.o(i.TIM_OC3_SetConfig)
    i.TIM_OC4_SetConfig                      0x08003cc0   Section        0  stm32f4xx_hal_tim.o(i.TIM_OC4_SetConfig)
    TIM_OC4_SetConfig                        0x08003cc1   Thumb Code    74  stm32f4xx_hal_tim.o(i.TIM_OC4_SetConfig)
    i.TIM_TI1_ConfigInputStage               0x08003d14   Section        0  stm32f4xx_hal_tim.o(i.TIM_TI1_ConfigInputStage)
    TIM_TI1_ConfigInputStage                 0x08003d15   Thumb Code    38  stm32f4xx_hal_tim.o(i.TIM_TI1_ConfigInputStage)
    i.TIM_TI2_ConfigInputStage               0x08003d3a   Section        0  stm32f4xx_hal_tim.o(i.TIM_TI2_ConfigInputStage)
    TIM_TI2_ConfigInputStage                 0x08003d3b   Thumb Code    40  stm32f4xx_hal_tim.o(i.TIM_TI2_ConfigInputStage)
    i.UART5_IRQHandler                       0x08003d64   Section        0  stm32f4xx_it.o(i.UART5_IRQHandler)
    i.UART5_IdleCallback                     0x08003db0   Section        0  stm32f4xx_it.o(i.UART5_IdleCallback)
    i.UART_DMAAbortOnError                   0x08003ddc   Section        0  stm32f4xx_hal_uart.o(i.UART_DMAAbortOnError)
    UART_DMAAbortOnError                     0x08003ddd   Thumb Code    20  stm32f4xx_hal_uart.o(i.UART_DMAAbortOnError)
    i.UART_DMAError                          0x08003df0   Section        0  stm32f4xx_hal_uart.o(i.UART_DMAError)
    UART_DMAError                            0x08003df1   Thumb Code    80  stm32f4xx_hal_uart.o(i.UART_DMAError)
    i.UART_DMAReceiveCplt                    0x08003e40   Section        0  stm32f4xx_hal_uart.o(i.UART_DMAReceiveCplt)
    UART_DMAReceiveCplt                      0x08003e41   Thumb Code   180  stm32f4xx_hal_uart.o(i.UART_DMAReceiveCplt)
    i.UART_DMARxHalfCplt                     0x08003ef4   Section        0  stm32f4xx_hal_uart.o(i.UART_DMARxHalfCplt)
    UART_DMARxHalfCplt                       0x08003ef5   Thumb Code    36  stm32f4xx_hal_uart.o(i.UART_DMARxHalfCplt)
    i.UART_EndRxTransfer                     0x08003f18   Section        0  stm32f4xx_hal_uart.o(i.UART_EndRxTransfer)
    UART_EndRxTransfer                       0x08003f19   Thumb Code   108  stm32f4xx_hal_uart.o(i.UART_EndRxTransfer)
    i.UART_EndTransmit_IT                    0x08003f84   Section        0  stm32f4xx_hal_uart.o(i.UART_EndTransmit_IT)
    UART_EndTransmit_IT                      0x08003f85   Thumb Code    32  stm32f4xx_hal_uart.o(i.UART_EndTransmit_IT)
    i.UART_EndTxTransfer                     0x08003fa4   Section        0  stm32f4xx_hal_uart.o(i.UART_EndTxTransfer)
    UART_EndTxTransfer                       0x08003fa5   Thumb Code    38  stm32f4xx_hal_uart.o(i.UART_EndTxTransfer)
    i.UART_Receive_IT                        0x08003fca   Section        0  stm32f4xx_hal_uart.o(i.UART_Receive_IT)
    UART_Receive_IT                          0x08003fcb   Thumb Code   252  stm32f4xx_hal_uart.o(i.UART_Receive_IT)
    i.UART_SetConfig                         0x080040c8   Section        0  stm32f4xx_hal_uart.o(i.UART_SetConfig)
    UART_SetConfig                           0x080040c9   Thumb Code   546  stm32f4xx_hal_uart.o(i.UART_SetConfig)
    i.UART_Start_Receive_DMA                 0x080042f4   Section        0  stm32f4xx_hal_uart.o(i.UART_Start_Receive_DMA)
    i.UART_Transmit_IT                       0x080043bc   Section        0  stm32f4xx_hal_uart.o(i.UART_Transmit_IT)
    UART_Transmit_IT                         0x080043bd   Thumb Code    96  stm32f4xx_hal_uart.o(i.UART_Transmit_IT)
    i.UART_WaitOnFlagUntilTimeout            0x0800441c   Section        0  stm32f4xx_hal_uart.o(i.UART_WaitOnFlagUntilTimeout)
    UART_WaitOnFlagUntilTimeout              0x0800441d   Thumb Code   140  stm32f4xx_hal_uart.o(i.UART_WaitOnFlagUntilTimeout)
    i.USART3_IRQHandler                      0x080044a8   Section        0  remote_control.o(i.USART3_IRQHandler)
    i.UsageFault_Handler                     0x080045cc   Section        0  stm32f4xx_it.o(i.UsageFault_Handler)
    i.__NVIC_GetPriorityGrouping             0x080045d0   Section        0  stm32f4xx_hal_cortex.o(i.__NVIC_GetPriorityGrouping)
    __NVIC_GetPriorityGrouping               0x080045d1   Thumb Code    10  stm32f4xx_hal_cortex.o(i.__NVIC_GetPriorityGrouping)
    i.__NVIC_SetPriority                     0x080045e0   Section        0  stm32f4xx_hal_cortex.o(i.__NVIC_SetPriority)
    __NVIC_SetPriority                       0x080045e1   Thumb Code    32  stm32f4xx_hal_cortex.o(i.__NVIC_SetPriority)
    i.get_remote_control_point               0x08004608   Section        0  remote_control.o(i.get_remote_control_point)
    i.main                                   0x08004610   Section        0  main.o(i.main)
    i.makeFreeRtosPriority                   0x080046e4   Section        0  cmsis_os.o(i.makeFreeRtosPriority)
    makeFreeRtosPriority                     0x080046e5   Thumb Code    14  cmsis_os.o(i.makeFreeRtosPriority)
    i.osDelay                                0x080046f2   Section        0  cmsis_os.o(i.osDelay)
    i.osKernelStart                          0x0800470a   Section        0  cmsis_os.o(i.osKernelStart)
    i.osThreadCreate                         0x08004714   Section        0  cmsis_os.o(i.osThreadCreate)
    i.prvAddCurrentTaskToDelayedList         0x08004774   Section        0  tasks.o(i.prvAddCurrentTaskToDelayedList)
    prvAddCurrentTaskToDelayedList           0x08004775   Thumb Code   124  tasks.o(i.prvAddCurrentTaskToDelayedList)
    i.prvAddNewTaskToReadyList               0x0800480c   Section        0  tasks.o(i.prvAddNewTaskToReadyList)
    prvAddNewTaskToReadyList                 0x0800480d   Thumb Code   150  tasks.o(i.prvAddNewTaskToReadyList)
    i.prvCheckTasksWaitingTermination        0x080048c0   Section        0  tasks.o(i.prvCheckTasksWaitingTermination)
    prvCheckTasksWaitingTermination          0x080048c1   Thumb Code    60  tasks.o(i.prvCheckTasksWaitingTermination)
    i.prvDeleteTCB                           0x08004908   Section        0  tasks.o(i.prvDeleteTCB)
    prvDeleteTCB                             0x08004909   Thumb Code    80  tasks.o(i.prvDeleteTCB)
    i.prvHeapInit                            0x08004958   Section        0  heap_4.o(i.prvHeapInit)
    prvHeapInit                              0x08004959   Thumb Code    98  heap_4.o(i.prvHeapInit)
    i.prvIdleTask                            0x080049d4   Section        0  tasks.o(i.prvIdleTask)
    prvIdleTask                              0x080049d5   Thumb Code    32  tasks.o(i.prvIdleTask)
    i.prvInitialiseNewTask                   0x080049fc   Section        0  tasks.o(i.prvInitialiseNewTask)
    prvInitialiseNewTask                     0x080049fd   Thumb Code   180  tasks.o(i.prvInitialiseNewTask)
    i.prvInitialiseTaskLists                 0x08004ab0   Section        0  tasks.o(i.prvInitialiseTaskLists)
    prvInitialiseTaskLists                   0x08004ab1   Thumb Code    70  tasks.o(i.prvInitialiseTaskLists)
    i.prvInsertBlockIntoFreeList             0x08004b18   Section        0  heap_4.o(i.prvInsertBlockIntoFreeList)
    prvInsertBlockIntoFreeList               0x08004b19   Thumb Code    96  heap_4.o(i.prvInsertBlockIntoFreeList)
    i.prvResetNextTaskUnblockTime            0x08004b80   Section        0  tasks.o(i.prvResetNextTaskUnblockTime)
    prvResetNextTaskUnblockTime              0x08004b81   Thumb Code    42  tasks.o(i.prvResetNextTaskUnblockTime)
    i.prvTaskExitError                       0x08004bb4   Section        0  port.o(i.prvTaskExitError)
    prvTaskExitError                         0x08004bb5   Thumb Code    60  port.o(i.prvTaskExitError)
    i.pvPortMalloc                           0x08004bf4   Section        0  heap_4.o(i.pvPortMalloc)
    i.pxPortInitialiseStack                  0x08004d40   Section        0  port.o(i.pxPortInitialiseStack)
    i.remote_control_init                    0x08004d6c   Section        0  remote_control.o(i.remote_control_init)
    i.sbus_to_rc                             0x08004d80   Section        0  remote_control.o(i.sbus_to_rc)
    sbus_to_rc                               0x08004d81   Thumb Code   218  remote_control.o(i.sbus_to_rc)
    i.uxListRemove                           0x08004e5a   Section        0  list.o(i.uxListRemove)
    i.vApplicationGetIdleTaskMemory          0x08004e84   Section        0  freertos.o(i.vApplicationGetIdleTaskMemory)
    i.vListInitialise                        0x08004e9c   Section        0  list.o(i.vListInitialise)
    i.vListInitialiseItem                    0x08004eb6   Section        0  list.o(i.vListInitialiseItem)
    i.vListInsert                            0x08004ebc   Section        0  list.o(i.vListInsert)
    i.vListInsertEnd                         0x08004ef0   Section        0  list.o(i.vListInsertEnd)
    i.vPortEnterCritical                     0x08004f08   Section        0  port.o(i.vPortEnterCritical)
    i.vPortExitCritical                      0x08004f5c   Section        0  port.o(i.vPortExitCritical)
    i.vPortFree                              0x08004f98   Section        0  heap_4.o(i.vPortFree)
    i.vPortSetupTimerInterrupt               0x0800503c   Section        0  port.o(i.vPortSetupTimerInterrupt)
    i.vTaskDelay                             0x08005064   Section        0  tasks.o(i.vTaskDelay)
    i.vTaskStartScheduler                    0x080050c0   Section        0  tasks.o(i.vTaskStartScheduler)
    i.vTaskSuspendAll                        0x08005170   Section        0  tasks.o(i.vTaskSuspendAll)
    i.vTaskSwitchContext                     0x08005180   Section        0  tasks.o(i.vTaskSwitchContext)
    i.xPortStartScheduler                    0x0800520c   Section        0  port.o(i.xPortStartScheduler)
    i.xTaskCreate                            0x08005374   Section        0  tasks.o(i.xTaskCreate)
    i.xTaskCreateStatic                      0x080053d8   Section        0  tasks.o(i.xTaskCreateStatic)
    i.xTaskIncrementTick                     0x08005494   Section        0  tasks.o(i.xTaskIncrementTick)
    i.xTaskResumeAll                         0x080055dc   Section        0  tasks.o(i.xTaskResumeAll)
    x$fpl$fpinit                             0x080056e0   Section       10  fpinit.o(x$fpl$fpinit)
    $v0                                      0x080056e0   Number         0  fpinit.o(x$fpl$fpinit)
    .constdata                               0x080056ec   Section       84  freertos.o(.constdata)
    .constdata                               0x08005740   Section        8  stm32f4xx_hal_dma.o(.constdata)
    flagBitshiftOffset                       0x08005740   Data           8  stm32f4xx_hal_dma.o(.constdata)
    .constdata                               0x08005748   Section       24  system_stm32f4xx.o(.constdata)
    .conststring                             0x08005760   Section       26  freertos.o(.conststring)
    .data                                    0x20000000   Section        4  main.o(.data)
    .data                                    0x20000004   Section       40  freertos.o(.data)
    .data                                    0x2000002c   Section        9  stm32f4xx_hal.o(.data)
    .data                                    0x20000038   Section        4  system_stm32f4xx.o(.data)
    .data                                    0x2000003c   Section       60  tasks.o(.data)
    pxDelayedTaskList                        0x20000040   Data           4  tasks.o(.data)
    pxOverflowDelayedTaskList                0x20000044   Data           4  tasks.o(.data)
    uxDeletedTasksWaitingCleanUp             0x20000048   Data           4  tasks.o(.data)
    uxCurrentNumberOfTasks                   0x2000004c   Data           4  tasks.o(.data)
    xTickCount                               0x20000050   Data           4  tasks.o(.data)
    uxTopReadyPriority                       0x20000054   Data           4  tasks.o(.data)
    xSchedulerRunning                        0x20000058   Data           4  tasks.o(.data)
    xPendedTicks                             0x2000005c   Data           4  tasks.o(.data)
    xYieldPending                            0x20000060   Data           4  tasks.o(.data)
    xNumOfOverflows                          0x20000064   Data           4  tasks.o(.data)
    uxTaskNumber                             0x20000068   Data           4  tasks.o(.data)
    xNextTaskUnblockTime                     0x2000006c   Data           4  tasks.o(.data)
    xIdleTaskHandle                          0x20000070   Data           4  tasks.o(.data)
    uxSchedulerSuspended                     0x20000074   Data           4  tasks.o(.data)
    .data                                    0x20000078   Section       32  heap_4.o(.data)
    xStart                                   0x20000078   Data           8  heap_4.o(.data)
    pxEnd                                    0x20000080   Data           4  heap_4.o(.data)
    xFreeBytesRemaining                      0x20000084   Data           4  heap_4.o(.data)
    xMinimumEverFreeBytesRemaining           0x20000088   Data           4  heap_4.o(.data)
    xNumberOfSuccessfulAllocations           0x2000008c   Data           4  heap_4.o(.data)
    xNumberOfSuccessfulFrees                 0x20000090   Data           4  heap_4.o(.data)
    xBlockAllocatedBit                       0x20000094   Data           4  heap_4.o(.data)
    .data                                    0x20000098   Section       12  port.o(.data)
    uxCriticalNesting                        0x20000098   Data           4  port.o(.data)
    ucMaxSysCallPriority                     0x2000009c   Data           1  port.o(.data)
    ulMaxPRIGROUPValue                       0x200000a0   Data           4  port.o(.data)
    .data                                    0x200000a4   Section        2  remote_control.o(.data)
    this_time_rx_len                         0x200000a4   Data           2  remote_control.o(.data)
    .bss                                     0x200000a8   Section     1196  freertos.o(.bss)
    xIdleTaskTCBBuffer                       0x20000300   Data          84  freertos.o(.bss)
    xIdleStack                               0x20000354   Data         512  freertos.o(.bss)
    .bss                                     0x20000554   Section      504  tim.o(.bss)
    .bss                                     0x2000074c   Section      336  usart.o(.bss)
    .bss                                     0x2000089c   Section       72  stm32f4xx_hal_timebase_tim.o(.bss)
    .bss                                     0x200008e4   Section      240  tasks.o(.bss)
    pxReadyTasksLists                        0x200008e4   Data         140  tasks.o(.bss)
    xDelayedTaskList1                        0x20000970   Data          20  tasks.o(.bss)
    xDelayedTaskList2                        0x20000984   Data          20  tasks.o(.bss)
    xPendingReadyList                        0x20000998   Data          20  tasks.o(.bss)
    xTasksWaitingTermination                 0x200009ac   Data          20  tasks.o(.bss)
    xSuspendedTaskList                       0x200009c0   Data          20  tasks.o(.bss)
    .bss                                     0x200009d4   Section    15360  heap_4.o(.bss)
    ucHeap                                   0x200009d4   Data       15360  heap_4.o(.bss)
    .bss                                     0x200045d4   Section      128  remote_control.o(.bss)
    sbus_rx_buf                              0x2000460c   Data          72  remote_control.o(.bss)
    .bss                                     0x20004654   Section       96  libspace.o(.bss)
    HEAP                                     0x200046b8   Section      512  startup_stm32f405xx.o(HEAP)
    Heap_Mem                                 0x200046b8   Data         512  startup_stm32f405xx.o(HEAP)
    STACK                                    0x200048b8   Section     1024  startup_stm32f405xx.o(STACK)
    Stack_Mem                                0x200048b8   Data        1024  startup_stm32f405xx.o(STACK)
    __initial_sp                             0x20004cb8   Data           0  startup_stm32f405xx.o(STACK)

    Global Symbols

    Symbol Name                              Value     Ov Type        Size  Object(Section)

    BuildAttributes$$THM_ISAv4$E$P$D$K$B$S$7EM$VFPi3$EXTD16$VFPS$VFMA$PE$A:L22UL41UL21$X:L11$S22US41US21$IEEE1$IW$USESV6$~STKCKD$USESV7$~SHL$OSPACE$ROPI$EBA8$UX$STANDARDLIB$REQ8$PRES8$EABIv2 0x00000000   Number         0  anon$$obj.o ABSOLUTE
    __ARM_use_no_argv                        0x00000000   Number         0  main.o ABSOLUTE
    __ARM_exceptions_init                     - Undefined Weak Reference
    __alloca_initialize                       - Undefined Weak Reference
    __arm_preinit_                            - Undefined Weak Reference
    __cpp_initialize__aeabi_                  - Undefined Weak Reference
    __cxa_finalize                            - Undefined Weak Reference
    __rt_locale                               - Undefined Weak Reference
    __sigvec_lookup                           - Undefined Weak Reference
    _atexit_init                              - Undefined Weak Reference
    _call_atexit_fns                          - Undefined Weak Reference
    _clock_init                               - Undefined Weak Reference
    _fp_trap_init                             - Undefined Weak Reference
    _fp_trap_shutdown                         - Undefined Weak Reference
    _get_lc_collate                           - Undefined Weak Reference
    _get_lc_ctype                             - Undefined Weak Reference
    _get_lc_monetary                          - Undefined Weak Reference
    _get_lc_numeric                           - Undefined Weak Reference
    _get_lc_time                              - Undefined Weak Reference
    _getenv_init                              - Undefined Weak Reference
    _handle_redirection                       - Undefined Weak Reference
    _init_alloc                               - Undefined Weak Reference
    _init_user_alloc                          - Undefined Weak Reference
    _initio                                   - Undefined Weak Reference
    _rand_init                                - Undefined Weak Reference
    _signal_finish                            - Undefined Weak Reference
    _signal_init                              - Undefined Weak Reference
    _terminate_alloc                          - Undefined Weak Reference
    _terminate_user_alloc                     - Undefined Weak Reference
    _terminateio                              - Undefined Weak Reference
    __Vectors_Size                           0x00000188   Number         0  startup_stm32f405xx.o ABSOLUTE
    __Vectors                                0x08000000   Data           4  startup_stm32f405xx.o(RESET)
    __Vectors_End                            0x08000188   Data           0  startup_stm32f405xx.o(RESET)
    __main                                   0x08000189   Thumb Code     8  __main.o(!!!main)
    __scatterload                            0x08000191   Thumb Code     0  __scatter.o(!!!scatter)
    __scatterload_rt2                        0x08000191   Thumb Code    44  __scatter.o(!!!scatter)
    __scatterload_rt2_thumb_only             0x08000191   Thumb Code     0  __scatter.o(!!!scatter)
    __scatterload_null                       0x0800019f   Thumb Code     0  __scatter.o(!!!scatter)
    __scatterload_copy                       0x080001c5   Thumb Code    26  __scatter_copy.o(!!handler_copy)
    __scatterload_zeroinit                   0x080001e1   Thumb Code    28  __scatter_zi.o(!!handler_zi)
    __rt_lib_init                            0x080001fd   Thumb Code     0  libinit.o(.ARM.Collect$$libinit$$00000000)
    __rt_lib_init_fp_1                       0x080001ff   Thumb Code     0  libinit2.o(.ARM.Collect$$libinit$$00000001)
    __rt_lib_init_alloca_1                   0x08000203   Thumb Code     0  libinit2.o(.ARM.Collect$$libinit$$0000002E)
    __rt_lib_init_argv_1                     0x08000203   Thumb Code     0  libinit2.o(.ARM.Collect$$libinit$$0000002C)
    __rt_lib_init_atexit_1                   0x08000203   Thumb Code     0  libinit2.o(.ARM.Collect$$libinit$$0000001B)
    __rt_lib_init_clock_1                    0x08000203   Thumb Code     0  libinit2.o(.ARM.Collect$$libinit$$00000021)
    __rt_lib_init_cpp_1                      0x08000203   Thumb Code     0  libinit2.o(.ARM.Collect$$libinit$$00000032)
    __rt_lib_init_exceptions_1               0x08000203   Thumb Code     0  libinit2.o(.ARM.Collect$$libinit$$00000030)
    __rt_lib_init_fp_trap_1                  0x08000203   Thumb Code     0  libinit2.o(.ARM.Collect$$libinit$$0000001F)
    __rt_lib_init_getenv_1                   0x08000203   Thumb Code     0  libinit2.o(.ARM.Collect$$libinit$$00000023)
    __rt_lib_init_heap_1                     0x08000203   Thumb Code     0  libinit2.o(.ARM.Collect$$libinit$$0000000A)
    __rt_lib_init_lc_collate_1               0x08000203   Thumb Code     0  libinit2.o(.ARM.Collect$$libinit$$00000011)
    __rt_lib_init_lc_ctype_1                 0x08000203   Thumb Code     0  libinit2.o(.ARM.Collect$$libinit$$00000013)
    __rt_lib_init_lc_monetary_1              0x08000203   Thumb Code     0  libinit2.o(.ARM.Collect$$libinit$$00000015)
    __rt_lib_init_lc_numeric_1               0x08000203   Thumb Code     0  libinit2.o(.ARM.Collect$$libinit$$00000017)
    __rt_lib_init_lc_time_1                  0x08000203   Thumb Code     0  libinit2.o(.ARM.Collect$$libinit$$00000019)
    __rt_lib_init_preinit_1                  0x08000203   Thumb Code     0  libinit2.o(.ARM.Collect$$libinit$$00000004)
    __rt_lib_init_rand_1                     0x08000203   Thumb Code     0  libinit2.o(.ARM.Collect$$libinit$$0000000E)
    __rt_lib_init_return                     0x08000203   Thumb Code     0  libinit2.o(.ARM.Collect$$libinit$$00000033)
    __rt_lib_init_signal_1                   0x08000203   Thumb Code     0  libinit2.o(.ARM.Collect$$libinit$$0000001D)
    __rt_lib_init_stdio_1                    0x08000203   Thumb Code     0  libinit2.o(.ARM.Collect$$libinit$$00000025)
    __rt_lib_init_user_alloc_1               0x08000203   Thumb Code     0  libinit2.o(.ARM.Collect$$libinit$$0000000C)
    __rt_lib_shutdown                        0x08000205   Thumb Code     0  libshutdown.o(.ARM.Collect$$libshutdown$$00000000)
    __rt_lib_shutdown_fp_trap_1              0x08000207   Thumb Code     0  libshutdown2.o(.ARM.Collect$$libshutdown$$00000006)
    __rt_lib_shutdown_heap_1                 0x08000207   Thumb Code     0  libshutdown2.o(.ARM.Collect$$libshutdown$$0000000E)
    __rt_lib_shutdown_return                 0x08000207   Thumb Code     0  libshutdown2.o(.ARM.Collect$$libshutdown$$0000000F)
    __rt_lib_shutdown_signal_1               0x08000207   Thumb Code     0  libshutdown2.o(.ARM.Collect$$libshutdown$$00000009)
    __rt_lib_shutdown_stdio_1                0x08000207   Thumb Code     0  libshutdown2.o(.ARM.Collect$$libshutdown$$00000003)
    __rt_lib_shutdown_user_alloc_1           0x08000207   Thumb Code     0  libshutdown2.o(.ARM.Collect$$libshutdown$$0000000B)
    __rt_entry                               0x08000209   Thumb Code     0  __rtentry.o(.ARM.Collect$$rtentry$$00000000)
    __rt_entry_presh_1                       0x08000209   Thumb Code     0  __rtentry2.o(.ARM.Collect$$rtentry$$00000002)
    __rt_entry_sh                            0x08000209   Thumb Code     0  __rtentry4.o(.ARM.Collect$$rtentry$$00000004)
    __rt_entry_li                            0x0800020f   Thumb Code     0  __rtentry2.o(.ARM.Collect$$rtentry$$0000000A)
    __rt_entry_postsh_1                      0x0800020f   Thumb Code     0  __rtentry2.o(.ARM.Collect$$rtentry$$00000009)
    __rt_entry_main                          0x08000213   Thumb Code     0  __rtentry2.o(.ARM.Collect$$rtentry$$0000000D)
    __rt_entry_postli_1                      0x08000213   Thumb Code     0  __rtentry2.o(.ARM.Collect$$rtentry$$0000000C)
    __rt_exit                                0x0800021b   Thumb Code     0  rtexit.o(.ARM.Collect$$rtexit$$00000000)
    __rt_exit_ls                             0x0800021d   Thumb Code     0  rtexit2.o(.ARM.Collect$$rtexit$$00000003)
    __rt_exit_prels_1                        0x0800021d   Thumb Code     0  rtexit2.o(.ARM.Collect$$rtexit$$00000002)
    __rt_exit_exit                           0x08000221   Thumb Code     0  rtexit2.o(.ARM.Collect$$rtexit$$00000004)
    SVC_Handler                              0x08000229   Thumb Code    28  port.o(.emb_text)
    __asm___6_port_c_39a90d8d__prvStartFirstTask 0x08000249   Thumb Code    36  port.o(.emb_text)
    __asm___6_port_c_39a90d8d__prvEnableVFP  0x08000271   Thumb Code    16  port.o(.emb_text)
    PendSV_Handler                           0x08000285   Thumb Code    88  port.o(.emb_text)
    vPortGetIPSR                             0x080002e1   Thumb Code     6  port.o(.emb_text)
    Reset_Handler                            0x080002e9   Thumb Code     8  startup_stm32f405xx.o(.text)
    ADC_IRQHandler                           0x08000303   Thumb Code     0  startup_stm32f405xx.o(.text)
    CAN1_RX0_IRQHandler                      0x08000303   Thumb Code     0  startup_stm32f405xx.o(.text)
    CAN1_RX1_IRQHandler                      0x08000303   Thumb Code     0  startup_stm32f405xx.o(.text)
    CAN1_SCE_IRQHandler                      0x08000303   Thumb Code     0  startup_stm32f405xx.o(.text)
    CAN1_TX_IRQHandler                       0x08000303   Thumb Code     0  startup_stm32f405xx.o(.text)
    CAN2_RX0_IRQHandler                      0x08000303   Thumb Code     0  startup_stm32f405xx.o(.text)
    CAN2_RX1_IRQHandler                      0x08000303   Thumb Code     0  startup_stm32f405xx.o(.text)
    CAN2_SCE_IRQHandler                      0x08000303   Thumb Code     0  startup_stm32f405xx.o(.text)
    CAN2_TX_IRQHandler                       0x08000303   Thumb Code     0  startup_stm32f405xx.o(.text)
    DMA1_Stream2_IRQHandler                  0x08000303   Thumb Code     0  startup_stm32f405xx.o(.text)
    DMA1_Stream3_IRQHandler                  0x08000303   Thumb Code     0  startup_stm32f405xx.o(.text)
    DMA1_Stream4_IRQHandler                  0x08000303   Thumb Code     0  startup_stm32f405xx.o(.text)
    DMA1_Stream5_IRQHandler                  0x08000303   Thumb Code     0  startup_stm32f405xx.o(.text)
    DMA1_Stream6_IRQHandler                  0x08000303   Thumb Code     0  startup_stm32f405xx.o(.text)
    DMA1_Stream7_IRQHandler                  0x08000303   Thumb Code     0  startup_stm32f405xx.o(.text)
    DMA2_Stream0_IRQHandler                  0x08000303   Thumb Code     0  startup_stm32f405xx.o(.text)
    DMA2_Stream1_IRQHandler                  0x08000303   Thumb Code     0  startup_stm32f405xx.o(.text)
    DMA2_Stream2_IRQHandler                  0x08000303   Thumb Code     0  startup_stm32f405xx.o(.text)
    DMA2_Stream3_IRQHandler                  0x08000303   Thumb Code     0  startup_stm32f405xx.o(.text)
    DMA2_Stream4_IRQHandler                  0x08000303   Thumb Code     0  startup_stm32f405xx.o(.text)
    DMA2_Stream5_IRQHandler                  0x08000303   Thumb Code     0  startup_stm32f405xx.o(.text)
    DMA2_Stream6_IRQHandler                  0x08000303   Thumb Code     0  startup_stm32f405xx.o(.text)
    DMA2_Stream7_IRQHandler                  0x08000303   Thumb Code     0  startup_stm32f405xx.o(.text)
    EXTI0_IRQHandler                         0x08000303   Thumb Code     0  startup_stm32f405xx.o(.text)
    EXTI15_10_IRQHandler                     0x08000303   Thumb Code     0  startup_stm32f405xx.o(.text)
    EXTI1_IRQHandler                         0x08000303   Thumb Code     0  startup_stm32f405xx.o(.text)
    EXTI2_IRQHandler                         0x08000303   Thumb Code     0  startup_stm32f405xx.o(.text)
    EXTI3_IRQHandler                         0x08000303   Thumb Code     0  startup_stm32f405xx.o(.text)
    EXTI4_IRQHandler                         0x08000303   Thumb Code     0  startup_stm32f405xx.o(.text)
    EXTI9_5_IRQHandler                       0x08000303   Thumb Code     0  startup_stm32f405xx.o(.text)
    FLASH_IRQHandler                         0x08000303   Thumb Code     0  startup_stm32f405xx.o(.text)
    FMC_IRQHandler                           0x08000303   Thumb Code     0  startup_stm32f405xx.o(.text)
    FPU_IRQHandler                           0x08000303   Thumb Code     0  startup_stm32f405xx.o(.text)
    HASH_RNG_IRQHandler                      0x08000303   Thumb Code     0  startup_stm32f405xx.o(.text)
    I2C1_ER_IRQHandler                       0x08000303   Thumb Code     0  startup_stm32f405xx.o(.text)
    I2C1_EV_IRQHandler                       0x08000303   Thumb Code     0  startup_stm32f405xx.o(.text)
    I2C2_ER_IRQHandler                       0x08000303   Thumb Code     0  startup_stm32f405xx.o(.text)
    I2C2_EV_IRQHandler                       0x08000303   Thumb Code     0  startup_stm32f405xx.o(.text)
    I2C3_ER_IRQHandler                       0x08000303   Thumb Code     0  startup_stm32f405xx.o(.text)
    I2C3_EV_IRQHandler                       0x08000303   Thumb Code     0  startup_stm32f405xx.o(.text)
    OTG_FS_IRQHandler                        0x08000303   Thumb Code     0  startup_stm32f405xx.o(.text)
    OTG_FS_WKUP_IRQHandler                   0x08000303   Thumb Code     0  startup_stm32f405xx.o(.text)
    OTG_HS_EP1_IN_IRQHandler                 0x08000303   Thumb Code     0  startup_stm32f405xx.o(.text)
    OTG_HS_EP1_OUT_IRQHandler                0x08000303   Thumb Code     0  startup_stm32f405xx.o(.text)
    OTG_HS_IRQHandler                        0x08000303   Thumb Code     0  startup_stm32f405xx.o(.text)
    OTG_HS_WKUP_IRQHandler                   0x08000303   Thumb Code     0  startup_stm32f405xx.o(.text)
    PVD_IRQHandler                           0x08000303   Thumb Code     0  startup_stm32f405xx.o(.text)
    RCC_IRQHandler                           0x08000303   Thumb Code     0  startup_stm32f405xx.o(.text)
    RTC_Alarm_IRQHandler                     0x08000303   Thumb Code     0  startup_stm32f405xx.o(.text)
    RTC_WKUP_IRQHandler                      0x08000303   Thumb Code     0  startup_stm32f405xx.o(.text)
    SDIO_IRQHandler                          0x08000303   Thumb Code     0  startup_stm32f405xx.o(.text)
    SPI1_IRQHandler                          0x08000303   Thumb Code     0  startup_stm32f405xx.o(.text)
    SPI2_IRQHandler                          0x08000303   Thumb Code     0  startup_stm32f405xx.o(.text)
    SPI3_IRQHandler                          0x08000303   Thumb Code     0  startup_stm32f405xx.o(.text)
    TAMP_STAMP_IRQHandler                    0x08000303   Thumb Code     0  startup_stm32f405xx.o(.text)
    TIM1_BRK_TIM9_IRQHandler                 0x08000303   Thumb Code     0  startup_stm32f405xx.o(.text)
    TIM1_CC_IRQHandler                       0x08000303   Thumb Code     0  startup_stm32f405xx.o(.text)
    TIM1_TRG_COM_TIM11_IRQHandler            0x08000303   Thumb Code     0  startup_stm32f405xx.o(.text)
    TIM1_UP_TIM10_IRQHandler                 0x08000303   Thumb Code     0  startup_stm32f405xx.o(.text)
    TIM2_IRQHandler                          0x08000303   Thumb Code     0  startup_stm32f405xx.o(.text)
    TIM3_IRQHandler                          0x08000303   Thumb Code     0  startup_stm32f405xx.o(.text)
    TIM4_IRQHandler                          0x08000303   Thumb Code     0  startup_stm32f405xx.o(.text)
    TIM5_IRQHandler                          0x08000303   Thumb Code     0  startup_stm32f405xx.o(.text)
    TIM7_IRQHandler                          0x08000303   Thumb Code     0  startup_stm32f405xx.o(.text)
    TIM8_BRK_TIM12_IRQHandler                0x08000303   Thumb Code     0  startup_stm32f405xx.o(.text)
    TIM8_CC_IRQHandler                       0x08000303   Thumb Code     0  startup_stm32f405xx.o(.text)
    TIM8_TRG_COM_TIM14_IRQHandler            0x08000303   Thumb Code     0  startup_stm32f405xx.o(.text)
    TIM8_UP_TIM13_IRQHandler                 0x08000303   Thumb Code     0  startup_stm32f405xx.o(.text)
    UART4_IRQHandler                         0x08000303   Thumb Code     0  startup_stm32f405xx.o(.text)
    USART1_IRQHandler                        0x08000303   Thumb Code     0  startup_stm32f405xx.o(.text)
    USART2_IRQHandler                        0x08000303   Thumb Code     0  startup_stm32f405xx.o(.text)
    USART6_IRQHandler                        0x08000303   Thumb Code     0  startup_stm32f405xx.o(.text)
    WWDG_IRQHandler                          0x08000303   Thumb Code     0  startup_stm32f405xx.o(.text)
    __user_initial_stackheap                 0x08000305   Thumb Code     0  startup_stm32f405xx.o(.text)
    __aeabi_uldivmod                         0x08000329   Thumb Code     0  lludivv7m.o(.text)
    _ll_udiv                                 0x08000329   Thumb Code   238  lludivv7m.o(.text)
    __aeabi_memcpy                           0x08000417   Thumb Code     0  rt_memcpy_v6.o(.text)
    __rt_memcpy                              0x08000417   Thumb Code   138  rt_memcpy_v6.o(.text)
    _memcpy_lastbytes                        0x0800047d   Thumb Code     0  rt_memcpy_v6.o(.text)
    __aeabi_memcpy4                          0x080004a1   Thumb Code     0  rt_memcpy_w.o(.text)
    __aeabi_memcpy8                          0x080004a1   Thumb Code     0  rt_memcpy_w.o(.text)
    __rt_memcpy_w                            0x080004a1   Thumb Code   100  rt_memcpy_w.o(.text)
    _memcpy_lastbytes_aligned                0x080004e9   Thumb Code     0  rt_memcpy_w.o(.text)
    __aeabi_memclr4                          0x08000505   Thumb Code     0  rt_memclr_w.o(.text)
    __aeabi_memclr8                          0x08000505   Thumb Code     0  rt_memclr_w.o(.text)
    __rt_memclr_w                            0x08000505   Thumb Code    78  rt_memclr_w.o(.text)
    _memset_w                                0x08000509   Thumb Code     0  rt_memclr_w.o(.text)
    __use_two_region_memory                  0x08000553   Thumb Code     2  heapauxi.o(.text)
    __rt_heap_escrow$2region                 0x08000555   Thumb Code     2  heapauxi.o(.text)
    __rt_heap_expand$2region                 0x08000557   Thumb Code     2  heapauxi.o(.text)
    __user_setup_stackheap                   0x08000559   Thumb Code    74  sys_stackheap_outer.o(.text)
    exit                                     0x080005a3   Thumb Code    12  exit.o(.text)
    __user_libspace                          0x080005b1   Thumb Code     8  libspace.o(.text)
    __user_perproc_libspace                  0x080005b1   Thumb Code     0  libspace.o(.text)
    __user_perthread_libspace                0x080005b1   Thumb Code     0  libspace.o(.text)
    _sys_exit                                0x080005b9   Thumb Code     8  sys_exit.o(.text)
    __I$use$semihosting                      0x080005c5   Thumb Code     0  use_no_semi.o(.text)
    __use_no_semihosting_swi                 0x080005c5   Thumb Code     2  use_no_semi.o(.text)
    BusFault_Handler                         0x080005c7   Thumb Code     4  stm32f4xx_it.o(i.BusFault_Handler)
    __semihosting_library_function           0x080005c7   Thumb Code     0  indicate_semi.o(.text)
    Calculate                                0x080005cd   Thumb Code   318  freertos.o(i.Calculate)
    Calculate2                               0x08000711   Thumb Code   210  freertos.o(i.Calculate2)
    DMA1_Stream0_IRQHandler                  0x080007ed   Thumb Code    10  stm32f4xx_it.o(i.DMA1_Stream0_IRQHandler)
    DMA1_Stream1_IRQHandler                  0x080007fd   Thumb Code    10  stm32f4xx_it.o(i.DMA1_Stream1_IRQHandler)
    DebugMon_Handler                         0x08000917   Thumb Code     2  stm32f4xx_it.o(i.DebugMon_Handler)
    Error_Handler                            0x08000919   Thumb Code     6  main.o(i.Error_Handler)
    GimbalFunc                               0x08000921   Thumb Code   460  freertos.o(i.GimbalFunc)
    HAL_DMA_Abort                            0x08000b11   Thumb Code   172  stm32f4xx_hal_dma.o(i.HAL_DMA_Abort)
    HAL_DMA_Abort_IT                         0x08000bbd   Thumb Code    40  stm32f4xx_hal_dma.o(i.HAL_DMA_Abort_IT)
    HAL_DMA_IRQHandler                       0x08000be5   Thumb Code   570  stm32f4xx_hal_dma.o(i.HAL_DMA_IRQHandler)
    HAL_DMA_Init                             0x08000e25   Thumb Code   232  stm32f4xx_hal_dma.o(i.HAL_DMA_Init)
    HAL_DMA_Start_IT                         0x08000f11   Thumb Code   146  stm32f4xx_hal_dma.o(i.HAL_DMA_Start_IT)
    HAL_GPIO_Init                            0x08000fa5   Thumb Code   454  stm32f4xx_hal_gpio.o(i.HAL_GPIO_Init)
    HAL_GPIO_WritePin                        0x08001199   Thumb Code    12  stm32f4xx_hal_gpio.o(i.HAL_GPIO_WritePin)
    HAL_GetTick                              0x080011a5   Thumb Code     6  stm32f4xx_hal.o(i.HAL_GetTick)
    HAL_IncTick                              0x080011b1   Thumb Code    16  stm32f4xx_hal.o(i.HAL_IncTick)
    HAL_Init                                 0x080011c9   Thumb Code    54  stm32f4xx_hal.o(i.HAL_Init)
    HAL_InitTick                             0x08001205   Thumb Code   160  stm32f4xx_hal_timebase_tim.o(i.HAL_InitTick)
    HAL_MspInit                              0x080012b9   Thumb Code    78  stm32f4xx_hal_msp.o(i.HAL_MspInit)
    HAL_NVIC_EnableIRQ                       0x0800130d   Thumb Code    40  stm32f4xx_hal_cortex.o(i.HAL_NVIC_EnableIRQ)
    HAL_NVIC_SetPriority                     0x08001335   Thumb Code   124  stm32f4xx_hal_cortex.o(i.HAL_NVIC_SetPriority)
    HAL_NVIC_SetPriorityGrouping             0x080013b1   Thumb Code    32  stm32f4xx_hal_cortex.o(i.HAL_NVIC_SetPriorityGrouping)
    HAL_RCC_ClockConfig                      0x080013d9   Thumb Code   368  stm32f4xx_hal_rcc.o(i.HAL_RCC_ClockConfig)
    HAL_RCC_GetClockConfig                   0x0800155d   Thumb Code    58  stm32f4xx_hal_rcc.o(i.HAL_RCC_GetClockConfig)
    HAL_RCC_GetHCLKFreq                      0x080015a1   Thumb Code     6  stm32f4xx_hal_rcc.o(i.HAL_RCC_GetHCLKFreq)
    HAL_RCC_GetPCLK1Freq                     0x080015ad   Thumb Code    22  stm32f4xx_hal_rcc.o(i.HAL_RCC_GetPCLK1Freq)
    HAL_RCC_GetPCLK2Freq                     0x080015cd   Thumb Code    22  stm32f4xx_hal_rcc.o(i.HAL_RCC_GetPCLK2Freq)
    HAL_RCC_GetSysClockFreq                  0x080015ed   Thumb Code   162  stm32f4xx_hal_rcc.o(i.HAL_RCC_GetSysClockFreq)
    HAL_RCC_OscConfig                        0x0800169d   Thumb Code  1172  stm32f4xx_hal_rcc.o(i.HAL_RCC_OscConfig)
    HAL_TIMEx_BreakCallback                  0x08001b39   Thumb Code     2  stm32f4xx_hal_tim_ex.o(i.HAL_TIMEx_BreakCallback)
    HAL_TIMEx_CommutCallback                 0x08001b3b   Thumb Code     2  stm32f4xx_hal_tim_ex.o(i.HAL_TIMEx_CommutCallback)
    HAL_TIMEx_MasterConfigSynchronization    0x08001b3d   Thumb Code   150  stm32f4xx_hal_tim_ex.o(i.HAL_TIMEx_MasterConfigSynchronization)
    HAL_TIM_Base_Init                        0x08001bf1   Thumb Code   102  stm32f4xx_hal_tim.o(i.HAL_TIM_Base_Init)
    HAL_TIM_Base_MspInit                     0x08001c59   Thumb Code    88  tim.o(i.HAL_TIM_Base_MspInit)
    HAL_TIM_Base_Start_IT                    0x08001cbd   Thumb Code   138  stm32f4xx_hal_tim.o(i.HAL_TIM_Base_Start_IT)
    HAL_TIM_ConfigClockSource                0x08001d65   Thumb Code   268  stm32f4xx_hal_tim.o(i.HAL_TIM_ConfigClockSource)
    HAL_TIM_Encoder_Init                     0x08001e71   Thumb Code   200  stm32f4xx_hal_tim.o(i.HAL_TIM_Encoder_Init)
    HAL_TIM_Encoder_MspInit                  0x08001f39   Thumb Code   606  tim.o(i.HAL_TIM_Encoder_MspInit)
    HAL_TIM_Encoder_Start                    0x080021b9   Thumb Code   204  stm32f4xx_hal_tim.o(i.HAL_TIM_Encoder_Start)
    HAL_TIM_IC_CaptureCallback               0x08002285   Thumb Code     2  stm32f4xx_hal_tim.o(i.HAL_TIM_IC_CaptureCallback)
    HAL_TIM_IRQHandler                       0x08002287   Thumb Code   364  stm32f4xx_hal_tim.o(i.HAL_TIM_IRQHandler)
    HAL_TIM_MspPostInit                      0x080023f5   Thumb Code   152  tim.o(i.HAL_TIM_MspPostInit)
    HAL_TIM_OC_DelayElapsedCallback          0x080024a1   Thumb Code     2  stm32f4xx_hal_tim.o(i.HAL_TIM_OC_DelayElapsedCallback)
    HAL_TIM_PWM_ConfigChannel                0x080024a3   Thumb Code   260  stm32f4xx_hal_tim.o(i.HAL_TIM_PWM_ConfigChannel)
    HAL_TIM_PWM_Init                         0x080025a7   Thumb Code   102  stm32f4xx_hal_tim.o(i.HAL_TIM_PWM_Init)
    HAL_TIM_PWM_MspInit                      0x0800260d   Thumb Code     2  stm32f4xx_hal_tim.o(i.HAL_TIM_PWM_MspInit)
    HAL_TIM_PWM_PulseFinishedCallback        0x0800260f   Thumb Code     2  stm32f4xx_hal_tim.o(i.HAL_TIM_PWM_PulseFinishedCallback)
    HAL_TIM_PWM_Start                        0x08002611   Thumb Code   238  stm32f4xx_hal_tim.o(i.HAL_TIM_PWM_Start)
    HAL_TIM_PeriodElapsedCallback            0x0800271d   Thumb Code    18  main.o(i.HAL_TIM_PeriodElapsedCallback)
    HAL_TIM_TriggerCallback                  0x08002735   Thumb Code     2  stm32f4xx_hal_tim.o(i.HAL_TIM_TriggerCallback)
    HAL_UARTEx_RxEventCallback               0x08002737   Thumb Code     2  stm32f4xx_hal_uart.o(i.HAL_UARTEx_RxEventCallback)
    HAL_UART_DMAStop                         0x08002739   Thumb Code   138  stm32f4xx_hal_uart.o(i.HAL_UART_DMAStop)
    HAL_UART_ErrorCallback                   0x080027c3   Thumb Code     2  stm32f4xx_hal_uart.o(i.HAL_UART_ErrorCallback)
    HAL_UART_IRQHandler                      0x080027c5   Thumb Code   740  stm32f4xx_hal_uart.o(i.HAL_UART_IRQHandler)
    HAL_UART_Init                            0x08002aad   Thumb Code   118  stm32f4xx_hal_uart.o(i.HAL_UART_Init)
    HAL_UART_MspInit                         0x08002b25   Thumb Code   450  usart.o(i.HAL_UART_MspInit)
    HAL_UART_Receive_DMA                     0x08002d0d   Thumb Code    44  stm32f4xx_hal_uart.o(i.HAL_UART_Receive_DMA)
    HAL_UART_RxCpltCallback                  0x08002d39   Thumb Code    46  stm32f4xx_it.o(i.HAL_UART_RxCpltCallback)
    HAL_UART_RxHalfCpltCallback              0x08002d79   Thumb Code     2  stm32f4xx_hal_uart.o(i.HAL_UART_RxHalfCpltCallback)
    HAL_UART_Transmit                        0x08002d7b   Thumb Code   190  stm32f4xx_hal_uart.o(i.HAL_UART_Transmit)
    HAL_UART_TxCpltCallback                  0x08002e39   Thumb Code     2  stm32f4xx_hal_uart.o(i.HAL_UART_TxCpltCallback)
    HardFault_Handler                        0x08002e3b   Thumb Code     4  stm32f4xx_it.o(i.HardFault_Handler)
    MX_DMA_Init                              0x08002e41   Thumb Code    68  dma.o(i.MX_DMA_Init)
    MX_FREERTOS_Init                         0x08002e89   Thumb Code    78  freertos.o(i.MX_FREERTOS_Init)
    MX_GPIO_Init                             0x08002ee9   Thumb Code   254  gpio.o(i.MX_GPIO_Init)
    MX_TIM11_Init                            0x08002ff5   Thumb Code    98  tim.o(i.MX_TIM11_Init)
    MX_TIM1_Init                             0x08003061   Thumb Code   116  tim.o(i.MX_TIM1_Init)
    MX_TIM2_Init                             0x080030dd   Thumb Code   116  tim.o(i.MX_TIM2_Init)
    MX_TIM3_Init                             0x08003155   Thumb Code   114  tim.o(i.MX_TIM3_Init)
    MX_TIM4_Init                             0x080031d1   Thumb Code   114  tim.o(i.MX_TIM4_Init)
    MX_TIM5_Init                             0x0800324d   Thumb Code   188  tim.o(i.MX_TIM5_Init)
    MX_TIM8_Init                             0x08003311   Thumb Code   116  tim.o(i.MX_TIM8_Init)
    MX_UART5_Init                            0x0800338d   Thumb Code    46  usart.o(i.MX_UART5_Init)
    MX_USART3_UART_Init                      0x080033c5   Thumb Code    48  usart.o(i.MX_USART3_UART_Init)
    Macnuam                                  0x08003401   Thumb Code    32  freertos.o(i.Macnuam)
    Macnuam2                                 0x08003421   Thumb Code    10  freertos.o(i.Macnuam2)
    MemManage_Handler                        0x0800342b   Thumb Code     4  stm32f4xx_it.o(i.MemManage_Handler)
    MotorFunc                                0x08003431   Thumb Code   970  freertos.o(i.MotorFunc)
    NMI_Handler                              0x0800382d   Thumb Code     4  stm32f4xx_it.o(i.NMI_Handler)
    RC_init                                  0x08003831   Thumb Code   142  bsp_rc.o(i.RC_init)
    Servo_SetAngle_1                         0x080038cd   Thumb Code    28  freertos.o(i.Servo_SetAngle_1)
    Servo_SetAngle_2                         0x080038ed   Thumb Code    28  freertos.o(i.Servo_SetAngle_2)
    StartDefaultTask                         0x0800390d   Thumb Code    10  freertos.o(i.StartDefaultTask)
    SysTick_Handler                          0x08003919   Thumb Code    46  port.o(i.SysTick_Handler)
    SystemClock_Config                       0x0800394d   Thumb Code   174  main.o(i.SystemClock_Config)
    SystemInit                               0x08003a05   Thumb Code    14  system_stm32f4xx.o(i.SystemInit)
    TIM6_DAC_IRQHandler                      0x08003a19   Thumb Code    10  stm32f4xx_it.o(i.TIM6_DAC_IRQHandler)
    TIM_Base_SetConfig                       0x08003a29   Thumb Code   186  stm32f4xx_hal_tim.o(i.TIM_Base_SetConfig)
    TIM_CCxChannelCmd                        0x08003b11   Thumb Code    34  stm32f4xx_hal_tim.o(i.TIM_CCxChannelCmd)
    TIM_ETR_SetConfig                        0x08003b33   Thumb Code    22  stm32f4xx_hal_tim.o(i.TIM_ETR_SetConfig)
    TIM_OC2_SetConfig                        0x08003bcd   Thumb Code   114  stm32f4xx_hal_tim.o(i.TIM_OC2_SetConfig)
    UART5_IRQHandler                         0x08003d65   Thumb Code    68  stm32f4xx_it.o(i.UART5_IRQHandler)
    UART5_IdleCallback                       0x08003db1   Thumb Code    30  stm32f4xx_it.o(i.UART5_IdleCallback)
    UART_Start_Receive_DMA                   0x080042f5   Thumb Code   186  stm32f4xx_hal_uart.o(i.UART_Start_Receive_DMA)
    USART3_IRQHandler                        0x080044a9   Thumb Code   264  remote_control.o(i.USART3_IRQHandler)
    UsageFault_Handler                       0x080045cd   Thumb Code     4  stm32f4xx_it.o(i.UsageFault_Handler)
    get_remote_control_point                 0x08004609   Thumb Code     4  remote_control.o(i.get_remote_control_point)
    main                                     0x08004611   Thumb Code   184  main.o(i.main)
    osDelay                                  0x080046f3   Thumb Code    24  cmsis_os.o(i.osDelay)
    osKernelStart                            0x0800470b   Thumb Code    10  cmsis_os.o(i.osKernelStart)
    osThreadCreate                           0x08004715   Thumb Code    94  cmsis_os.o(i.osThreadCreate)
    pvPortMalloc                             0x08004bf5   Thumb Code   306  heap_4.o(i.pvPortMalloc)
    pxPortInitialiseStack                    0x08004d41   Thumb Code    38  port.o(i.pxPortInitialiseStack)
    remote_control_init                      0x08004d6d   Thumb Code    16  remote_control.o(i.remote_control_init)
    uxListRemove                             0x08004e5b   Thumb Code    40  list.o(i.uxListRemove)
    vApplicationGetIdleTaskMemory            0x08004e85   Thumb Code    14  freertos.o(i.vApplicationGetIdleTaskMemory)
    vListInitialise                          0x08004e9d   Thumb Code    26  list.o(i.vListInitialise)
    vListInitialiseItem                      0x08004eb7   Thumb Code     6  list.o(i.vListInitialiseItem)
    vListInsert                              0x08004ebd   Thumb Code    52  list.o(i.vListInsert)
    vListInsertEnd                           0x08004ef1   Thumb Code    24  list.o(i.vListInsertEnd)
    vPortEnterCritical                       0x08004f09   Thumb Code    76  port.o(i.vPortEnterCritical)
    vPortExitCritical                        0x08004f5d   Thumb Code    56  port.o(i.vPortExitCritical)
    vPortFree                                0x08004f99   Thumb Code   150  heap_4.o(i.vPortFree)
    vPortSetupTimerInterrupt                 0x0800503d   Thumb Code    36  port.o(i.vPortSetupTimerInterrupt)
    vTaskDelay                               0x08005065   Thumb Code    82  tasks.o(i.vTaskDelay)
    vTaskStartScheduler                      0x080050c1   Thumb Code   146  tasks.o(i.vTaskStartScheduler)
    vTaskSuspendAll                          0x08005171   Thumb Code    12  tasks.o(i.vTaskSuspendAll)
    vTaskSwitchContext                       0x08005181   Thumb Code   118  tasks.o(i.vTaskSwitchContext)
    xPortStartScheduler                      0x0800520d   Thumb Code   330  port.o(i.xPortStartScheduler)
    xTaskCreate                              0x08005375   Thumb Code   100  tasks.o(i.xTaskCreate)
    xTaskCreateStatic                        0x080053d9   Thumb Code   186  tasks.o(i.xTaskCreateStatic)
    xTaskIncrementTick                       0x08005495   Thumb Code   282  tasks.o(i.xTaskIncrementTick)
    xTaskResumeAll                           0x080055dd   Thumb Code   224  tasks.o(i.xTaskResumeAll)
    _fp_init                                 0x080056e1   Thumb Code    10  fpinit.o(x$fpl$fpinit)
    __fplib_config_fpu_vfp                   0x080056e9   Thumb Code     0  fpinit.o(x$fpl$fpinit)
    __fplib_config_pureend_doubles           0x080056e9   Thumb Code     0  fpinit.o(x$fpl$fpinit)
    AHBPrescTable                            0x08005748   Data          16  system_stm32f4xx.o(.constdata)
    APBPrescTable                            0x08005758   Data           8  system_stm32f4xx.o(.constdata)
    Region$$Table$$Base                      0x0800577c   Number         0  anon$$obj.o(Region$$Table)
    Region$$Table$$Limit                     0x0800579c   Number         0  anon$$obj.o(Region$$Table)
    local_rc_ctrl                            0x20000000   Data           4  main.o(.data)
    state                                    0x20000004   Data           4  freertos.o(.data)
    up_state                                 0x20000008   Data           4  freertos.o(.data)
    speedset                                 0x2000000c   Data           4  freertos.o(.data)
    defaultTaskHandle                        0x20000010   Data           4  freertos.o(.data)
    MotorHandle                              0x20000014   Data           4  freertos.o(.data)
    GimbalHandle                             0x20000018   Data           4  freertos.o(.data)
    angle_1                                  0x2000001c   Data           4  freertos.o(.data)
    angle_2                                  0x20000020   Data           4  freertos.o(.data)
    total_encoder                            0x20000024   Data           4  freertos.o(.data)
    encoder_init                             0x20000028   Data           4  freertos.o(.data)
    uwTick                                   0x2000002c   Data           4  stm32f4xx_hal.o(.data)
    uwTickPrio                               0x20000030   Data           4  stm32f4xx_hal.o(.data)
    uwTickFreq                               0x20000034   Data           1  stm32f4xx_hal.o(.data)
    SystemCoreClock                          0x20000038   Data           4  system_stm32f4xx.o(.data)
    pxCurrentTCB                             0x2000003c   Data           4  tasks.o(.data)
    myspeed                                  0x200000a8   Data          20  freertos.o(.bss)
    RB                                       0x200000bc   Data         116  freertos.o(.bss)
    RF                                       0x20000130   Data         116  freertos.o(.bss)
    LB                                       0x200001a4   Data         116  freertos.o(.bss)
    LF                                       0x20000218   Data         116  freertos.o(.bss)
    UP                                       0x2000028c   Data         116  freertos.o(.bss)
    htim1                                    0x20000554   Data          72  tim.o(.bss)
    htim2                                    0x2000059c   Data          72  tim.o(.bss)
    htim3                                    0x200005e4   Data          72  tim.o(.bss)
    htim4                                    0x2000062c   Data          72  tim.o(.bss)
    htim5                                    0x20000674   Data          72  tim.o(.bss)
    htim8                                    0x200006bc   Data          72  tim.o(.bss)
    htim11                                   0x20000704   Data          72  tim.o(.bss)
    huart5                                   0x2000074c   Data          72  usart.o(.bss)
    huart3                                   0x20000794   Data          72  usart.o(.bss)
    hdma_uart5_rx                            0x200007dc   Data          96  usart.o(.bss)
    hdma_usart3_rx                           0x2000083c   Data          96  usart.o(.bss)
    htim6                                    0x2000089c   Data          72  stm32f4xx_hal_timebase_tim.o(.bss)
    rc_ctrl                                  0x200045d4   Data          22  remote_control.o(.bss)
    msg                                      0x200045ec   Data          16  remote_control.o(.bss)
    uart5_rx_buf                             0x200045fc   Data          16  remote_control.o(.bss)
    __libspace_start                         0x20004654   Data          96  libspace.o(.bss)
    __temporary_stack_top$libspace           0x200046b4   Data           0  libspace.o(.bss)



==============================================================================

Memory Map of the image

  Image Entry point : 0x08000189

  Load Region LR_IROM1 (Base: 0x08000000, Size: 0x00005844, Max: 0x00100000, ABSOLUTE)

    Execution Region ER_IROM1 (Base: 0x08000000, Size: 0x0000579c, Max: 0x00100000, ABSOLUTE)

    Base Addr    Size         Type   Attr      Idx    E Section Name        Object

    0x08000000   0x00000188   Data   RO            3    RESET               startup_stm32f405xx.o
    0x08000188   0x00000008   Code   RO         4750  * !!!main             c_w.l(__main.o)
    0x08000190   0x00000034   Code   RO         4918    !!!scatter          c_w.l(__scatter.o)
    0x080001c4   0x0000001a   Code   RO         4920    !!handler_copy      c_w.l(__scatter_copy.o)
    0x080001de   0x00000002   PAD
    0x080001e0   0x0000001c   Code   RO         4922    !!handler_zi        c_w.l(__scatter_zi.o)
    0x080001fc   0x00000002   Code   RO         4789    .ARM.Collect$$libinit$$00000000  c_w.l(libinit.o)
    0x080001fe   0x00000004   Code   RO         4801    .ARM.Collect$$libinit$$00000001  c_w.l(libinit2.o)
    0x08000202   0x00000000   Code   RO         4804    .ARM.Collect$$libinit$$00000004  c_w.l(libinit2.o)
    0x08000202   0x00000000   Code   RO         4807    .ARM.Collect$$libinit$$0000000A  c_w.l(libinit2.o)
    0x08000202   0x00000000   Code   RO         4809    .ARM.Collect$$libinit$$0000000C  c_w.l(libinit2.o)
    0x08000202   0x00000000   Code   RO         4811    .ARM.Collect$$libinit$$0000000E  c_w.l(libinit2.o)
    0x08000202   0x00000000   Code   RO         4814    .ARM.Collect$$libinit$$00000011  c_w.l(libinit2.o)
    0x08000202   0x00000000   Code   RO         4816    .ARM.Collect$$libinit$$00000013  c_w.l(libinit2.o)
    0x08000202   0x00000000   Code   RO         4818    .ARM.Collect$$libinit$$00000015  c_w.l(libinit2.o)
    0x08000202   0x00000000   Code   RO         4820    .ARM.Collect$$libinit$$00000017  c_w.l(libinit2.o)
    0x08000202   0x00000000   Code   RO         4822    .ARM.Collect$$libinit$$00000019  c_w.l(libinit2.o)
    0x08000202   0x00000000   Code   RO         4824    .ARM.Collect$$libinit$$0000001B  c_w.l(libinit2.o)
    0x08000202   0x00000000   Code   RO         4826    .ARM.Collect$$libinit$$0000001D  c_w.l(libinit2.o)
    0x08000202   0x00000000   Code   RO         4828    .ARM.Collect$$libinit$$0000001F  c_w.l(libinit2.o)
    0x08000202   0x00000000   Code   RO         4830    .ARM.Collect$$libinit$$00000021  c_w.l(libinit2.o)
    0x08000202   0x00000000   Code   RO         4832    .ARM.Collect$$libinit$$00000023  c_w.l(libinit2.o)
    0x08000202   0x00000000   Code   RO         4834    .ARM.Collect$$libinit$$00000025  c_w.l(libinit2.o)
    0x08000202   0x00000000   Code   RO         4838    .ARM.Collect$$libinit$$0000002C  c_w.l(libinit2.o)
    0x08000202   0x00000000   Code   RO         4840    .ARM.Collect$$libinit$$0000002E  c_w.l(libinit2.o)
    0x08000202   0x00000000   Code   RO         4842    .ARM.Collect$$libinit$$00000030  c_w.l(libinit2.o)
    0x08000202   0x00000000   Code   RO         4844    .ARM.Collect$$libinit$$00000032  c_w.l(libinit2.o)
    0x08000202   0x00000002   Code   RO         4845    .ARM.Collect$$libinit$$00000033  c_w.l(libinit2.o)
    0x08000204   0x00000002   Code   RO         4876    .ARM.Collect$$libshutdown$$00000000  c_w.l(libshutdown.o)
    0x08000206   0x00000000   Code   RO         4903    .ARM.Collect$$libshutdown$$00000003  c_w.l(libshutdown2.o)
    0x08000206   0x00000000   Code   RO         4906    .ARM.Collect$$libshutdown$$00000006  c_w.l(libshutdown2.o)
    0x08000206   0x00000000   Code   RO         4909    .ARM.Collect$$libshutdown$$00000009  c_w.l(libshutdown2.o)
    0x08000206   0x00000000   Code   RO         4911    .ARM.Collect$$libshutdown$$0000000B  c_w.l(libshutdown2.o)
    0x08000206   0x00000000   Code   RO         4914    .ARM.Collect$$libshutdown$$0000000E  c_w.l(libshutdown2.o)
    0x08000206   0x00000002   Code   RO         4915    .ARM.Collect$$libshutdown$$0000000F  c_w.l(libshutdown2.o)
    0x08000208   0x00000000   Code   RO         4752    .ARM.Collect$$rtentry$$00000000  c_w.l(__rtentry.o)
    0x08000208   0x00000000   Code   RO         4760    .ARM.Collect$$rtentry$$00000002  c_w.l(__rtentry2.o)
    0x08000208   0x00000006   Code   RO         4772    .ARM.Collect$$rtentry$$00000004  c_w.l(__rtentry4.o)
    0x0800020e   0x00000000   Code   RO         4762    .ARM.Collect$$rtentry$$00000009  c_w.l(__rtentry2.o)
    0x0800020e   0x00000004   Code   RO         4763    .ARM.Collect$$rtentry$$0000000A  c_w.l(__rtentry2.o)
    0x08000212   0x00000000   Code   RO         4765    .ARM.Collect$$rtentry$$0000000C  c_w.l(__rtentry2.o)
    0x08000212   0x00000008   Code   RO         4766    .ARM.Collect$$rtentry$$0000000D  c_w.l(__rtentry2.o)
    0x0800021a   0x00000002   Code   RO         4793    .ARM.Collect$$rtexit$$00000000  c_w.l(rtexit.o)
    0x0800021c   0x00000000   Code   RO         4849    .ARM.Collect$$rtexit$$00000002  c_w.l(rtexit2.o)
    0x0800021c   0x00000004   Code   RO         4850    .ARM.Collect$$rtexit$$00000003  c_w.l(rtexit2.o)
    0x08000220   0x00000006   Code   RO         4851    .ARM.Collect$$rtexit$$00000004  c_w.l(rtexit2.o)
    0x08000226   0x00000002   PAD
    0x08000228   0x000000be   Code   RO         4519    .emb_text           port.o
    0x080002e6   0x00000002   PAD
    0x080002e8   0x00000040   Code   RO            4    .text               startup_stm32f405xx.o
    0x08000328   0x000000ee   Code   RO         4738    .text               c_w.l(lludivv7m.o)
    0x08000416   0x0000008a   Code   RO         4740    .text               c_w.l(rt_memcpy_v6.o)
    0x080004a0   0x00000064   Code   RO         4742    .text               c_w.l(rt_memcpy_w.o)
    0x08000504   0x0000004e   Code   RO         4746    .text               c_w.l(rt_memclr_w.o)
    0x08000552   0x00000006   Code   RO         4748    .text               c_w.l(heapauxi.o)
    0x08000558   0x0000004a   Code   RO         4776    .text               c_w.l(sys_stackheap_outer.o)
    0x080005a2   0x0000000c   Code   RO         4778    .text               c_w.l(exit.o)
    0x080005ae   0x00000002   PAD
    0x080005b0   0x00000008   Code   RO         4790    .text               c_w.l(libspace.o)
    0x080005b8   0x0000000c   Code   RO         4846    .text               c_w.l(sys_exit.o)
    0x080005c4   0x00000002   Code   RO         4865    .text               c_w.l(use_no_semi.o)
    0x080005c6   0x00000000   Code   RO         4867    .text               c_w.l(indicate_semi.o)
    0x080005c6   0x00000004   Code   RO          523    i.BusFault_Handler  stm32f4xx_it.o
    0x080005ca   0x00000002   PAD
    0x080005cc   0x00000144   Code   RO          249    i.Calculate         freertos.o
    0x08000710   0x000000dc   Code   RO          250    i.Calculate2        freertos.o
    0x080007ec   0x00000010   Code   RO          524    i.DMA1_Stream0_IRQHandler  stm32f4xx_it.o
    0x080007fc   0x00000010   Code   RO          525    i.DMA1_Stream1_IRQHandler  stm32f4xx_it.o
    0x0800080c   0x00000034   Code   RO         1191    i.DMA_CalcBaseAndBitshift  stm32f4xx_hal_dma.o
    0x08000840   0x000000aa   Code   RO         1192    i.DMA_CheckFifoParam  stm32f4xx_hal_dma.o
    0x080008ea   0x0000002c   Code   RO         1193    i.DMA_SetConfig     stm32f4xx_hal_dma.o
    0x08000916   0x00000002   Code   RO          526    i.DebugMon_Handler  stm32f4xx_it.o
    0x08000918   0x00000006   Code   RO           13    i.Error_Handler     main.o
    0x0800091e   0x00000002   PAD
    0x08000920   0x000001f0   Code   RO          251    i.GimbalFunc        freertos.o
    0x08000b10   0x000000ac   Code   RO         1194    i.HAL_DMA_Abort     stm32f4xx_hal_dma.o
    0x08000bbc   0x00000028   Code   RO         1195    i.HAL_DMA_Abort_IT  stm32f4xx_hal_dma.o
    0x08000be4   0x00000240   Code   RO         1199    i.HAL_DMA_IRQHandler  stm32f4xx_hal_dma.o
    0x08000e24   0x000000ec   Code   RO         1200    i.HAL_DMA_Init      stm32f4xx_hal_dma.o
    0x08000f10   0x00000092   Code   RO         1204    i.HAL_DMA_Start_IT  stm32f4xx_hal_dma.o
    0x08000fa2   0x00000002   PAD
    0x08000fa4   0x000001f4   Code   RO         1087    i.HAL_GPIO_Init     stm32f4xx_hal_gpio.o
    0x08001198   0x0000000c   Code   RO         1091    i.HAL_GPIO_WritePin  stm32f4xx_hal_gpio.o
    0x080011a4   0x0000000c   Code   RO         1642    i.HAL_GetTick       stm32f4xx_hal.o
    0x080011b0   0x00000018   Code   RO         1648    i.HAL_IncTick       stm32f4xx_hal.o
    0x080011c8   0x0000003c   Code   RO         1649    i.HAL_Init          stm32f4xx_hal.o
    0x08001204   0x000000b4   Code   RO          648    i.HAL_InitTick      stm32f4xx_hal_timebase_tim.o
    0x080012b8   0x00000054   Code   RO          624    i.HAL_MspInit       stm32f4xx_hal_msp.o
    0x0800130c   0x00000028   Code   RO         1479    i.HAL_NVIC_EnableIRQ  stm32f4xx_hal_cortex.o
    0x08001334   0x0000007c   Code   RO         1485    i.HAL_NVIC_SetPriority  stm32f4xx_hal_cortex.o
    0x080013b0   0x00000028   Code   RO         1486    i.HAL_NVIC_SetPriorityGrouping  stm32f4xx_hal_cortex.o
    0x080013d8   0x00000184   Code   RO          688    i.HAL_RCC_ClockConfig  stm32f4xx_hal_rcc.o
    0x0800155c   0x00000044   Code   RO          692    i.HAL_RCC_GetClockConfig  stm32f4xx_hal_rcc.o
    0x080015a0   0x0000000c   Code   RO          693    i.HAL_RCC_GetHCLKFreq  stm32f4xx_hal_rcc.o
    0x080015ac   0x00000020   Code   RO          695    i.HAL_RCC_GetPCLK1Freq  stm32f4xx_hal_rcc.o
    0x080015cc   0x00000020   Code   RO          696    i.HAL_RCC_GetPCLK2Freq  stm32f4xx_hal_rcc.o
    0x080015ec   0x000000b0   Code   RO          697    i.HAL_RCC_GetSysClockFreq  stm32f4xx_hal_rcc.o
    0x0800169c   0x0000049c   Code   RO          700    i.HAL_RCC_OscConfig  stm32f4xx_hal_rcc.o
    0x08001b38   0x00000002   Code   RO         2604    i.HAL_TIMEx_BreakCallback  stm32f4xx_hal_tim_ex.o
    0x08001b3a   0x00000002   Code   RO         2605    i.HAL_TIMEx_CommutCallback  stm32f4xx_hal_tim_ex.o
    0x08001b3c   0x000000b4   Code   RO         2623    i.HAL_TIMEx_MasterConfigSynchronization  stm32f4xx_hal_tim_ex.o
    0x08001bf0   0x00000066   Code   RO         1889    i.HAL_TIM_Base_Init  stm32f4xx_hal_tim.o
    0x08001c56   0x00000002   PAD
    0x08001c58   0x00000064   Code   RO          380    i.HAL_TIM_Base_MspInit  tim.o
    0x08001cbc   0x000000a8   Code   RO         1894    i.HAL_TIM_Base_Start_IT  stm32f4xx_hal_tim.o
    0x08001d64   0x0000010c   Code   RO         1898    i.HAL_TIM_ConfigClockSource  stm32f4xx_hal_tim.o
    0x08001e70   0x000000c8   Code   RO         1910    i.HAL_TIM_Encoder_Init  stm32f4xx_hal_tim.o
    0x08001f38   0x00000280   Code   RO          382    i.HAL_TIM_Encoder_MspInit  tim.o
    0x080021b8   0x000000cc   Code   RO         1913    i.HAL_TIM_Encoder_Start  stm32f4xx_hal_tim.o
    0x08002284   0x00000002   Code   RO         1923    i.HAL_TIM_IC_CaptureCallback  stm32f4xx_hal_tim.o
    0x08002286   0x0000016c   Code   RO         1937    i.HAL_TIM_IRQHandler  stm32f4xx_hal_tim.o
    0x080023f2   0x00000002   PAD
    0x080023f4   0x000000ac   Code   RO          383    i.HAL_TIM_MspPostInit  tim.o
    0x080024a0   0x00000002   Code   RO         1940    i.HAL_TIM_OC_DelayElapsedCallback  stm32f4xx_hal_tim.o
    0x080024a2   0x00000104   Code   RO         1961    i.HAL_TIM_PWM_ConfigChannel  stm32f4xx_hal_tim.o
    0x080025a6   0x00000066   Code   RO         1964    i.HAL_TIM_PWM_Init  stm32f4xx_hal_tim.o
    0x0800260c   0x00000002   Code   RO         1966    i.HAL_TIM_PWM_MspInit  stm32f4xx_hal_tim.o
    0x0800260e   0x00000002   Code   RO         1967    i.HAL_TIM_PWM_PulseFinishedCallback  stm32f4xx_hal_tim.o
    0x08002610   0x0000010c   Code   RO         1969    i.HAL_TIM_PWM_Start  stm32f4xx_hal_tim.o
    0x0800271c   0x00000018   Code   RO           14    i.HAL_TIM_PeriodElapsedCallback  main.o
    0x08002734   0x00000002   Code   RO         1980    i.HAL_TIM_TriggerCallback  stm32f4xx_hal_tim.o
    0x08002736   0x00000002   Code   RO         2883    i.HAL_UARTEx_RxEventCallback  stm32f4xx_hal_uart.o
    0x08002738   0x0000008a   Code   RO         2895    i.HAL_UART_DMAStop  stm32f4xx_hal_uart.o
    0x080027c2   0x00000002   Code   RO         2897    i.HAL_UART_ErrorCallback  stm32f4xx_hal_uart.o
    0x080027c4   0x000002e8   Code   RO         2900    i.HAL_UART_IRQHandler  stm32f4xx_hal_uart.o
    0x08002aac   0x00000076   Code   RO         2901    i.HAL_UART_Init     stm32f4xx_hal_uart.o
    0x08002b22   0x00000002   PAD
    0x08002b24   0x000001e8   Code   RO          476    i.HAL_UART_MspInit  usart.o
    0x08002d0c   0x0000002c   Code   RO         2905    i.HAL_UART_Receive_DMA  stm32f4xx_hal_uart.o
    0x08002d38   0x00000040   Code   RO          527    i.HAL_UART_RxCpltCallback  stm32f4xx_it.o
    0x08002d78   0x00000002   Code   RO         2908    i.HAL_UART_RxHalfCpltCallback  stm32f4xx_hal_uart.o
    0x08002d7a   0x000000be   Code   RO         2909    i.HAL_UART_Transmit  stm32f4xx_hal_uart.o
    0x08002e38   0x00000002   Code   RO         2912    i.HAL_UART_TxCpltCallback  stm32f4xx_hal_uart.o
    0x08002e3a   0x00000004   Code   RO          528    i.HardFault_Handler  stm32f4xx_it.o
    0x08002e3e   0x00000002   PAD
    0x08002e40   0x00000048   Code   RO          355    i.MX_DMA_Init       dma.o
    0x08002e88   0x00000060   Code   RO          252    i.MX_FREERTOS_Init  freertos.o
    0x08002ee8   0x0000010c   Code   RO          225    i.MX_GPIO_Init      gpio.o
    0x08002ff4   0x0000006c   Code   RO          384    i.MX_TIM11_Init     tim.o
    0x08003060   0x0000007c   Code   RO          385    i.MX_TIM1_Init      tim.o
    0x080030dc   0x00000078   Code   RO          386    i.MX_TIM2_Init      tim.o
    0x08003154   0x0000007c   Code   RO          387    i.MX_TIM3_Init      tim.o
    0x080031d0   0x0000007c   Code   RO          388    i.MX_TIM4_Init      tim.o
    0x0800324c   0x000000c4   Code   RO          389    i.MX_TIM5_Init      tim.o
    0x08003310   0x0000007c   Code   RO          390    i.MX_TIM8_Init      tim.o
    0x0800338c   0x00000038   Code   RO          477    i.MX_UART5_Init     usart.o
    0x080033c4   0x0000003c   Code   RO          478    i.MX_USART3_UART_Init  usart.o
    0x08003400   0x00000020   Code   RO          253    i.Macnuam           freertos.o
    0x08003420   0x0000000a   Code   RO          254    i.Macnuam2          freertos.o
    0x0800342a   0x00000004   Code   RO          529    i.MemManage_Handler  stm32f4xx_it.o
    0x0800342e   0x00000002   PAD
    0x08003430   0x000003fc   Code   RO          255    i.MotorFunc         freertos.o
    0x0800382c   0x00000004   Code   RO          530    i.NMI_Handler       stm32f4xx_it.o
    0x08003830   0x0000009c   Code   RO         4599    i.RC_init           bsp_rc.o
    0x080038cc   0x00000020   Code   RO          256    i.Servo_SetAngle_1  freertos.o
    0x080038ec   0x00000020   Code   RO          257    i.Servo_SetAngle_2  freertos.o
    0x0800390c   0x0000000a   Code   RO          258    i.StartDefaultTask  freertos.o
    0x08003916   0x00000002   PAD
    0x08003918   0x00000034   Code   RO         4520    i.SysTick_Handler   port.o
    0x0800394c   0x000000b8   Code   RO           15    i.SystemClock_Config  main.o
    0x08003a04   0x00000014   Code   RO         3245    i.SystemInit        system_stm32f4xx.o
    0x08003a18   0x00000010   Code   RO          531    i.TIM6_DAC_IRQHandler  stm32f4xx_it.o
    0x08003a28   0x000000e8   Code   RO         1982    i.TIM_Base_SetConfig  stm32f4xx_hal_tim.o
    0x08003b10   0x00000022   Code   RO         1983    i.TIM_CCxChannelCmd  stm32f4xx_hal_tim.o
    0x08003b32   0x00000016   Code   RO         1993    i.TIM_ETR_SetConfig  stm32f4xx_hal_tim.o
    0x08003b48   0x00000012   Code   RO         1994    i.TIM_ITRx_SetConfig  stm32f4xx_hal_tim.o
    0x08003b5a   0x00000002   PAD
    0x08003b5c   0x00000070   Code   RO         1995    i.TIM_OC1_SetConfig  stm32f4xx_hal_tim.o
    0x08003bcc   0x0000007c   Code   RO         1996    i.TIM_OC2_SetConfig  stm32f4xx_hal_tim.o
    0x08003c48   0x00000078   Code   RO         1997    i.TIM_OC3_SetConfig  stm32f4xx_hal_tim.o
    0x08003cc0   0x00000054   Code   RO         1998    i.TIM_OC4_SetConfig  stm32f4xx_hal_tim.o
    0x08003d14   0x00000026   Code   RO         2000    i.TIM_TI1_ConfigInputStage  stm32f4xx_hal_tim.o
    0x08003d3a   0x00000028   Code   RO         2002    i.TIM_TI2_ConfigInputStage  stm32f4xx_hal_tim.o
    0x08003d62   0x00000002   PAD
    0x08003d64   0x0000004c   Code   RO          532    i.UART5_IRQHandler  stm32f4xx_it.o
    0x08003db0   0x0000002c   Code   RO          533    i.UART5_IdleCallback  stm32f4xx_it.o
    0x08003ddc   0x00000014   Code   RO         2914    i.UART_DMAAbortOnError  stm32f4xx_hal_uart.o
    0x08003df0   0x00000050   Code   RO         2915    i.UART_DMAError     stm32f4xx_hal_uart.o
    0x08003e40   0x000000b4   Code   RO         2916    i.UART_DMAReceiveCplt  stm32f4xx_hal_uart.o
    0x08003ef4   0x00000024   Code   RO         2918    i.UART_DMARxHalfCplt  stm32f4xx_hal_uart.o
    0x08003f18   0x0000006c   Code   RO         2924    i.UART_EndRxTransfer  stm32f4xx_hal_uart.o
    0x08003f84   0x00000020   Code   RO         2925    i.UART_EndTransmit_IT  stm32f4xx_hal_uart.o
    0x08003fa4   0x00000026   Code   RO         2926    i.UART_EndTxTransfer  stm32f4xx_hal_uart.o
    0x08003fca   0x000000fc   Code   RO         2927    i.UART_Receive_IT   stm32f4xx_hal_uart.o
    0x080040c6   0x00000002   PAD
    0x080040c8   0x0000022c   Code   RO         2928    i.UART_SetConfig    stm32f4xx_hal_uart.o
    0x080042f4   0x000000c8   Code   RO         2929    i.UART_Start_Receive_DMA  stm32f4xx_hal_uart.o
    0x080043bc   0x00000060   Code   RO         2931    i.UART_Transmit_IT  stm32f4xx_hal_uart.o
    0x0800441c   0x0000008c   Code   RO         2932    i.UART_WaitOnFlagUntilTimeout  stm32f4xx_hal_uart.o
    0x080044a8   0x00000124   Code   RO         4690    i.USART3_IRQHandler  remote_control.o
    0x080045cc   0x00000004   Code   RO          534    i.UsageFault_Handler  stm32f4xx_it.o
    0x080045d0   0x00000010   Code   RO         1492    i.__NVIC_GetPriorityGrouping  stm32f4xx_hal_cortex.o
    0x080045e0   0x00000028   Code   RO         1493    i.__NVIC_SetPriority  stm32f4xx_hal_cortex.o
    0x08004608   0x00000008   Code   RO         4691    i.get_remote_control_point  remote_control.o
    0x08004610   0x000000d4   Code   RO           16    i.main              main.o
    0x080046e4   0x0000000e   Code   RO         4085    i.makeFreeRtosPriority  cmsis_os.o
    0x080046f2   0x00000018   Code   RO         4087    i.osDelay           cmsis_os.o
    0x0800470a   0x0000000a   Code   RO         4090    i.osKernelStart     cmsis_os.o
    0x08004714   0x0000005e   Code   RO         4124    i.osThreadCreate    cmsis_os.o
    0x08004772   0x00000002   PAD
    0x08004774   0x00000098   Code   RO         3756    i.prvAddCurrentTaskToDelayedList  tasks.o
    0x0800480c   0x000000b4   Code   RO         3757    i.prvAddNewTaskToReadyList  tasks.o
    0x080048c0   0x00000048   Code   RO         3758    i.prvCheckTasksWaitingTermination  tasks.o
    0x08004908   0x00000050   Code   RO         3759    i.prvDeleteTCB      tasks.o
    0x08004958   0x0000007c   Code   RO         4452    i.prvHeapInit       heap_4.o
    0x080049d4   0x00000028   Code   RO         3760    i.prvIdleTask       tasks.o
    0x080049fc   0x000000b4   Code   RO         3761    i.prvInitialiseNewTask  tasks.o
    0x08004ab0   0x00000068   Code   RO         3762    i.prvInitialiseTaskLists  tasks.o
    0x08004b18   0x00000068   Code   RO         4453    i.prvInsertBlockIntoFreeList  heap_4.o
    0x08004b80   0x00000034   Code   RO         3763    i.prvResetNextTaskUnblockTime  tasks.o
    0x08004bb4   0x00000040   Code   RO         4521    i.prvTaskExitError  port.o
    0x08004bf4   0x0000014c   Code   RO         4454    i.pvPortMalloc      heap_4.o
    0x08004d40   0x0000002c   Code   RO         4522    i.pxPortInitialiseStack  port.o
    0x08004d6c   0x00000014   Code   RO         4692    i.remote_control_init  remote_control.o
    0x08004d80   0x000000da   Code   RO         4693    i.sbus_to_rc        remote_control.o
    0x08004e5a   0x00000028   Code   RO         3382    i.uxListRemove      list.o
    0x08004e82   0x00000002   PAD
    0x08004e84   0x00000018   Code   RO          259    i.vApplicationGetIdleTaskMemory  freertos.o
    0x08004e9c   0x0000001a   Code   RO         3383    i.vListInitialise   list.o
    0x08004eb6   0x00000006   Code   RO         3384    i.vListInitialiseItem  list.o
    0x08004ebc   0x00000034   Code   RO         3385    i.vListInsert       list.o
    0x08004ef0   0x00000018   Code   RO         3386    i.vListInsertEnd    list.o
    0x08004f08   0x00000054   Code   RO         4524    i.vPortEnterCritical  port.o
    0x08004f5c   0x0000003c   Code   RO         4525    i.vPortExitCritical  port.o
    0x08004f98   0x000000a4   Code   RO         4455    i.vPortFree         heap_4.o
    0x0800503c   0x00000028   Code   RO         4526    i.vPortSetupTimerInterrupt  port.o
    0x08005064   0x0000005c   Code   RO         3772    i.vTaskDelay        tasks.o
    0x080050c0   0x000000b0   Code   RO         3785    i.vTaskStartScheduler  tasks.o
    0x08005170   0x00000010   Code   RO         3787    i.vTaskSuspendAll   tasks.o
    0x08005180   0x0000008c   Code   RO         3788    i.vTaskSwitchContext  tasks.o
    0x0800520c   0x00000168   Code   RO         4528    i.xPortStartScheduler  port.o
    0x08005374   0x00000064   Code   RO         3791    i.xTaskCreate       tasks.o
    0x080053d8   0x000000ba   Code   RO         3792    i.xTaskCreateStatic  tasks.o
    0x08005492   0x00000002   PAD
    0x08005494   0x00000148   Code   RO         3799    i.xTaskIncrementTick  tasks.o
    0x080055dc   0x00000104   Code   RO         3805    i.xTaskResumeAll    tasks.o
    0x080056e0   0x0000000a   Code   RO         4861    x$fpl$fpinit        fz_wm.l(fpinit.o)
    0x080056ea   0x00000002   PAD
    0x080056ec   0x00000054   Data   RO          261    .constdata          freertos.o
    0x08005740   0x00000008   Data   RO         1206    .constdata          stm32f4xx_hal_dma.o
    0x08005748   0x00000018   Data   RO         3246    .constdata          system_stm32f4xx.o
    0x08005760   0x0000001a   Data   RO          262    .conststring        freertos.o
    0x0800577a   0x00000002   PAD
    0x0800577c   0x00000020   Data   RO         4916    Region$$Table       anon$$obj.o


    Execution Region RW_IRAM1 (Base: 0x20000000, Size: 0x00004cb8, Max: 0x0001c000, ABSOLUTE)

    Base Addr    Size         Type   Attr      Idx    E Section Name        Object

    0x20000000   0x00000004   Data   RW           17    .data               main.o
    0x20000004   0x00000028   Data   RW          263    .data               freertos.o
    0x2000002c   0x00000009   Data   RW         1656    .data               stm32f4xx_hal.o
    0x20000035   0x00000003   PAD
    0x20000038   0x00000004   Data   RW         3247    .data               system_stm32f4xx.o
    0x2000003c   0x0000003c   Data   RW         3808    .data               tasks.o
    0x20000078   0x00000020   Data   RW         4461    .data               heap_4.o
    0x20000098   0x0000000c   Data   RW         4529    .data               port.o
    0x200000a4   0x00000002   Data   RW         4695    .data               remote_control.o
    0x200000a6   0x00000002   PAD
    0x200000a8   0x000004ac   Zero   RW          260    .bss                freertos.o
    0x20000554   0x000001f8   Zero   RW          391    .bss                tim.o
    0x2000074c   0x00000150   Zero   RW          479    .bss                usart.o
    0x2000089c   0x00000048   Zero   RW          651    .bss                stm32f4xx_hal_timebase_tim.o
    0x200008e4   0x000000f0   Zero   RW         3807    .bss                tasks.o
    0x200009d4   0x00003c00   Zero   RW         4460    .bss                heap_4.o
    0x200045d4   0x00000080   Zero   RW         4694    .bss                remote_control.o
    0x20004654   0x00000060   Zero   RW         4791    .bss                c_w.l(libspace.o)
    0x200046b4   0x00000004   PAD
    0x200046b8   0x00000200   Zero   RW            2    HEAP                startup_stm32f405xx.o
    0x200048b8   0x00000400   Zero   RW            1    STACK               startup_stm32f405xx.o


    Execution Region RW_IRAM2 (Base: 0x2001c000, Size: 0x00000000, Max: 0x00004000, ABSOLUTE)

    **** No section assigned to this execution region ****


==============================================================================

Image component sizes


      Code (inc. data)   RO Data    RW Data    ZI Data      Debug   Object Name

       156         14          0          0          0     538194   bsp_rc.o
       142          0          0          0          0      22983   cmsis_os.o
        72          4          0          0          0        770   dma.o
         0          0          0          0          0      16928   event_groups.o
      2296        138        110         40       1196       8734   freertos.o
       268         14          0          0          0       1039   gpio.o
       724         74          0         32      15360       7391   heap_4.o
       148          0          0          0          0       3550   list.o
       426         44          0          4          0     678733   main.o
       894         78          0         12          0      11132   port.o
       538         36          0          2        128       4620   remote_control.o
        64         26        392          0       1536        844   startup_stm32f405xx.o
        96         20          0          9          0       8070   stm32f4xx_hal.o
       260         22          0          0          0      33522   stm32f4xx_hal_cortex.o
      1436         16          8          0          0       6894   stm32f4xx_hal_dma.o
       512         46          0          0          0       2088   stm32f4xx_hal_gpio.o
        84          6          0          0          0        858   stm32f4xx_hal_msp.o
      1888         94          0          0          0       6213   stm32f4xx_hal_rcc.o
      2770        142          0          0          0      18343   stm32f4xx_hal_tim.o
       184         30          0          0          0       2493   stm32f4xx_hal_tim_ex.o
       180         20          0          0         72       1451   stm32f4xx_hal_timebase_tim.o
      2980         28          0          0          0      16591   stm32f4xx_hal_uart.o
       254         58          0          0          0       6677   stm32f4xx_it.o
         0          0          0          0          0        420   stream_buffer.o
        20          6         24          4          0       1127   system_stm32f4xx.o
      2158        270          0         60        240      20221   tasks.o
      1832        124          0          0        504       7646   tim.o
       604         60          0          0        336       2598   usart.o

    ----------------------------------------------------------------------
     21018       1370        568        168      19372    1430130   Object Totals
         0          0         32          0          0          0   (incl. Generated)
        32          0          2          5          0          0   (incl. Padding)

    ----------------------------------------------------------------------

      Code (inc. data)   RO Data    RW Data    ZI Data      Debug   Library Member Name

         8          0          0          0          0         68   __main.o
         0          0          0          0          0          0   __rtentry.o
        12          0          0          0          0          0   __rtentry2.o
         6          0          0          0          0          0   __rtentry4.o
        52          8          0          0          0          0   __scatter.o
        26          0          0          0          0          0   __scatter_copy.o
        28          0          0          0          0          0   __scatter_zi.o
        12          0          0          0          0         72   exit.o
         6          0          0          0          0        152   heapauxi.o
         0          0          0          0          0          0   indicate_semi.o
         2          0          0          0          0          0   libinit.o
         6          0          0          0          0          0   libinit2.o
         2          0          0          0          0          0   libshutdown.o
         2          0          0          0          0          0   libshutdown2.o
         8          4          0          0         96         68   libspace.o
       238          0          0          0          0        100   lludivv7m.o
        78          0          0          0          0         80   rt_memclr_w.o
       138          0          0          0          0         68   rt_memcpy_v6.o
       100          0          0          0          0         80   rt_memcpy_w.o
         2          0          0          0          0          0   rtexit.o
        10          0          0          0          0          0   rtexit2.o
        12          4          0          0          0         68   sys_exit.o
        74          0          0          0          0         80   sys_stackheap_outer.o
         2          0          0          0          0         68   use_no_semi.o
        10          0          0          0          0        116   fpinit.o

    ----------------------------------------------------------------------
       842         16          0          0        100       1020   Library Totals
         8          0          0          0          4          0   (incl. Padding)

    ----------------------------------------------------------------------

      Code (inc. data)   RO Data    RW Data    ZI Data      Debug   Library Name

       824         16          0          0         96        904   c_w.l
        10          0          0          0          0        116   fz_wm.l

    ----------------------------------------------------------------------
       842         16          0          0        100       1020   Library Totals

    ----------------------------------------------------------------------

==============================================================================


      Code (inc. data)   RO Data    RW Data    ZI Data      Debug   

     21860       1386        568        168      19472    1415386   Grand Totals
     21860       1386        568        168      19472    1415386   ELF Image Totals
     21860       1386        568        168          0          0   ROM Totals

==============================================================================

    Total RO  Size (Code + RO Data)                22428 (  21.90kB)
    Total RW  Size (RW Data + ZI Data)             19640 (  19.18kB)
    Total ROM Size (Code + RO Data + RW Data)      22596 (  22.07kB)

==============================================================================

